******************************************************************************
                  TI ARM Linker Unix v18.1.4                   
******************************************************************************
>> Linked Wed Apr  1 11:01:47 2020

OUTPUT FILE NAME:   <ePaperDriver.out>
ENTRY POINT SYMBOL: "_c_int00_noargs"  address: 00007025


MEMORY CONFIGURATION

         name            origin    length      used     unused   attr    fill
----------------------  --------  ---------  --------  --------  ----  --------
  MAIN                  00000000   00040000  00007ee8  00038118  R  X
  INFO                  00200000   00004000  00000000  00004000  R  X
  SRAM_CODE             01000000   00010000  00001976  0000e68a  RW X
  SRAM_DATA             20000000   00010000  00001976  0000e68a  RW  


SEGMENT ALLOCATION MAP

run origin  load origin   length   init length attrs members
----------  ----------- ---------- ----------- ----- -------
00000000    00000000    00007ef0   00007ef0    r-x
  00000000    00000000    000000e4   000000e4    r-- .intvecs
  000000e4    000000e4    00007360   00007360    r-x .text
  00007448    00007448    00000a54   00000a54    r-- .const
  00007ea0    00007ea0    00000050   00000050    r-- .cinit
20000000    20000000    00001779   00000000    rw-
  20000000    20000000    00001345   00000000    rw- .bss
  20001348    20001348    00000400   00000000    rw- .sysmem
  20001748    20001748    00000031   00000000    rw- .data
2000fe00    2000fe00    00000200   00000000    rw-
  2000fe00    2000fe00    00000200   00000000    rw- .stack


SECTION ALLOCATION MAP

 output                                  attributes/
section   page    origin      length       input sections
--------  ----  ----------  ----------   ----------------
.intvecs   0    00000000    000000e4     
                  00000000    000000e4     startup_msp432p401r_ccs.obj (.intvecs:retain)

.text      0    000000e4    00007360     
                  000000e4    00002ac0     cJSON.obj (.text)
                  00002ba4    00000af0     rtsv7M4_T_le_v4SPD16_eabi.lib : _scanfi.c.obj (.text:__TI_scanfi)
                  00003694    00000a5e                                   : _printfi.c.obj (.text:__TI_printfi)
                  000040f2    00000002                                   : _lock.c.obj (.text:_nop)
                  000040f4    00000460                                   : strtod.c.obj (.text:strtod)
                  00004554    00000334     system_msp432p401r.obj (.text)
                  00004888    00000330     ePaper.obj (.text)
                  00004bb8    00000278     labelEngine.obj (.text)
                  00004e30    00000270     rtsv7M4_T_le_v4SPD16_eabi.lib : _printfi.c.obj (.text:_pconv_a)
                  000050a0    00000244     graphics.obj (.text)
                  000052e4    000001dc     rtsv7M4_T_le_v4SPD16_eabi.lib : strtoll.c.obj (.text:strtoll)
                  000054c0    000001d0                                   : _printfi.c.obj (.text:_pconv_g)
                  00005690    000001b6                                   : fd_add_t2.asm.obj (.text)
                  00005846    00000002                                   : div0.asm.obj (.text)
                  00005848    0000015c                                   : strtoull.c.obj (.text:strtoull)
                  000059a4    0000013c                                   : _printfi.c.obj (.text:_pconv_e)
                  00005ae0    00000136                                   : fd_div_t2.asm.obj (.text)
                  00005c16    00000002     --HOLE-- [fill = 0]
                  00005c18    00000130                                   : strtol.c.obj (.text:strtol)
                  00005d48    0000012a     main.obj (.text)
                  00005e72    00000002     --HOLE-- [fill = 0]
                  00005e74    00000124     rtsv7M4_T_le_v4SPD16_eabi.lib : _printfi.c.obj (.text:fcvt)
                  00005f98    00000114                                   : memory.c.obj (.text:realloc)
                  000060ac    00000110                                   : s_scalbn.c.obj (.text:scalbn)
                  000061bc    00000110                                   : strtoul.c.obj (.text:strtoul)
                  000062cc    000000fc                                   : fd_mul_t2.asm.obj (.text)
                  000063c8    000000d8                                   : memory.c.obj (.text:free)
                  000064a0    000000b1                                   : _printfi.c.obj (.text:_ltostr)
                  00006551    00000001     --HOLE-- [fill = 0]
                  00006552    000000b0     msp432p4xx_driverlib.lib : spi.o (.text:SPI_initMaster)
                  00006602    0000009c     rtsv7M4_T_le_v4SPD16_eabi.lib : memcpy_t2.asm.obj (.text)
                  0000669e    00000096                                   : ull_div_t2.asm.obj (.text)
                  00006734    00000094     SPIinit.obj (.text)
                  000067c8    00000088     msp432p4xx_driverlib.lib : gpio.o (.text:GPIO_setAsPeripheralModuleFunctionInputPin)
                  00006850    00000086     rtsv7M4_T_le_v4SPD16_eabi.lib : fd_cmp_t2.asm.obj (.text:__aeabi_cdcmple)
                  000068d6    00000086                                   : fd_cmp_t2.asm.obj (.text:__aeabi_cdrcmple)
                  0000695c    0000007a                                   : memset_t2.asm.obj (.text)
                  000069d6    00000002     --HOLE-- [fill = 0]
                  000069d8    00000078                                   : memory.c.obj (.text:malloc)
                  00006a50    0000006e                                   : _printfi.c.obj (.text:_mcpy)
                  00006abe    0000006e                                   : fd_tos_t2.asm.obj (.text)
                  00006b2c    00000068     GPIOInit.obj (.text)
                  00006b94    00000068     rtsv7M4_T_le_v4SPD16_eabi.lib : sscanf.c.obj (.text:_chkmbc)
                  00006bfc    00000068                                   : copy_decompress_lzss.c.obj (.text:decompress:lzss:__TI_decompress_lzss)
                  00006c64    00000064                                   : s_frexp.c.obj (.text:frexp)
                  00006cc8    00000056                                   : _printfi.c.obj (.text:_pconv_f)
                  00006d1e    00000054                                   : ltoa.c.obj (.text:ltoa)
                  00006d72    00000052                                   : _printfi.c.obj (.text:_ecpy)
                  00006dc4    0000004c     msp432p4xx_driverlib.lib : gpio.o (.text:GPIO_setAsInputPin)
                  00006e10    0000004c     rtsv7M4_T_le_v4SPD16_eabi.lib : atoi.c.obj (.text:atoi)
                  00006e5c    00000048                                   : fd_toi_t2.asm.obj (.text)
                  00006ea4    00000044                                   : autoinit.c.obj (.text:__TI_auto_init_nobinit_nopinit:__TI_auto_init_nobinit_nopinit)
                  00006ee8    00000040     msp432p4xx_driverlib.lib : gpio.o (.text:GPIO_setAsOutputPin)
                  00006f28    00000040                              : spi.o (.text:is_A_Module)
                  00006f68    00000040     rtsv7M4_T_le_v4SPD16_eabi.lib : sprintf.c.obj (.text:sprintf)
                  00006fa8    0000003e                                   : _printfi.c.obj (.text:_fcpy)
                  00006fe6    00000002     --HOLE-- [fill = 0]
                  00006fe8    0000003c                                   : memory.c.obj (.text:minsert)
                  00007024    00000038                                   : boot_cortex_m.c.obj (.text:_c_int00_noargs:_c_int00_noargs)
                  0000705c    00000038                                   : memory.c.obj (.text:minit)
                  00007094    00000038                                   : fs_tod_t2.asm.obj (.text)
                  000070cc    00000038                                   : sscanf.c.obj (.text:sscanf)
                  00007104    00000030     msp432p4xx_driverlib.lib : gpio.o (.text:GPIO_getInputPinValue)
                  00007134    0000002e     rtsv7M4_T_le_v4SPD16_eabi.lib : i_tofd_t2.asm.obj (.text)
                  00007162    0000002c                                   : strncmp.c.obj (.text:strncmp)
                  0000718e    00000002     --HOLE-- [fill = 0]
                  00007190    00000028     msp432p4xx_driverlib.lib : gpio.o (.text:GPIO_setOutputHighOnPin)
                  000071b8    00000028                              : gpio.o (.text:GPIO_setOutputLowOnPin)
                  000071e0    00000028                              : pcm.o (.text:PCM_gotoLPM0)
                  00007208    00000028     rtsv7M4_T_le_v4SPD16_eabi.lib : memory.c.obj (.text:mremove)
                  00007230    00000026     msp432p4xx_driverlib.lib : spi.o (.text:SPI_transmitData)
                  00007256    00000002     --HOLE-- [fill = 0]
                  00007258    00000024                              : wdt_a.o (.text:WDT_A_holdTimer)
                  0000727c    0000001c                              : spi.o (.text:SPI_enableModule)
                  00007298    0000001c     rtsv7M4_T_le_v4SPD16_eabi.lib : memccpy.c.obj (.text:memccpy)
                  000072b4    00000018                                   : sprintf.c.obj (.text:_outs)
                  000072cc    00000018                                   : ll_mul_t2.asm.obj (.text)
                  000072e4    00000018                                   : strcmp.c.obj (.text:strcmp)
                  000072fc    00000018                                   : strrchr.c.obj (.text:strrchr)
                  00007314    00000016     msp432p4xx_driverlib.lib : spi.o (.text:EUSCI_A_SPI_enable)
                  0000732a    00000016                              : spi.o (.text:EUSCI_A_SPI_transmitData)
                  00007340    00000016                              : spi.o (.text:EUSCI_B_SPI_enable)
                  00007356    00000016                              : spi.o (.text:EUSCI_B_SPI_transmitData)
                  0000736c    00000016     rtsv7M4_T_le_v4SPD16_eabi.lib : strchr.c.obj (.text:strchr)
                  00007382    00000014                                   : s_copysign.c.obj (.text:copysign)
                  00007396    00000014                                   : strcpy.c.obj (.text:strcpy)
                  000073aa    00000014                                   : strlen.c.obj (.text:strlen)
                  000073be    00000012                                   : sscanf.c.obj (.text:_inpchar)
                  000073d0    00000012                                   : wcslen.c.obj (.text:wcslen)
                  000073e2    00000002     --HOLE-- [fill = 0]
                  000073e4    00000010                                   : tolower.c.obj (.text:tolower)
                  000073f4    0000000e                                   : copy_decompress_none.c.obj (.text:decompress:none:__TI_decompress_none)
                  00007402    0000000e     startup_msp432p401r_ccs.obj (.text)
                  00007410    0000000c     rtsv7M4_T_le_v4SPD16_eabi.lib : copy_zero_init.c.obj (.text:decompress:ZI:__TI_zero_init)
                  0000741c    0000000a                                   : sprintf.c.obj (.text:_outc)
                  00007426    00000002     --HOLE-- [fill = 0]
                  00007428    00000008                                   : errno.c.obj (.text:__aeabi_errno_addr)
                  00007430    00000008                                   : sscanf.c.obj (.text:_uninpchar)
                  00007438    00000004     msp432p4xx_driverlib.lib : cpu.o (.text:CPU_wfi)
                  0000743c    00000004     rtsv7M4_T_le_v4SPD16_eabi.lib : pre_init.c.obj (.text:_system_pre_init)
                  00007440    00000004                                   : exit.c.obj (.text:abort:abort)

.const     0    00007448    00000a54     
                  00007448    00000638     resources.obj (.const:.string:ubuntu_bold_16_payload)
                  00007a80    0000017c     resources.obj (.const:FONT_GLYPHS_ubuntu_bold_16)
                  00007bfc    00000101     rtsv7M4_T_le_v4SPD16_eabi.lib : ctype.c.obj (.const:.string:_ctypes_)
                  00007cfd    00000003     --HOLE-- [fill = 0]
                  00007d00    000000c8                                   : strtod.c.obj (.const:$O1$$)
                  00007dc8    00000030     msp432p4xx_driverlib.lib : gpio.o (.const:GPIO_PORT_TO_BASE)
                  00007df8    00000024     cJSON.obj (.const:$P$T1$4)
                  00007e1c    00000024     cJSON.obj (.const:$P$T2$5)
                  00007e40    0000001c     cJSON.obj (.const:$P$T0$2)
                  00007e5c    0000001c     SPIinit.obj (.const:spiMasterConfig)
                  00007e78    00000010     rtsv7M4_T_le_v4SPD16_eabi.lib : _scanfi.c.obj (.const:$O1$$)
                  00007e88    0000000c     resources.obj (.const:FONT_ubuntu_bold_16)
                  00007e94    00000008     resources.obj (.const:BITMAP_ubuntu_bold_16)

.cinit     0    00007ea0    00000050     
                  00007ea0    0000002b     (.cinit..data.load) [load image, compression = lzss]
                  00007ecb    00000001     --HOLE-- [fill = 0]
                  00007ecc    0000000c     (__TI_handler_table)
                  00007ed8    00000008     (.cinit..bss.load) [load image, compression = zero_init]
                  00007ee0    00000010     (__TI_cinit_table)

.init_array 
*          0    00000000    00000000     UNINITIALIZED

.binit     0    00000000    00000000     

.bss       0    20000000    00001345     UNINITIALIZED
                  20000000    00001280     (.common:GLOBAL_framebuffer)
                  20001280    000000b5     (.common:resultLabel)
                  20001335    00000010     cJSON.obj (.bss:version$1)

.sysmem    0    20001348    00000400     UNINITIALIZED
                  20001348    00000008     rtsv7M4_T_le_v4SPD16_eabi.lib : memory.c.obj (.sysmem)
                  20001350    000003f8     --HOLE--

.data      0    20001748    00000031     UNINITIALIZED
                  20001748    0000000c     rtsv7M4_T_le_v4SPD16_eabi.lib : memory.c.obj (.data:$O1$$)
                  20001754    0000000c     cJSON.obj (.data:global_hooks)
                  20001760    00000008     rtsv7M4_T_le_v4SPD16_eabi.lib : _lock.c.obj (.data:$O1$$)
                  20001768    00000008     cJSON.obj (.data:global_error)
                  20001770    00000004     rtsv7M4_T_le_v4SPD16_eabi.lib : errno.c.obj (.data)
                  20001774    00000004     system_msp432p401r.obj (.data)
                  20001778    00000001     GPIOInit.obj (.data)

.stack     0    2000fe00    00000200     UNINITIALIZED
                  2000fe00    00000004     rtsv7M4_T_le_v4SPD16_eabi.lib : boot_cortex_m.c.obj (.stack)
                  2000fe04    000001fc     --HOLE--

MODULE SUMMARY

       Module                        code    ro data   rw data
       ------                        ----    -------   -------
    ./
       system_msp432p401r.obj        820     0         8      
       main.obj                      298     0         0      
       startup_msp432p401r_ccs.obj   14      228       0      
    +--+-----------------------------+-------+---------+---------+
       Total:                        1132    228       8      
                                                              
    ./Driver/
       ePaper.obj                    816     0         9472   
       SPIinit.obj                   148     28        0      
       GPIOInit.obj                  104     0         2      
    +--+-----------------------------+-------+---------+---------+
       Total:                        1068    28        9474   
                                                              
    ./LabelEngine/
       labelEngine.obj               632     0         362    
    +--+-----------------------------+-------+---------+---------+
       Total:                        632     0         362    
                                                              
    ./cJSON/
       cJSON.obj                     10944   100       72     
    +--+-----------------------------+-------+---------+---------+
       Total:                        10944   100       72     
                                                              
    ./fonts/
       resources.obj                 0       1992      0      
    +--+-----------------------------+-------+---------+---------+
       Total:                        0       1992      0      
                                                              
    ./grx/
       graphics.obj                  580     0         0      
    +--+-----------------------------+-------+---------+---------+
       Total:                        580     0         0      
                                                              
    /home/andres/ti/ccsv8/tools/compiler/ti-cgt-arm_18.1.4.LTS/lib/rtsv7M4_T_le_v4SPD16_eabi.lib
       _printfi.c.obj                4867    0         0      
       _scanfi.c.obj                 2800    16        0      
       strtod.c.obj                  1120    200       0      
       memory.c.obj                  768     0         24     
       strtoll.c.obj                 476     0         0      
       fd_add_t2.asm.obj             438     0         0      
       strtoull.c.obj                348     0         0      
       fd_div_t2.asm.obj             310     0         0      
       strtol.c.obj                  304     0         0      
       s_scalbn.c.obj                272     0         0      
       strtoul.c.obj                 272     0         0      
       fd_cmp_t2.asm.obj             268     0         0      
       ctype.c.obj                   0       257       0      
       fd_mul_t2.asm.obj             252     0         0      
       sscanf.c.obj                  186     0         0      
       memcpy_t2.asm.obj             156     0         0      
       ull_div_t2.asm.obj            150     0         0      
       memset_t2.asm.obj             122     0         0      
       fd_tos_t2.asm.obj             110     0         0      
       copy_decompress_lzss.c.obj    104     0         0      
       s_frexp.c.obj                 100     0         0      
       sprintf.c.obj                 98      0         0      
       ltoa.c.obj                    84      0         0      
       atoi.c.obj                    76      0         0      
       fd_toi_t2.asm.obj             72      0         0      
       autoinit.c.obj                68      0         0      
       boot_cortex_m.c.obj           56      0         0      
       fs_tod_t2.asm.obj             56      0         0      
       i_tofd_t2.asm.obj             46      0         0      
       strncmp.c.obj                 44      0         0      
       memccpy.c.obj                 28      0         0      
       ll_mul_t2.asm.obj             24      0         0      
       strcmp.c.obj                  24      0         0      
       strrchr.c.obj                 24      0         0      
       strchr.c.obj                  22      0         0      
       s_copysign.c.obj              20      0         0      
       strcpy.c.obj                  20      0         0      
       strlen.c.obj                  20      0         0      
       _lock.c.obj                   2       0         16     
       wcslen.c.obj                  18      0         0      
       errno.c.obj                   8       0         8      
       tolower.c.obj                 16      0         0      
       copy_decompress_none.c.obj    14      0         0      
       copy_zero_init.c.obj          12      0         0      
       exit.c.obj                    4       0         0      
       pre_init.c.obj                4       0         0      
       div0.asm.obj                  2       0         0      
    +--+-----------------------------+-------+---------+---------+
       Total:                        14285   473       48     
                                                              
    /home/andres/ti/simplelink_msp432p4_sdk_3_40_01_02/source/ti/devices/msp432p4xx/driverlib/ccs/msp432p4xx_driverlib.lib
       gpio.o                        404     48        0      
       spi.o                         394     0         0      
       pcm.o                         40      0         0      
       wdt_a.o                       36      0         0      
       cpu.o                         4       0         0      
    +--+-----------------------------+-------+---------+---------+
       Total:                        878     48        0      
                                                              
       Heap:                         0       0         2048   
       Stack:                        0       0         1024   
       Linker Generated:             0       79        0      
    +--+-----------------------------+-------+---------+---------+
       Grand Total:                  29519   2948      13036  


LINKER GENERATED COPY TABLES

__TI_cinit_table @ 00007ee0 records: 2, size/record: 8, table size: 16
	.data: load addr=00007ea0, load size=0000002b bytes, run addr=20001748, run size=00000031 bytes, compression=lzss
	.bss: load addr=00007ed8, load size=00000008 bytes, run addr=20000000, run size=00001345 bytes, compression=zero_init


LINKER GENERATED HANDLER TABLE

__TI_handler_table @ 00007ecc records: 3, size/record: 4, table size: 12
	index: 0, handler: __TI_decompress_lzss
	index: 1, handler: __TI_decompress_none
	index: 2, handler: __TI_zero_init


GLOBAL SYMBOLS: SORTED ALPHABETICALLY BY Name 

address   name                                      
-------   ----                                      
0000740f  ADC14_IRQHandler                          
0000740f  AES256_IRQHandler                         
00007e94  BITMAP_ubuntu_bold_16                     
0000740f  BusFault_Handler                          
00007441  C$$EXIT                                   
0000740f  COMP_E0_IRQHandler                        
0000740f  COMP_E1_IRQHandler                        
00007439  CPU_wfi                                   
0000740f  CS_IRQHandler                             
0000740f  DMA_ERR_IRQHandler                        
0000740f  DMA_INT0_IRQHandler                       
0000740f  DMA_INT1_IRQHandler                       
0000740f  DMA_INT2_IRQHandler                       
0000740f  DMA_INT3_IRQHandler                       
0000740f  DebugMon_Handler                          
0000740f  Default_Handler                           
0000740f  EUSCIA0_IRQHandler                        
0000740f  EUSCIA1_IRQHandler                        
0000740f  EUSCIA2_IRQHandler                        
0000740f  EUSCIA3_IRQHandler                        
0000740f  EUSCIB0_IRQHandler                        
0000740f  EUSCIB1_IRQHandler                        
0000740f  EUSCIB2_IRQHandler                        
0000740f  EUSCIB3_IRQHandler                        
00007315  EUSCI_A_SPI_enable                        
0000732b  EUSCI_A_SPI_transmitData                  
00007341  EUSCI_B_SPI_enable                        
00007357  EUSCI_B_SPI_transmitData                  
0000740f  FLCTL_IRQHandler                          
00007e88  FONT_ubuntu_bold_16                       
0000740f  FPU_IRQHandler                            
20000000  GLOBAL_framebuffer                        
00006b2d  GPIO_Init                                 
00007105  GPIO_getInputPinValue                     
00006dc5  GPIO_setAsInputPin                        
00006ee9  GPIO_setAsOutputPin                       
000067c9  GPIO_setAsPeripheralModuleFunctionInputPin
00007191  GPIO_setOutputHighOnPin                   
000071b9  GPIO_setOutputLowOnPin                    
0000740f  HardFault_Handler                         
0000740f  MemManage_Handler                         
0000740f  NMI_Handler                               
0000740f  PCM_IRQHandler                            
000071e1  PCM_gotoLPM0                              
0000740f  PORT1_IRQHandler                          
0000740f  PORT2_IRQHandler                          
0000740f  PORT3_IRQHandler                          
0000740f  PORT4_IRQHandler                          
0000740f  PORT5_IRQHandler                          
0000740f  PORT6_IRQHandler                          
0000740f  PSS_IRQHandler                            
0000740f  PendSV_Handler                            
0000740f  RTC_C_IRQHandler                          
00007403  Reset_Handler                             
00006735  SPI_Init                                  
0000727d  SPI_enableModule                          
00006553  SPI_initMaster                            
000067a3  SPI_transmit                              
00007231  SPI_transmitData                          
0000740f  SVC_Handler                               
0000740f  SysTick_Handler                           
20001774  SystemCoreClock                           
00004555  SystemCoreClockUpdate                     
000047cd  SystemInit                                
0000740f  T32_INT1_IRQHandler                       
0000740f  T32_INT2_IRQHandler                       
0000740f  T32_INTC_IRQHandler                       
0000740f  TA0_0_IRQHandler                          
0000740f  TA0_N_IRQHandler                          
0000740f  TA1_0_IRQHandler                          
0000740f  TA1_N_IRQHandler                          
0000740f  TA2_0_IRQHandler                          
0000740f  TA2_N_IRQHandler                          
0000740f  TA3_0_IRQHandler                          
0000740f  TA3_N_IRQHandler                          
0000740f  UsageFault_Handler                        
4000480c  WDTCTL_SYM                                
0000740f  WDT_A_IRQHandler                          
00007259  WDT_A_holdTimer                           
20010000  __STACK_END                               
00000200  __STACK_SIZE                              
00000400  __SYSMEM_SIZE                             
00007ee0  __TI_CINIT_Base                           
00007ef0  __TI_CINIT_Limit                          
00007ecc  __TI_Handler_Table_Base                   
00007ed8  __TI_Handler_Table_Limit                  
00006ea5  __TI_auto_init_nobinit_nopinit            
00006bfd  __TI_decompress_lzss                      
000073f5  __TI_decompress_none                      
ffffffff  __TI_pprof_out_hndl                       
00003695  __TI_printfi                              
ffffffff  __TI_prof_data_size                       
ffffffff  __TI_prof_data_start                      
00002ba5  __TI_scanfi                               
00000000  __TI_static_base__                        
00007411  __TI_zero_init                            
00006851  __aeabi_cdcmpeq                           
00006851  __aeabi_cdcmple                           
000068d7  __aeabi_cdrcmple                          
00006abf  __aeabi_d2f                               
00006e5d  __aeabi_d2iz                              
0000569b  __aeabi_dadd                              
00005ae1  __aeabi_ddiv                              
000062cd  __aeabi_dmul                              
00005691  __aeabi_dsub                              
00007429  __aeabi_errno_addr                        
00007095  __aeabi_f2d                               
00007135  __aeabi_i2d                               
00005847  __aeabi_idiv0                             
00005847  __aeabi_ldiv0                             
000072cd  __aeabi_lmul                              
0000695d  __aeabi_memclr                            
0000695d  __aeabi_memclr4                           
0000695d  __aeabi_memclr8                           
00006603  __aeabi_memcpy                            
00006603  __aeabi_memcpy4                           
00006603  __aeabi_memcpy8                           
0000695f  __aeabi_memset                            
0000695f  __aeabi_memset4                           
0000695f  __aeabi_memset8                           
0000669f  __aeabi_uldivmod                          
ffffffff  __binit__                                 
ffffffff  __c_args__                                
UNDEFED   __mpu_init                                
2000fe00  __stack                                   
00007025  _c_int00_noargs                           
00007bfc  _ctypes_                                  
20001760  _lock                                     
000040f3  _nop                                      
20001348  _sys_memory                               
UNDEFED   _system_post_cinit                        
0000743d  _system_pre_init                          
20001764  _unlock                                   
00007441  abort                                     
00006e11  atoi                                      
ffffffff  binit                                     
00001ee1  cJSON_AddArrayToObject                    
00001dc9  cJSON_AddBoolToObject                     
00001d97  cJSON_AddFalseToObject                    
00001ce5  cJSON_AddItemReferenceToArray             
00001d01  cJSON_AddItemReferenceToObject            
00001bfd  cJSON_AddItemToArray                      
00001ca5  cJSON_AddItemToObject                     
00001cc5  cJSON_AddItemToObjectCS                   
00001d33  cJSON_AddNullToObject                     
00001dff  cJSON_AddNumberToObject                   
00001eaf  cJSON_AddObjectToObject                   
00001e79  cJSON_AddRawToObject                      
00001e43  cJSON_AddStringToObject                   
00001d65  cJSON_AddTrueToObject                     
000029a9  cJSON_Compare                             
0000233d  cJSON_CreateArray                         
000022e1  cJSON_CreateArrayReference                
000021d5  cJSON_CreateBool                          
00002491  cJSON_CreateDoubleArray                   
000021bd  cJSON_CreateFalse                         
00002401  cJSON_CreateFloatArray                    
00002371  cJSON_CreateIntArray                      
0000218d  cJSON_CreateNull                          
000021f7  cJSON_CreateNumber                        
00002355  cJSON_CreateObject                        
000022bb  cJSON_CreateObjectReference               
00002307  cJSON_CreateRaw                           
0000225f  cJSON_CreateString                        
00002517  cJSON_CreateStringArray                   
00002295  cJSON_CreateStringReference               
000021a5  cJSON_CreateTrue                          
00000251  cJSON_Delete                              
00001f97  cJSON_DeleteItemFromArray                 
00001fdf  cJSON_DeleteItemFromObject                
00001ff3  cJSON_DeleteItemFromObjectCaseSensitive   
00001f75  cJSON_DetachItemFromArray                 
00001fab  cJSON_DetachItemFromObject                
00001fc5  cJSON_DetachItemFromObjectCaseSensitive   
00001f19  cJSON_DetachItemViaPointer                
00002597  cJSON_Duplicate                           
00001a59  cJSON_GetArrayItem                        
000019e9  cJSON_GetArraySize                        
000000e5  cJSON_GetErrorPtr                         
00001ae7  cJSON_GetObjectItem                       
00001af9  cJSON_GetObjectItemCaseSensitive          
000000f1  cJSON_GetStringValue                      
00001b0b  cJSON_HasObjectItem                       
000001c5  cJSON_InitHooks                           
00002007  cJSON_InsertItemInArray                   
0000293d  cJSON_IsArray                             
000028af  cJSON_IsBool                              
00002867  cJSON_IsFalse                             
00002845  cJSON_IsInvalid                           
000028d1  cJSON_IsNull                              
000028f5  cJSON_IsNumber                            
00002961  cJSON_IsObject                            
00002985  cJSON_IsRaw                               
00002919  cJSON_IsString                            
0000288b  cJSON_IsTrue                              
000027b1  cJSON_Minify                              
00000f73  cJSON_Parse                               
00000e8d  cJSON_ParseWithOpts                       
00001061  cJSON_Print                               
00001089  cJSON_PrintBuffered                       
00001109  cJSON_PrintPreallocated                   
00001071  cJSON_PrintUnformatted                    
000020df  cJSON_ReplaceItemInArray                  
00002161  cJSON_ReplaceItemInObject                 
00002177  cJSON_ReplaceItemInObjectCaseSensitive    
00002067  cJSON_ReplaceItemViaPointer               
0000045d  cJSON_SetNumberHelper                     
00000107  cJSON_Version                             
00002b8b  cJSON_free                                
00002b7b  cJSON_malloc                              
00007383  copysign                                  
00007383  copysignl                                 
00004bb9  createLabel                               
00006b65  digitalHigh                               
00006b53  digitalLow                                
00006b77  digitalRead                               
20001770  errno                                     
000063c9  free                                      
00006c65  frexp                                     
00006c65  frexpl                                    
000051b7  gfxGetGlyph                               
00005221  gfxGetGlyphHeight                         
000051ff  gfxGetGlyphWidth                          
00005231  gfxGetTextWidth                           
000050a1  gfxInit                                   
00005267  gfxPlaceBitmap                            
000050b5  gfxWriteText                              
000048a9  initEPD                                   
00000000  interruptVectors                          
000060ad  ldexp                                     
000060ad  ldexpl                                    
00006d1f  ltoa                                      
00005d49  main                                      
000069d9  malloc                                    
00007299  memccpy                                   
00006603  memcpy                                    
00006965  memset                                    
0000705d  minit                                     
00004889  powerON                                   
00004893  powerOff                                  
00004d85  printLabel                                
00005f99  realloc                                   
20001778  result                                    
20001280  resultLabel                               
000060ad  scalbn                                    
000060ad  scalbnl                                   
00007e5c  spiMasterConfig                           
00006f69  sprintf                                   
000070cd  sscanf                                    
0000736d  strchr                                    
000072e5  strcmp                                    
00007397  strcpy                                    
000073ab  strlen                                    
00007163  strncmp                                   
000072fd  strrchr                                   
000040f5  strtod                                    
00005c19  strtol                                    
000040f5  strtold                                   
000052e5  strtoll                                   
000061bd  strtoul                                   
00005849  strtoull                                  
000073e5  tolower                                   
00004acf  turnBlack                                 
00004a5d  turnWhite                                 
00004b41  turnYellow                                
00004993  updateEPD                                 
000073d1  wcslen                                    
0000674b  writeCMD                                  
00006777  writeData                                 


GLOBAL SYMBOLS: SORTED BY Symbol Address 

address   name                                      
-------   ----                                      
00000000  __TI_static_base__                        
00000000  interruptVectors                          
000000e5  cJSON_GetErrorPtr                         
000000f1  cJSON_GetStringValue                      
00000107  cJSON_Version                             
000001c5  cJSON_InitHooks                           
00000200  __STACK_SIZE                              
00000251  cJSON_Delete                              
00000400  __SYSMEM_SIZE                             
0000045d  cJSON_SetNumberHelper                     
00000e8d  cJSON_ParseWithOpts                       
00000f73  cJSON_Parse                               
00001061  cJSON_Print                               
00001071  cJSON_PrintUnformatted                    
00001089  cJSON_PrintBuffered                       
00001109  cJSON_PrintPreallocated                   
000019e9  cJSON_GetArraySize                        
00001a59  cJSON_GetArrayItem                        
00001ae7  cJSON_GetObjectItem                       
00001af9  cJSON_GetObjectItemCaseSensitive          
00001b0b  cJSON_HasObjectItem                       
00001bfd  cJSON_AddItemToArray                      
00001ca5  cJSON_AddItemToObject                     
00001cc5  cJSON_AddItemToObjectCS                   
00001ce5  cJSON_AddItemReferenceToArray             
00001d01  cJSON_AddItemReferenceToObject            
00001d33  cJSON_AddNullToObject                     
00001d65  cJSON_AddTrueToObject                     
00001d97  cJSON_AddFalseToObject                    
00001dc9  cJSON_AddBoolToObject                     
00001dff  cJSON_AddNumberToObject                   
00001e43  cJSON_AddStringToObject                   
00001e79  cJSON_AddRawToObject                      
00001eaf  cJSON_AddObjectToObject                   
00001ee1  cJSON_AddArrayToObject                    
00001f19  cJSON_DetachItemViaPointer                
00001f75  cJSON_DetachItemFromArray                 
00001f97  cJSON_DeleteItemFromArray                 
00001fab  cJSON_DetachItemFromObject                
00001fc5  cJSON_DetachItemFromObjectCaseSensitive   
00001fdf  cJSON_DeleteItemFromObject                
00001ff3  cJSON_DeleteItemFromObjectCaseSensitive   
00002007  cJSON_InsertItemInArray                   
00002067  cJSON_ReplaceItemViaPointer               
000020df  cJSON_ReplaceItemInArray                  
00002161  cJSON_ReplaceItemInObject                 
00002177  cJSON_ReplaceItemInObjectCaseSensitive    
0000218d  cJSON_CreateNull                          
000021a5  cJSON_CreateTrue                          
000021bd  cJSON_CreateFalse                         
000021d5  cJSON_CreateBool                          
000021f7  cJSON_CreateNumber                        
0000225f  cJSON_CreateString                        
00002295  cJSON_CreateStringReference               
000022bb  cJSON_CreateObjectReference               
000022e1  cJSON_CreateArrayReference                
00002307  cJSON_CreateRaw                           
0000233d  cJSON_CreateArray                         
00002355  cJSON_CreateObject                        
00002371  cJSON_CreateIntArray                      
00002401  cJSON_CreateFloatArray                    
00002491  cJSON_CreateDoubleArray                   
00002517  cJSON_CreateStringArray                   
00002597  cJSON_Duplicate                           
000027b1  cJSON_Minify                              
00002845  cJSON_IsInvalid                           
00002867  cJSON_IsFalse                             
0000288b  cJSON_IsTrue                              
000028af  cJSON_IsBool                              
000028d1  cJSON_IsNull                              
000028f5  cJSON_IsNumber                            
00002919  cJSON_IsString                            
0000293d  cJSON_IsArray                             
00002961  cJSON_IsObject                            
00002985  cJSON_IsRaw                               
000029a9  cJSON_Compare                             
00002b7b  cJSON_malloc                              
00002b8b  cJSON_free                                
00002ba5  __TI_scanfi                               
00003695  __TI_printfi                              
000040f3  _nop                                      
000040f5  strtod                                    
000040f5  strtold                                   
00004555  SystemCoreClockUpdate                     
000047cd  SystemInit                                
00004889  powerON                                   
00004893  powerOff                                  
000048a9  initEPD                                   
00004993  updateEPD                                 
00004a5d  turnWhite                                 
00004acf  turnBlack                                 
00004b41  turnYellow                                
00004bb9  createLabel                               
00004d85  printLabel                                
000050a1  gfxInit                                   
000050b5  gfxWriteText                              
000051b7  gfxGetGlyph                               
000051ff  gfxGetGlyphWidth                          
00005221  gfxGetGlyphHeight                         
00005231  gfxGetTextWidth                           
00005267  gfxPlaceBitmap                            
000052e5  strtoll                                   
00005691  __aeabi_dsub                              
0000569b  __aeabi_dadd                              
00005847  __aeabi_idiv0                             
00005847  __aeabi_ldiv0                             
00005849  strtoull                                  
00005ae1  __aeabi_ddiv                              
00005c19  strtol                                    
00005d49  main                                      
00005f99  realloc                                   
000060ad  ldexp                                     
000060ad  ldexpl                                    
000060ad  scalbn                                    
000060ad  scalbnl                                   
000061bd  strtoul                                   
000062cd  __aeabi_dmul                              
000063c9  free                                      
00006553  SPI_initMaster                            
00006603  __aeabi_memcpy                            
00006603  __aeabi_memcpy4                           
00006603  __aeabi_memcpy8                           
00006603  memcpy                                    
0000669f  __aeabi_uldivmod                          
00006735  SPI_Init                                  
0000674b  writeCMD                                  
00006777  writeData                                 
000067a3  SPI_transmit                              
000067c9  GPIO_setAsPeripheralModuleFunctionInputPin
00006851  __aeabi_cdcmpeq                           
00006851  __aeabi_cdcmple                           
000068d7  __aeabi_cdrcmple                          
0000695d  __aeabi_memclr                            
0000695d  __aeabi_memclr4                           
0000695d  __aeabi_memclr8                           
0000695f  __aeabi_memset                            
0000695f  __aeabi_memset4                           
0000695f  __aeabi_memset8                           
00006965  memset                                    
000069d9  malloc                                    
00006abf  __aeabi_d2f                               
00006b2d  GPIO_Init                                 
00006b53  digitalLow                                
00006b65  digitalHigh                               
00006b77  digitalRead                               
00006bfd  __TI_decompress_lzss                      
00006c65  frexp                                     
00006c65  frexpl                                    
00006d1f  ltoa                                      
00006dc5  GPIO_setAsInputPin                        
00006e11  atoi                                      
00006e5d  __aeabi_d2iz                              
00006ea5  __TI_auto_init_nobinit_nopinit            
00006ee9  GPIO_setAsOutputPin                       
00006f69  sprintf                                   
00007025  _c_int00_noargs                           
0000705d  minit                                     
00007095  __aeabi_f2d                               
000070cd  sscanf                                    
00007105  GPIO_getInputPinValue                     
00007135  __aeabi_i2d                               
00007163  strncmp                                   
00007191  GPIO_setOutputHighOnPin                   
000071b9  GPIO_setOutputLowOnPin                    
000071e1  PCM_gotoLPM0                              
00007231  SPI_transmitData                          
00007259  WDT_A_holdTimer                           
0000727d  SPI_enableModule                          
00007299  memccpy                                   
000072cd  __aeabi_lmul                              
000072e5  strcmp                                    
000072fd  strrchr                                   
00007315  EUSCI_A_SPI_enable                        
0000732b  EUSCI_A_SPI_transmitData                  
00007341  EUSCI_B_SPI_enable                        
00007357  EUSCI_B_SPI_transmitData                  
0000736d  strchr                                    
00007383  copysign                                  
00007383  copysignl                                 
00007397  strcpy                                    
000073ab  strlen                                    
000073d1  wcslen                                    
000073e5  tolower                                   
000073f5  __TI_decompress_none                      
00007403  Reset_Handler                             
0000740f  ADC14_IRQHandler                          
0000740f  AES256_IRQHandler                         
0000740f  BusFault_Handler                          
0000740f  COMP_E0_IRQHandler                        
0000740f  COMP_E1_IRQHandler                        
0000740f  CS_IRQHandler                             
0000740f  DMA_ERR_IRQHandler                        
0000740f  DMA_INT0_IRQHandler                       
0000740f  DMA_INT1_IRQHandler                       
0000740f  DMA_INT2_IRQHandler                       
0000740f  DMA_INT3_IRQHandler                       
0000740f  DebugMon_Handler                          
0000740f  Default_Handler                           
0000740f  EUSCIA0_IRQHandler                        
0000740f  EUSCIA1_IRQHandler                        
0000740f  EUSCIA2_IRQHandler                        
0000740f  EUSCIA3_IRQHandler                        
0000740f  EUSCIB0_IRQHandler                        
0000740f  EUSCIB1_IRQHandler                        
0000740f  EUSCIB2_IRQHandler                        
0000740f  EUSCIB3_IRQHandler                        
0000740f  FLCTL_IRQHandler                          
0000740f  FPU_IRQHandler                            
0000740f  HardFault_Handler                         
0000740f  MemManage_Handler                         
0000740f  NMI_Handler                               
0000740f  PCM_IRQHandler                            
0000740f  PORT1_IRQHandler                          
0000740f  PORT2_IRQHandler                          
0000740f  PORT3_IRQHandler                          
0000740f  PORT4_IRQHandler                          
0000740f  PORT5_IRQHandler                          
0000740f  PORT6_IRQHandler                          
0000740f  PSS_IRQHandler                            
0000740f  PendSV_Handler                            
0000740f  RTC_C_IRQHandler                          
0000740f  SVC_Handler                               
0000740f  SysTick_Handler                           
0000740f  T32_INT1_IRQHandler                       
0000740f  T32_INT2_IRQHandler                       
0000740f  T32_INTC_IRQHandler                       
0000740f  TA0_0_IRQHandler                          
0000740f  TA0_N_IRQHandler                          
0000740f  TA1_0_IRQHandler                          
0000740f  TA1_N_IRQHandler                          
0000740f  TA2_0_IRQHandler                          
0000740f  TA2_N_IRQHandler                          
0000740f  TA3_0_IRQHandler                          
0000740f  TA3_N_IRQHandler                          
0000740f  UsageFault_Handler                        
0000740f  WDT_A_IRQHandler                          
00007411  __TI_zero_init                            
00007429  __aeabi_errno_addr                        
00007439  CPU_wfi                                   
0000743d  _system_pre_init                          
00007441  C$$EXIT                                   
00007441  abort                                     
00007bfc  _ctypes_                                  
00007e5c  spiMasterConfig                           
00007e88  FONT_ubuntu_bold_16                       
00007e94  BITMAP_ubuntu_bold_16                     
00007ecc  __TI_Handler_Table_Base                   
00007ed8  __TI_Handler_Table_Limit                  
00007ee0  __TI_CINIT_Base                           
00007ef0  __TI_CINIT_Limit                          
20000000  GLOBAL_framebuffer                        
20001280  resultLabel                               
20001348  _sys_memory                               
20001760  _lock                                     
20001764  _unlock                                   
20001770  errno                                     
20001774  SystemCoreClock                           
20001778  result                                    
2000fe00  __stack                                   
20010000  __STACK_END                               
4000480c  WDTCTL_SYM                                
ffffffff  __TI_pprof_out_hndl                       
ffffffff  __TI_prof_data_size                       
ffffffff  __TI_prof_data_start                      
ffffffff  __binit__                                 
ffffffff  __c_args__                                
ffffffff  binit                                     
UNDEFED   __mpu_init                                
UNDEFED   _system_post_cinit                        

[269 symbols]
