<?xml version="1.0" encoding="ISO-8859-1" ?>
<link_info>
   <banner>TI ARM Linker Unix v18.1.4.LTS</banner>
   <copyright>Copyright (c) 1996-2018 Texas Instruments Incorporated</copyright>
   <link_time>0x5e7fc0a9</link_time>
   <link_errors>0x0</link_errors>
   <output_file>ePaperDriver.out</output_file>
   <entry_point>
      <name>_c_int00_noargs</name>
      <address>0x56c1</address>
   </entry_point>
   <input_file_list>
      <input_file id="fl-1">
         <path>./</path>
         <kind>object</kind>
         <file>main.obj</file>
         <name>main.obj</name>
      </input_file>
      <input_file id="fl-2">
         <path>./</path>
         <kind>object</kind>
         <file>startup_msp432p401r_ccs.obj</file>
         <name>startup_msp432p401r_ccs.obj</name>
      </input_file>
      <input_file id="fl-3">
         <path>./</path>
         <kind>object</kind>
         <file>system_msp432p401r.obj</file>
         <name>system_msp432p401r.obj</name>
      </input_file>
      <input_file id="fl-4">
         <path>./Driver/</path>
         <kind>object</kind>
         <file>GPIOInit.obj</file>
         <name>GPIOInit.obj</name>
      </input_file>
      <input_file id="fl-5">
         <path>./Driver/</path>
         <kind>object</kind>
         <file>SPIinit.obj</file>
         <name>SPIinit.obj</name>
      </input_file>
      <input_file id="fl-6">
         <path>./Driver/</path>
         <kind>object</kind>
         <file>ePaper.obj</file>
         <name>ePaper.obj</name>
      </input_file>
      <input_file id="fl-7">
         <path>./fonts/</path>
         <kind>object</kind>
         <file>resources.obj</file>
         <name>resources.obj</name>
      </input_file>
      <input_file id="fl-8">
         <path>./grx/</path>
         <kind>object</kind>
         <file>graphics.obj</file>
         <name>graphics.obj</name>
      </input_file>
      <input_file id="fl-12">
         <kind>object</kind>
         <file>&lt;internal&gt;</file>
         <name>&lt;internal&gt;</name>
      </input_file>
      <input_file id="fl-13">
         <path>/home/andres/ti/simplelink_msp432p4_sdk_3_40_01_02/source/ti/devices/msp432p4xx/driverlib/ccs/</path>
         <kind>archive</kind>
         <file>msp432p4xx_driverlib.lib</file>
         <name>gpio.o</name>
      </input_file>
      <input_file id="fl-14">
         <path>/home/andres/ti/simplelink_msp432p4_sdk_3_40_01_02/source/ti/devices/msp432p4xx/driverlib/ccs/</path>
         <kind>archive</kind>
         <file>msp432p4xx_driverlib.lib</file>
         <name>interrupt.o</name>
      </input_file>
      <input_file id="fl-15">
         <path>/home/andres/ti/simplelink_msp432p4_sdk_3_40_01_02/source/ti/devices/msp432p4xx/driverlib/ccs/</path>
         <kind>archive</kind>
         <file>msp432p4xx_driverlib.lib</file>
         <name>pcm.o</name>
      </input_file>
      <input_file id="fl-16">
         <path>/home/andres/ti/simplelink_msp432p4_sdk_3_40_01_02/source/ti/devices/msp432p4xx/driverlib/ccs/</path>
         <kind>archive</kind>
         <file>msp432p4xx_driverlib.lib</file>
         <name>rtc_c.o</name>
      </input_file>
      <input_file id="fl-17">
         <path>/home/andres/ti/simplelink_msp432p4_sdk_3_40_01_02/source/ti/devices/msp432p4xx/driverlib/ccs/</path>
         <kind>archive</kind>
         <file>msp432p4xx_driverlib.lib</file>
         <name>spi.o</name>
      </input_file>
      <input_file id="fl-18">
         <path>/home/andres/ti/simplelink_msp432p4_sdk_3_40_01_02/source/ti/devices/msp432p4xx/driverlib/ccs/</path>
         <kind>archive</kind>
         <file>msp432p4xx_driverlib.lib</file>
         <name>wdt_a.o</name>
      </input_file>
      <input_file id="fl-19">
         <path>/home/andres/ti/simplelink_msp432p4_sdk_3_40_01_02/source/ti/devices/msp432p4xx/driverlib/ccs/</path>
         <kind>archive</kind>
         <file>msp432p4xx_driverlib.lib</file>
         <name>cpu.o</name>
      </input_file>
      <input_file id="fl-1a">
         <path>/home/andres/ti/simplelink_msp432p4_sdk_3_40_01_02/source/ti/devices/msp432p4xx/driverlib/ccs/</path>
         <kind>archive</kind>
         <file>msp432p4xx_driverlib.lib</file>
         <name>sysctl_a.o</name>
      </input_file>
      <input_file id="fl-d0">
         <path>/home/andres/ti/ccsv8/tools/compiler/ti-cgt-arm_18.1.4.LTS/lib/</path>
         <kind>archive</kind>
         <file>rtsv7M4_T_le_v4SPD16_eabi.lib</file>
         <name>memset_t2.asm.obj</name>
      </input_file>
      <input_file id="fl-d1">
         <path>/home/andres/ti/ccsv8/tools/compiler/ti-cgt-arm_18.1.4.LTS/lib/</path>
         <kind>archive</kind>
         <file>rtsv7M4_T_le_v4SPD16_eabi.lib</file>
         <name>copy_zero_init.c.obj</name>
      </input_file>
      <input_file id="fl-d2">
         <path>/home/andres/ti/ccsv8/tools/compiler/ti-cgt-arm_18.1.4.LTS/lib/</path>
         <kind>archive</kind>
         <file>rtsv7M4_T_le_v4SPD16_eabi.lib</file>
         <name>copy_decompress_none.c.obj</name>
      </input_file>
      <input_file id="fl-d3">
         <path>/home/andres/ti/ccsv8/tools/compiler/ti-cgt-arm_18.1.4.LTS/lib/</path>
         <kind>archive</kind>
         <file>rtsv7M4_T_le_v4SPD16_eabi.lib</file>
         <name>copy_decompress_lzss.c.obj</name>
      </input_file>
      <input_file id="fl-d4">
         <path>/home/andres/ti/ccsv8/tools/compiler/ti-cgt-arm_18.1.4.LTS/lib/</path>
         <kind>archive</kind>
         <file>rtsv7M4_T_le_v4SPD16_eabi.lib</file>
         <name>boot_cortex_m.c.obj</name>
      </input_file>
      <input_file id="fl-d5">
         <path>/home/andres/ti/ccsv8/tools/compiler/ti-cgt-arm_18.1.4.LTS/lib/</path>
         <kind>archive</kind>
         <file>rtsv7M4_T_le_v4SPD16_eabi.lib</file>
         <name>exit.c.obj</name>
      </input_file>
      <input_file id="fl-d6">
         <path>/home/andres/ti/ccsv8/tools/compiler/ti-cgt-arm_18.1.4.LTS/lib/</path>
         <kind>archive</kind>
         <file>rtsv7M4_T_le_v4SPD16_eabi.lib</file>
         <name>_lock.c.obj</name>
      </input_file>
      <input_file id="fl-d7">
         <path>/home/andres/ti/ccsv8/tools/compiler/ti-cgt-arm_18.1.4.LTS/lib/</path>
         <kind>archive</kind>
         <file>rtsv7M4_T_le_v4SPD16_eabi.lib</file>
         <name>args_main.c.obj</name>
      </input_file>
      <input_file id="fl-d8">
         <path>/home/andres/ti/ccsv8/tools/compiler/ti-cgt-arm_18.1.4.LTS/lib/</path>
         <kind>archive</kind>
         <file>rtsv7M4_T_le_v4SPD16_eabi.lib</file>
         <name>memcpy_t2.asm.obj</name>
      </input_file>
      <input_file id="fl-d9">
         <path>/home/andres/ti/ccsv8/tools/compiler/ti-cgt-arm_18.1.4.LTS/lib/</path>
         <kind>archive</kind>
         <file>rtsv7M4_T_le_v4SPD16_eabi.lib</file>
         <name>autoinit.c.obj</name>
      </input_file>
      <input_file id="fl-da">
         <path>/home/andres/ti/ccsv8/tools/compiler/ti-cgt-arm_18.1.4.LTS/lib/</path>
         <kind>archive</kind>
         <file>rtsv7M4_T_le_v4SPD16_eabi.lib</file>
         <name>pre_init.c.obj</name>
      </input_file>
      <input_file id="fl-db">
         <path>/home/andres/ti/ccsv8/tools/compiler/ti-cgt-arm_18.1.4.LTS/lib/</path>
         <kind>archive</kind>
         <file>rtsv7M4_T_le_v4SPD16_eabi.lib</file>
         <name>cpy_tbl.c.obj</name>
      </input_file>
   </input_file_list>
   <object_component_list>
      <object_component id="oc-23">
         <name>.intvecs:retain</name>
         <load_address>0x0</load_address>
         <run_address>0x0</run_address>
         <size>0xe4</size>
         <input_file_ref idref="fl-2"/>
      </object_component>
      <object_component id="oc-a2">
         <name>.text</name>
         <load_address>0x494c</load_address>
         <run_address>0x494c</run_address>
         <size>0x334</size>
         <input_file_ref idref="fl-3"/>
      </object_component>
      <object_component id="oc-d2">
         <name>.text</name>
         <load_address>0x4c80</load_address>
         <run_address>0x4c80</run_address>
         <size>0x330</size>
         <input_file_ref idref="fl-6"/>
      </object_component>
      <object_component id="oc-cc">
         <name>.text</name>
         <load_address>0x4fb0</load_address>
         <run_address>0x4fb0</run_address>
         <size>0x24c</size>
         <input_file_ref idref="fl-8"/>
      </object_component>
      <object_component id="oc-13a">
         <name>.text:SPI_initMaster</name>
         <load_address>0x51fc</load_address>
         <run_address>0x51fc</run_address>
         <size>0xb0</size>
         <input_file_ref idref="fl-17"/>
      </object_component>
      <object_component id="oc-34">
         <name>.text</name>
         <load_address>0x52ac</load_address>
         <run_address>0x52ac</run_address>
         <size>0x9c</size>
         <input_file_ref idref="fl-d8"/>
      </object_component>
      <object_component id="oc-c0">
         <name>.text</name>
         <load_address>0x5348</load_address>
         <run_address>0x5348</run_address>
         <size>0x94</size>
         <input_file_ref idref="fl-5"/>
      </object_component>
      <object_component id="oc-168">
         <name>.text:GPIO_setAsPeripheralModuleFunctionInputPin</name>
         <load_address>0x53dc</load_address>
         <run_address>0x53dc</run_address>
         <size>0x88</size>
         <input_file_ref idref="fl-13"/>
      </object_component>
      <object_component id="oc-84">
         <name>.text</name>
         <load_address>0x5464</load_address>
         <run_address>0x5464</run_address>
         <size>0x7a</size>
         <input_file_ref idref="fl-d0"/>
      </object_component>
      <object_component id="oc-c6">
         <name>.text</name>
         <load_address>0x54e0</load_address>
         <run_address>0x54e0</run_address>
         <size>0x68</size>
         <input_file_ref idref="fl-4"/>
      </object_component>
      <object_component id="oc-14">
         <name>.text:decompress:lzss:__TI_decompress_lzss</name>
         <load_address>0x5548</load_address>
         <run_address>0x5548</run_address>
         <size>0x68</size>
         <input_file_ref idref="fl-d3"/>
      </object_component>
      <object_component id="oc-162">
         <name>.text:GPIO_setAsInputPin</name>
         <load_address>0x55b0</load_address>
         <run_address>0x55b0</run_address>
         <size>0x4c</size>
         <input_file_ref idref="fl-13"/>
      </object_component>
      <object_component id="oc-f3">
         <name>.text:__TI_auto_init_nobinit_nopinit:__TI_auto_init_nobinit_nopinit</name>
         <load_address>0x55fc</load_address>
         <run_address>0x55fc</run_address>
         <size>0x44</size>
         <input_file_ref idref="fl-d9"/>
      </object_component>
      <object_component id="oc-156">
         <name>.text:GPIO_setAsOutputPin</name>
         <load_address>0x5640</load_address>
         <run_address>0x5640</run_address>
         <size>0x40</size>
         <input_file_ref idref="fl-13"/>
      </object_component>
      <object_component id="oc-1d1">
         <name>.text:is_A_Module</name>
         <load_address>0x5680</load_address>
         <run_address>0x5680</run_address>
         <size>0x40</size>
         <input_file_ref idref="fl-17"/>
      </object_component>
      <object_component id="oc-52">
         <name>.text:_c_int00_noargs:_c_int00_noargs</name>
         <load_address>0x56c0</load_address>
         <run_address>0x56c0</run_address>
         <size>0x38</size>
         <input_file_ref idref="fl-d4"/>
      </object_component>
      <object_component id="oc-90">
         <name>.text</name>
         <load_address>0x56f8</load_address>
         <run_address>0x56f8</run_address>
         <size>0x34</size>
         <input_file_ref idref="fl-1"/>
      </object_component>
      <object_component id="oc-16e">
         <name>.text:GPIO_getInputPinValue</name>
         <load_address>0x572c</load_address>
         <run_address>0x572c</run_address>
         <size>0x30</size>
         <input_file_ref idref="fl-13"/>
      </object_component>
      <object_component id="oc-14c">
         <name>.text:GPIO_setOutputHighOnPin</name>
         <load_address>0x575c</load_address>
         <run_address>0x575c</run_address>
         <size>0x28</size>
         <input_file_ref idref="fl-13"/>
      </object_component>
      <object_component id="oc-15c">
         <name>.text:GPIO_setOutputLowOnPin</name>
         <load_address>0x5784</load_address>
         <run_address>0x5784</run_address>
         <size>0x28</size>
         <input_file_ref idref="fl-13"/>
      </object_component>
      <object_component id="oc-d8">
         <name>.text:PCM_gotoLPM0</name>
         <load_address>0x57ac</load_address>
         <run_address>0x57ac</run_address>
         <size>0x28</size>
         <input_file_ref idref="fl-15"/>
      </object_component>
      <object_component id="oc-146">
         <name>.text:SPI_transmitData</name>
         <load_address>0x57d4</load_address>
         <run_address>0x57d4</run_address>
         <size>0x26</size>
         <input_file_ref idref="fl-17"/>
      </object_component>
      <object_component id="oc-134">
         <name>.text:WDT_A_holdTimer</name>
         <load_address>0x57fc</load_address>
         <run_address>0x57fc</run_address>
         <size>0x24</size>
         <input_file_ref idref="fl-18"/>
      </object_component>
      <object_component id="oc-140">
         <name>.text:SPI_enableModule</name>
         <load_address>0x5820</load_address>
         <run_address>0x5820</run_address>
         <size>0x1c</size>
         <input_file_ref idref="fl-17"/>
      </object_component>
      <object_component id="oc-1d9">
         <name>.text:EUSCI_A_SPI_enable</name>
         <load_address>0x583c</load_address>
         <run_address>0x583c</run_address>
         <size>0x16</size>
         <input_file_ref idref="fl-17"/>
      </object_component>
      <object_component id="oc-1e6">
         <name>.text:EUSCI_A_SPI_transmitData</name>
         <load_address>0x5852</load_address>
         <run_address>0x5852</run_address>
         <size>0x16</size>
         <input_file_ref idref="fl-17"/>
      </object_component>
      <object_component id="oc-1df">
         <name>.text:EUSCI_B_SPI_enable</name>
         <load_address>0x5868</load_address>
         <run_address>0x5868</run_address>
         <size>0x16</size>
         <input_file_ref idref="fl-17"/>
      </object_component>
      <object_component id="oc-1ec">
         <name>.text:EUSCI_B_SPI_transmitData</name>
         <load_address>0x587e</load_address>
         <run_address>0x587e</run_address>
         <size>0x16</size>
         <input_file_ref idref="fl-17"/>
      </object_component>
      <object_component id="oc-1a">
         <name>.text:decompress:none:__TI_decompress_none</name>
         <load_address>0x5894</load_address>
         <run_address>0x5894</run_address>
         <size>0xe</size>
         <input_file_ref idref="fl-d2"/>
      </object_component>
      <object_component id="oc-64">
         <name>.text</name>
         <load_address>0x58a2</load_address>
         <run_address>0x58a2</run_address>
         <size>0xe</size>
         <input_file_ref idref="fl-2"/>
      </object_component>
      <object_component id="oc-46">
         <name>.text:decompress:ZI:__TI_zero_init</name>
         <load_address>0x58b0</load_address>
         <run_address>0x58b0</run_address>
         <size>0xc</size>
         <input_file_ref idref="fl-d1"/>
      </object_component>
      <object_component id="oc-17e">
         <name>.text:CPU_wfi</name>
         <load_address>0x58bc</load_address>
         <run_address>0x58bc</run_address>
         <size>0x4</size>
         <input_file_ref idref="fl-19"/>
      </object_component>
      <object_component id="oc-8a">
         <name>.text:_system_pre_init</name>
         <load_address>0x58c0</load_address>
         <run_address>0x58c0</run_address>
         <size>0x4</size>
         <input_file_ref idref="fl-da"/>
      </object_component>
      <object_component id="oc-e7">
         <name>.text:abort:abort</name>
         <load_address>0x58c4</load_address>
         <run_address>0x58c4</run_address>
         <size>0x4</size>
         <input_file_ref idref="fl-d5"/>
      </object_component>
      <object_component id="oc-210">
         <name>.const:.string:ubuntu_bold_65_payload</name>
         <load_address>0xe4</load_address>
         <run_address>0xe4</run_address>
         <size>0x4700</size>
         <input_file_ref idref="fl-7"/>
      </object_component>
      <object_component id="oc-188">
         <name>.const:FONT_GLYPHS_ubuntu_bold_65</name>
         <load_address>0x47e4</load_address>
         <run_address>0x47e4</run_address>
         <size>0x108</size>
         <input_file_ref idref="fl-7"/>
      </object_component>
      <object_component id="oc-1f3">
         <name>.const:GPIO_PORT_TO_BASE</name>
         <load_address>0x48ec</load_address>
         <run_address>0x48ec</run_address>
         <size>0x30</size>
         <input_file_ref idref="fl-13"/>
      </object_component>
      <object_component id="oc-152">
         <name>.const:spiMasterConfig</name>
         <load_address>0x491c</load_address>
         <run_address>0x491c</run_address>
         <size>0x1c</size>
         <input_file_ref idref="fl-5"/>
      </object_component>
      <object_component id="oc-de">
         <name>.const:FONT_ubuntu_bold_65</name>
         <load_address>0x4938</load_address>
         <run_address>0x4938</run_address>
         <size>0xc</size>
         <input_file_ref idref="fl-7"/>
      </object_component>
      <object_component id="oc-185">
         <name>.const:BITMAP_ubuntu_bold_65</name>
         <load_address>0x4944</load_address>
         <run_address>0x4944</run_address>
         <size>0x8</size>
         <input_file_ref idref="fl-7"/>
      </object_component>
      <object_component id="oc-2a9">
         <name>__TI_handler_table</name>
         <load_address>0x58c8</load_address>
         <run_address>0x58c8</run_address>
         <size>0xc</size>
      </object_component>
      <object_component id="oc-2ab">
         <name>.cinit..data.load</name>
         <load_address>0x58d4</load_address>
         <run_address>0x58d4</run_address>
         <size>0x9</size>
      </object_component>
      <object_component id="oc-2ac">
         <name>.cinit..bss.load</name>
         <load_address>0x58e0</load_address>
         <run_address>0x58e0</run_address>
         <size>0x8</size>
      </object_component>
      <object_component id="oc-2aa">
         <name>__TI_cinit_table</name>
         <load_address>0x58e8</load_address>
         <run_address>0x58e8</run_address>
         <size>0x10</size>
      </object_component>
      <object_component id="oc-27e">
         <name>.binit</name>
         <load_address>0x0</load_address>
         <run_address>0x0</run_address>
         <size>0x0</size>
      </object_component>
      <object_component id="oc-125">
         <name>.data</name>
         <load_address>0x20001280</load_address>
         <run_address>0x20001280</run_address>
         <size>0x4</size>
         <input_file_ref idref="fl-3"/>
      </object_component>
      <object_component id="oc-174">
         <name>.data</name>
         <load_address>0x20001284</load_address>
         <run_address>0x20001284</run_address>
         <size>0x1</size>
         <input_file_ref idref="fl-4"/>
      </object_component>
      <object_component id="oc-178">
         <name>.common:GLOBAL_framebuffer</name>
         <uninitialized>true</uninitialized>
         <run_address>0x20000000</run_address>
         <size>0x1280</size>
      </object_component>
      <object_component id="oc-26">
         <name>.stack</name>
         <uninitialized>true</uninitialized>
         <run_address>0x2000fe00</run_address>
         <size>0x4</size>
         <input_file_ref idref="fl-d4"/>
      </object_component>
      <object_component id="oc-2ad">
         <name>.stack</name>
         <uninitialized>true</uninitialized>
         <run_address>0x2000fe00</run_address>
         <size>0x0</size>
      </object_component>
      <object_component id="oc-133">
         <name>.debug_info</name>
         <load_address>0x0</load_address>
         <run_address>0x0</run_address>
         <size>0x741</size>
         <input_file_ref idref="fl-1"/>
      </object_component>
      <object_component id="oc-91">
         <name>.debug_info</name>
         <load_address>0x741</load_address>
         <run_address>0x741</run_address>
         <size>0x183</size>
         <input_file_ref idref="fl-1"/>
      </object_component>
      <object_component id="oc-1bc">
         <name>.debug_info</name>
         <load_address>0x8c4</load_address>
         <run_address>0x8c4</run_address>
         <size>0x3e8</size>
         <input_file_ref idref="fl-1"/>
      </object_component>
      <object_component id="oc-1b2">
         <name>.debug_info</name>
         <load_address>0xcac</load_address>
         <run_address>0xcac</run_address>
         <size>0x118</size>
         <input_file_ref idref="fl-1"/>
      </object_component>
      <object_component id="oc-ab">
         <name>.debug_info</name>
         <load_address>0xdc4</load_address>
         <run_address>0xdc4</run_address>
         <size>0x26b</size>
         <input_file_ref idref="fl-1"/>
      </object_component>
      <object_component id="oc-1c1">
         <name>.debug_info</name>
         <load_address>0x102f</load_address>
         <run_address>0x102f</run_address>
         <size>0x1028</size>
         <input_file_ref idref="fl-1"/>
      </object_component>
      <object_component id="oc-1b7">
         <name>.debug_info</name>
         <load_address>0x2057</load_address>
         <run_address>0x2057</run_address>
         <size>0x37e2</size>
         <input_file_ref idref="fl-1"/>
      </object_component>
      <object_component id="oc-e2">
         <name>.debug_info</name>
         <load_address>0x5839</load_address>
         <run_address>0x5839</run_address>
         <size>0x8b</size>
         <input_file_ref idref="fl-1"/>
      </object_component>
      <object_component id="oc-12e">
         <name>.debug_info</name>
         <load_address>0x58c4</load_address>
         <run_address>0x58c4</run_address>
         <size>0x297</size>
         <input_file_ref idref="fl-1"/>
      </object_component>
      <object_component id="oc-1c6">
         <name>.debug_info</name>
         <load_address>0x5b5b</load_address>
         <run_address>0x5b5b</run_address>
         <size>0xef</size>
         <input_file_ref idref="fl-1"/>
      </object_component>
      <object_component id="oc-129">
         <name>.debug_info</name>
         <load_address>0x5c4a</load_address>
         <run_address>0x5c4a</run_address>
         <size>0xbb</size>
         <input_file_ref idref="fl-1"/>
      </object_component>
      <object_component id="oc-23a">
         <name>.debug_info</name>
         <load_address>0x5d05</load_address>
         <run_address>0x5d05</run_address>
         <size>0x53</size>
         <input_file_ref idref="fl-1"/>
      </object_component>
      <object_component id="oc-264">
         <name>.debug_info</name>
         <load_address>0x5d58</load_address>
         <run_address>0x5d58</run_address>
         <size>0x131</size>
         <input_file_ref idref="fl-1"/>
      </object_component>
      <object_component id="oc-6c">
         <name>.debug_info</name>
         <load_address>0x5e89</load_address>
         <run_address>0x5e89</run_address>
         <size>0x2f1</size>
         <input_file_ref idref="fl-2"/>
      </object_component>
      <object_component id="oc-24">
         <name>.debug_info</name>
         <load_address>0x617a</load_address>
         <run_address>0x617a</run_address>
         <size>0x11d</size>
         <input_file_ref idref="fl-2"/>
      </object_component>
      <object_component id="oc-65">
         <name>.debug_info</name>
         <load_address>0x6297</load_address>
         <run_address>0x6297</run_address>
         <size>0x1e4</size>
         <input_file_ref idref="fl-2"/>
      </object_component>
      <object_component id="oc-2f">
         <name>.debug_info</name>
         <load_address>0x647b</load_address>
         <run_address>0x647b</run_address>
         <size>0x84</size>
         <input_file_ref idref="fl-2"/>
      </object_component>
      <object_component id="oc-126">
         <name>.debug_info</name>
         <load_address>0x64ff</load_address>
         <run_address>0x64ff</run_address>
         <size>0x116</size>
         <input_file_ref idref="fl-3"/>
      </object_component>
      <object_component id="oc-a3">
         <name>.debug_info</name>
         <load_address>0x6615</load_address>
         <run_address>0x6615</run_address>
         <size>0x288</size>
         <input_file_ref idref="fl-3"/>
      </object_component>
      <object_component id="oc-175">
         <name>.debug_info</name>
         <load_address>0x689d</load_address>
         <run_address>0x689d</run_address>
         <size>0x101</size>
         <input_file_ref idref="fl-4"/>
      </object_component>
      <object_component id="oc-c7">
         <name>.debug_info</name>
         <load_address>0x699e</load_address>
         <run_address>0x699e</run_address>
         <size>0x39b</size>
         <input_file_ref idref="fl-4"/>
      </object_component>
      <object_component id="oc-1f9">
         <name>.debug_info</name>
         <load_address>0x6d39</load_address>
         <run_address>0x6d39</run_address>
         <size>0x768</size>
         <input_file_ref idref="fl-5"/>
      </object_component>
      <object_component id="oc-153">
         <name>.debug_info</name>
         <load_address>0x74a1</load_address>
         <run_address>0x74a1</run_address>
         <size>0x112</size>
         <input_file_ref idref="fl-5"/>
      </object_component>
      <object_component id="oc-c1">
         <name>.debug_info</name>
         <load_address>0x75b3</load_address>
         <run_address>0x75b3</run_address>
         <size>0x415</size>
         <input_file_ref idref="fl-5"/>
      </object_component>
      <object_component id="oc-179">
         <name>.debug_info</name>
         <load_address>0x79c8</load_address>
         <run_address>0x79c8</run_address>
         <size>0x721</size>
         <input_file_ref idref="fl-6"/>
      </object_component>
      <object_component id="oc-d3">
         <name>.debug_info</name>
         <load_address>0x80e9</load_address>
         <run_address>0x80e9</run_address>
         <size>0x7ae</size>
         <input_file_ref idref="fl-6"/>
      </object_component>
      <object_component id="oc-18d">
         <name>.debug_info</name>
         <load_address>0x8897</load_address>
         <run_address>0x8897</run_address>
         <size>0x14f</size>
         <input_file_ref idref="fl-7"/>
      </object_component>
      <object_component id="oc-211">
         <name>.debug_info</name>
         <load_address>0x89e6</load_address>
         <run_address>0x89e6</run_address>
         <size>0x120</size>
         <input_file_ref idref="fl-7"/>
      </object_component>
      <object_component id="oc-186">
         <name>.debug_info</name>
         <load_address>0x8b06</load_address>
         <run_address>0x8b06</run_address>
         <size>0x120</size>
         <input_file_ref idref="fl-7"/>
      </object_component>
      <object_component id="oc-189">
         <name>.debug_info</name>
         <load_address>0x8c26</load_address>
         <run_address>0x8c26</run_address>
         <size>0x129</size>
         <input_file_ref idref="fl-7"/>
      </object_component>
      <object_component id="oc-df">
         <name>.debug_info</name>
         <load_address>0x8d4f</load_address>
         <run_address>0x8d4f</run_address>
         <size>0x11c</size>
         <input_file_ref idref="fl-7"/>
      </object_component>
      <object_component id="oc-17c">
         <name>.debug_info</name>
         <load_address>0x8e6b</load_address>
         <run_address>0x8e6b</run_address>
         <size>0x6e9</size>
         <input_file_ref idref="fl-8"/>
      </object_component>
      <object_component id="oc-cd">
         <name>.debug_info</name>
         <load_address>0x9554</load_address>
         <run_address>0x9554</run_address>
         <size>0x698</size>
         <input_file_ref idref="fl-8"/>
      </object_component>
      <object_component id="oc-205">
         <name>.debug_info</name>
         <load_address>0x9bec</load_address>
         <run_address>0x9bec</run_address>
         <size>0x3e8</size>
         <input_file_ref idref="fl-8"/>
      </object_component>
      <object_component id="oc-20a">
         <name>.debug_info</name>
         <load_address>0x9fd4</load_address>
         <run_address>0x9fd4</run_address>
         <size>0xcc</size>
         <input_file_ref idref="fl-8"/>
      </object_component>
      <object_component id="oc-261">
         <name>.debug_info</name>
         <load_address>0xa0a0</load_address>
         <run_address>0xa0a0</run_address>
         <size>0x701</size>
         <input_file_ref idref="fl-13"/>
      </object_component>
      <object_component id="oc-1f4">
         <name>.debug_info</name>
         <load_address>0xa7a1</load_address>
         <run_address>0xa7a1</run_address>
         <size>0x135</size>
         <input_file_ref idref="fl-13"/>
      </object_component>
      <object_component id="oc-158">
         <name>.debug_info</name>
         <load_address>0xa8d6</load_address>
         <run_address>0xa8d6</run_address>
         <size>0x252</size>
         <input_file_ref idref="fl-13"/>
      </object_component>
      <object_component id="oc-164">
         <name>.debug_info</name>
         <load_address>0xab28</load_address>
         <run_address>0xab28</run_address>
         <size>0x250</size>
         <input_file_ref idref="fl-13"/>
      </object_component>
      <object_component id="oc-16a">
         <name>.debug_info</name>
         <load_address>0xad78</load_address>
         <run_address>0xad78</run_address>
         <size>0x2a3</size>
         <input_file_ref idref="fl-13"/>
      </object_component>
      <object_component id="oc-14f">
         <name>.debug_info</name>
         <load_address>0xb01b</load_address>
         <run_address>0xb01b</run_address>
         <size>0x25a</size>
         <input_file_ref idref="fl-13"/>
      </object_component>
      <object_component id="oc-15f">
         <name>.debug_info</name>
         <load_address>0xb275</load_address>
         <run_address>0xb275</run_address>
         <size>0x258</size>
         <input_file_ref idref="fl-13"/>
      </object_component>
      <object_component id="oc-171">
         <name>.debug_info</name>
         <load_address>0xb4cd</load_address>
         <run_address>0xb4cd</run_address>
         <size>0x27e</size>
         <input_file_ref idref="fl-13"/>
      </object_component>
      <object_component id="oc-251">
         <name>.debug_info</name>
         <load_address>0xb74b</load_address>
         <run_address>0xb74b</run_address>
         <size>0x26b</size>
         <input_file_ref idref="fl-13"/>
      </object_component>
      <object_component id="oc-24c">
         <name>.debug_info</name>
         <load_address>0xb9b6</load_address>
         <run_address>0xb9b6</run_address>
         <size>0x1028</size>
         <input_file_ref idref="fl-13"/>
      </object_component>
      <object_component id="oc-247">
         <name>.debug_info</name>
         <load_address>0xc9de</load_address>
         <run_address>0xc9de</run_address>
         <size>0x431a</size>
         <input_file_ref idref="fl-13"/>
      </object_component>
      <object_component id="oc-23f">
         <name>.debug_info</name>
         <load_address>0x10cf8</load_address>
         <run_address>0x10cf8</run_address>
         <size>0x297</size>
         <input_file_ref idref="fl-13"/>
      </object_component>
      <object_component id="oc-1cc">
         <name>.debug_info</name>
         <load_address>0x10f8f</load_address>
         <run_address>0x10f8f</run_address>
         <size>0xbb</size>
         <input_file_ref idref="fl-13"/>
      </object_component>
      <object_component id="oc-d9">
         <name>.debug_info</name>
         <load_address>0x1104a</load_address>
         <run_address>0x1104a</run_address>
         <size>0x1b0</size>
         <input_file_ref idref="fl-15"/>
      </object_component>
      <object_component id="oc-1d8">
         <name>.debug_info</name>
         <load_address>0x111fa</load_address>
         <run_address>0x111fa</run_address>
         <size>0x6f5</size>
         <input_file_ref idref="fl-17"/>
      </object_component>
      <object_component id="oc-1d2">
         <name>.debug_info</name>
         <load_address>0x118ef</load_address>
         <run_address>0x118ef</run_address>
         <size>0x1c7</size>
         <input_file_ref idref="fl-17"/>
      </object_component>
      <object_component id="oc-13b">
         <name>.debug_info</name>
         <load_address>0x11ab6</load_address>
         <run_address>0x11ab6</run_address>
         <size>0x22b</size>
         <input_file_ref idref="fl-17"/>
      </object_component>
      <object_component id="oc-147">
         <name>.debug_info</name>
         <load_address>0x11ce1</load_address>
         <run_address>0x11ce1</run_address>
         <size>0x284</size>
         <input_file_ref idref="fl-17"/>
      </object_component>
      <object_component id="oc-141">
         <name>.debug_info</name>
         <load_address>0x11f65</load_address>
         <run_address>0x11f65</run_address>
         <size>0x235</size>
         <input_file_ref idref="fl-17"/>
      </object_component>
      <object_component id="oc-1ed">
         <name>.debug_info</name>
         <load_address>0x1219a</load_address>
         <run_address>0x1219a</run_address>
         <size>0x238</size>
         <input_file_ref idref="fl-17"/>
      </object_component>
      <object_component id="oc-1e0">
         <name>.debug_info</name>
         <load_address>0x123d2</load_address>
         <run_address>0x123d2</run_address>
         <size>0x1e9</size>
         <input_file_ref idref="fl-17"/>
      </object_component>
      <object_component id="oc-1e7">
         <name>.debug_info</name>
         <load_address>0x125bb</load_address>
         <run_address>0x125bb</run_address>
         <size>0x238</size>
         <input_file_ref idref="fl-17"/>
      </object_component>
      <object_component id="oc-1da">
         <name>.debug_info</name>
         <load_address>0x127f3</load_address>
         <run_address>0x127f3</run_address>
         <size>0x1e9</size>
         <input_file_ref idref="fl-17"/>
      </object_component>
      <object_component id="oc-256">
         <name>.debug_info</name>
         <load_address>0x129dc</load_address>
         <run_address>0x129dc</run_address>
         <size>0x131</size>
         <input_file_ref idref="fl-17"/>
      </object_component>
      <object_component id="oc-135">
         <name>.debug_info</name>
         <load_address>0x12b0d</load_address>
         <run_address>0x12b0d</run_address>
         <size>0x1c9</size>
         <input_file_ref idref="fl-18"/>
      </object_component>
      <object_component id="oc-180">
         <name>.debug_info</name>
         <load_address>0x12cd6</load_address>
         <run_address>0x12cd6</run_address>
         <size>0x194</size>
         <input_file_ref idref="fl-19"/>
      </object_component>
      <object_component id="oc-85">
         <name>.debug_info</name>
         <load_address>0x12e6a</load_address>
         <run_address>0x12e6a</run_address>
         <size>0x14a</size>
         <input_file_ref idref="fl-d0"/>
      </object_component>
      <object_component id="oc-83">
         <name>.debug_info</name>
         <load_address>0x12fb4</load_address>
         <run_address>0x12fb4</run_address>
         <size>0x31e</size>
         <input_file_ref idref="fl-d1"/>
      </object_component>
      <object_component id="oc-47">
         <name>.debug_info</name>
         <load_address>0x132d2</load_address>
         <run_address>0x132d2</run_address>
         <size>0x1b5</size>
         <input_file_ref idref="fl-d1"/>
      </object_component>
      <object_component id="oc-7e">
         <name>.debug_info</name>
         <load_address>0x13487</load_address>
         <run_address>0x13487</run_address>
         <size>0x46</size>
         <input_file_ref idref="fl-d1"/>
      </object_component>
      <object_component id="oc-b7">
         <name>.debug_info</name>
         <load_address>0x134cd</load_address>
         <run_address>0x134cd</run_address>
         <size>0x2c</size>
         <input_file_ref idref="fl-d1"/>
      </object_component>
      <object_component id="oc-3f">
         <name>.debug_info</name>
         <load_address>0x134f9</load_address>
         <run_address>0x134f9</run_address>
         <size>0x2a8</size>
         <input_file_ref idref="fl-d2"/>
      </object_component>
      <object_component id="oc-1b">
         <name>.debug_info</name>
         <load_address>0x137a1</load_address>
         <run_address>0x137a1</run_address>
         <size>0x1ea</size>
         <input_file_ref idref="fl-d2"/>
      </object_component>
      <object_component id="oc-3a">
         <name>.debug_info</name>
         <load_address>0x1398b</load_address>
         <run_address>0x1398b</run_address>
         <size>0x46</size>
         <input_file_ref idref="fl-d2"/>
      </object_component>
      <object_component id="oc-76">
         <name>.debug_info</name>
         <load_address>0x139d1</load_address>
         <run_address>0x139d1</run_address>
         <size>0x2c</size>
         <input_file_ref idref="fl-d2"/>
      </object_component>
      <object_component id="oc-74">
         <name>.debug_info</name>
         <load_address>0x139fd</load_address>
         <run_address>0x139fd</run_address>
         <size>0x29e</size>
         <input_file_ref idref="fl-d3"/>
      </object_component>
      <object_component id="oc-15">
         <name>.debug_info</name>
         <load_address>0x13c9b</load_address>
         <run_address>0x13c9b</run_address>
         <size>0x250</size>
         <input_file_ref idref="fl-d3"/>
      </object_component>
      <object_component id="oc-2a">
         <name>.debug_info</name>
         <load_address>0x13eeb</load_address>
         <run_address>0x13eeb</run_address>
         <size>0x60</size>
         <input_file_ref idref="fl-d3"/>
      </object_component>
      <object_component id="oc-b0">
         <name>.debug_info</name>
         <load_address>0x13f4b</load_address>
         <run_address>0x13f4b</run_address>
         <size>0x46</size>
         <input_file_ref idref="fl-d3"/>
      </object_component>
      <object_component id="oc-6f">
         <name>.debug_info</name>
         <load_address>0x13f91</load_address>
         <run_address>0x13f91</run_address>
         <size>0x39</size>
         <input_file_ref idref="fl-d3"/>
      </object_component>
      <object_component id="oc-27">
         <name>.debug_info</name>
         <load_address>0x13fca</load_address>
         <run_address>0x13fca</run_address>
         <size>0x10b</size>
         <input_file_ref idref="fl-d4"/>
      </object_component>
      <object_component id="oc-53">
         <name>.debug_info</name>
         <load_address>0x140d5</load_address>
         <run_address>0x140d5</run_address>
         <size>0x1af</size>
         <input_file_ref idref="fl-d4"/>
      </object_component>
      <object_component id="oc-e8">
         <name>.debug_info</name>
         <load_address>0x14284</load_address>
         <run_address>0x14284</run_address>
         <size>0x122</size>
         <input_file_ref idref="fl-d5"/>
      </object_component>
      <object_component id="oc-35">
         <name>.debug_info</name>
         <load_address>0x143a6</load_address>
         <run_address>0x143a6</run_address>
         <size>0x11c</size>
         <input_file_ref idref="fl-d8"/>
      </object_component>
      <object_component id="oc-199">
         <name>.debug_info</name>
         <load_address>0x144c2</load_address>
         <run_address>0x144c2</run_address>
         <size>0x552</size>
         <input_file_ref idref="fl-d9"/>
      </object_component>
      <object_component id="oc-f4">
         <name>.debug_info</name>
         <load_address>0x14a14</load_address>
         <run_address>0x14a14</run_address>
         <size>0x1a6</size>
         <input_file_ref idref="fl-d9"/>
      </object_component>
      <object_component id="oc-229">
         <name>.debug_info</name>
         <load_address>0x14bba</load_address>
         <run_address>0x14bba</run_address>
         <size>0x39</size>
         <input_file_ref idref="fl-d9"/>
      </object_component>
      <object_component id="oc-26e">
         <name>.debug_info</name>
         <load_address>0x14bf3</load_address>
         <run_address>0x14bf3</run_address>
         <size>0x39</size>
         <input_file_ref idref="fl-d9"/>
      </object_component>
      <object_component id="oc-22e">
         <name>.debug_info</name>
         <load_address>0x14c2c</load_address>
         <run_address>0x14c2c</run_address>
         <size>0x39</size>
         <input_file_ref idref="fl-d9"/>
      </object_component>
      <object_component id="oc-233">
         <name>.debug_info</name>
         <load_address>0x14c65</load_address>
         <run_address>0x14c65</run_address>
         <size>0xcd</size>
         <input_file_ref idref="fl-d9"/>
      </object_component>
      <object_component id="oc-8b">
         <name>.debug_info</name>
         <load_address>0x14d32</load_address>
         <run_address>0x14d32</run_address>
         <size>0x153</size>
         <input_file_ref idref="fl-da"/>
      </object_component>
      <object_component id="oc-2ae">
         <name>.debug_info</name>
         <load_address>0x14e85</load_address>
         <run_address>0x14e85</run_address>
         <size>0xcc</size>
      </object_component>
      <object_component id="oc-1b1">
         <name>.debug_line</name>
         <load_address>0x0</load_address>
         <run_address>0x0</run_address>
         <size>0xfc</size>
         <input_file_ref idref="fl-1"/>
      </object_component>
      <object_component id="oc-94">
         <name>.debug_line</name>
         <load_address>0xfc</load_address>
         <run_address>0xfc</run_address>
         <size>0x4a</size>
         <input_file_ref idref="fl-1"/>
      </object_component>
      <object_component id="oc-1bf">
         <name>.debug_line</name>
         <load_address>0x146</load_address>
         <run_address>0x146</run_address>
         <size>0x6e</size>
         <input_file_ref idref="fl-1"/>
      </object_component>
      <object_component id="oc-1b5">
         <name>.debug_line</name>
         <load_address>0x1b4</load_address>
         <run_address>0x1b4</run_address>
         <size>0x3a</size>
         <input_file_ref idref="fl-1"/>
      </object_component>
      <object_component id="oc-ae">
         <name>.debug_line</name>
         <load_address>0x1ee</load_address>
         <run_address>0x1ee</run_address>
         <size>0x73</size>
         <input_file_ref idref="fl-1"/>
      </object_component>
      <object_component id="oc-1c4">
         <name>.debug_line</name>
         <load_address>0x261</load_address>
         <run_address>0x261</run_address>
         <size>0x82</size>
         <input_file_ref idref="fl-1"/>
      </object_component>
      <object_component id="oc-1ba">
         <name>.debug_line</name>
         <load_address>0x2e3</load_address>
         <run_address>0x2e3</run_address>
         <size>0x85</size>
         <input_file_ref idref="fl-1"/>
      </object_component>
      <object_component id="oc-e5">
         <name>.debug_line</name>
         <load_address>0x368</load_address>
         <run_address>0x368</run_address>
         <size>0x20</size>
         <input_file_ref idref="fl-1"/>
      </object_component>
      <object_component id="oc-131">
         <name>.debug_line</name>
         <load_address>0x388</load_address>
         <run_address>0x388</run_address>
         <size>0x77</size>
         <input_file_ref idref="fl-1"/>
      </object_component>
      <object_component id="oc-1c9">
         <name>.debug_line</name>
         <load_address>0x3ff</load_address>
         <run_address>0x3ff</run_address>
         <size>0x73</size>
         <input_file_ref idref="fl-1"/>
      </object_component>
      <object_component id="oc-12c">
         <name>.debug_line</name>
         <load_address>0x472</load_address>
         <run_address>0x472</run_address>
         <size>0x74</size>
         <input_file_ref idref="fl-1"/>
      </object_component>
      <object_component id="oc-23d">
         <name>.debug_line</name>
         <load_address>0x4e6</load_address>
         <run_address>0x4e6</run_address>
         <size>0x6f</size>
         <input_file_ref idref="fl-1"/>
      </object_component>
      <object_component id="oc-267">
         <name>.debug_line</name>
         <load_address>0x555</load_address>
         <run_address>0x555</run_address>
         <size>0x83</size>
         <input_file_ref idref="fl-1"/>
      </object_component>
      <object_component id="oc-aa">
         <name>.debug_line</name>
         <load_address>0x5d8</load_address>
         <run_address>0x5d8</run_address>
         <size>0x40</size>
         <input_file_ref idref="fl-2"/>
      </object_component>
      <object_component id="oc-6b">
         <name>.debug_line</name>
         <load_address>0x618</load_address>
         <run_address>0x618</run_address>
         <size>0x40</size>
         <input_file_ref idref="fl-2"/>
      </object_component>
      <object_component id="oc-68">
         <name>.debug_line</name>
         <load_address>0x658</load_address>
         <run_address>0x658</run_address>
         <size>0x71</size>
         <input_file_ref idref="fl-2"/>
      </object_component>
      <object_component id="oc-32">
         <name>.debug_line</name>
         <load_address>0x6c9</load_address>
         <run_address>0x6c9</run_address>
         <size>0x20</size>
         <input_file_ref idref="fl-2"/>
      </object_component>
      <object_component id="oc-1af">
         <name>.debug_line</name>
         <load_address>0x6e9</load_address>
         <run_address>0x6e9</run_address>
         <size>0x3b</size>
         <input_file_ref idref="fl-3"/>
      </object_component>
      <object_component id="oc-a6">
         <name>.debug_line</name>
         <load_address>0x724</load_address>
         <run_address>0x724</run_address>
         <size>0x159</size>
         <input_file_ref idref="fl-3"/>
      </object_component>
      <object_component id="oc-200">
         <name>.debug_line</name>
         <load_address>0x87d</load_address>
         <run_address>0x87d</run_address>
         <size>0x38</size>
         <input_file_ref idref="fl-4"/>
      </object_component>
      <object_component id="oc-ca">
         <name>.debug_line</name>
         <load_address>0x8b5</load_address>
         <run_address>0x8b5</run_address>
         <size>0x99</size>
         <input_file_ref idref="fl-4"/>
      </object_component>
      <object_component id="oc-263">
         <name>.debug_line</name>
         <load_address>0x94e</load_address>
         <run_address>0x94e</run_address>
         <size>0x163</size>
         <input_file_ref idref="fl-5"/>
      </object_component>
      <object_component id="oc-1f8">
         <name>.debug_line</name>
         <load_address>0xab1</load_address>
         <run_address>0xab1</run_address>
         <size>0x37</size>
         <input_file_ref idref="fl-5"/>
      </object_component>
      <object_component id="oc-c4">
         <name>.debug_line</name>
         <load_address>0xae8</load_address>
         <run_address>0xae8</run_address>
         <size>0xa6</size>
         <input_file_ref idref="fl-5"/>
      </object_component>
      <object_component id="oc-202">
         <name>.debug_line</name>
         <load_address>0xb8e</load_address>
         <run_address>0xb8e</run_address>
         <size>0x65</size>
         <input_file_ref idref="fl-6"/>
      </object_component>
      <object_component id="oc-d6">
         <name>.debug_line</name>
         <load_address>0xbf3</load_address>
         <run_address>0xbf3</run_address>
         <size>0x206</size>
         <input_file_ref idref="fl-6"/>
      </object_component>
      <object_component id="oc-218">
         <name>.debug_line</name>
         <load_address>0xdf9</load_address>
         <run_address>0xdf9</run_address>
         <size>0x20</size>
         <input_file_ref idref="fl-7"/>
      </object_component>
      <object_component id="oc-26a">
         <name>.debug_line</name>
         <load_address>0xe19</load_address>
         <run_address>0xe19</run_address>
         <size>0x38</size>
         <input_file_ref idref="fl-7"/>
      </object_component>
      <object_component id="oc-214">
         <name>.debug_line</name>
         <load_address>0xe51</load_address>
         <run_address>0xe51</run_address>
         <size>0x38</size>
         <input_file_ref idref="fl-7"/>
      </object_component>
      <object_component id="oc-216">
         <name>.debug_line</name>
         <load_address>0xe89</load_address>
         <run_address>0xe89</run_address>
         <size>0x38</size>
         <input_file_ref idref="fl-7"/>
      </object_component>
      <object_component id="oc-18c">
         <name>.debug_line</name>
         <load_address>0xec1</load_address>
         <run_address>0xec1</run_address>
         <size>0x38</size>
         <input_file_ref idref="fl-7"/>
      </object_component>
      <object_component id="oc-204">
         <name>.debug_line</name>
         <load_address>0xef9</load_address>
         <run_address>0xef9</run_address>
         <size>0xac</size>
         <input_file_ref idref="fl-8"/>
      </object_component>
      <object_component id="oc-d0">
         <name>.debug_line</name>
         <load_address>0xfa5</load_address>
         <run_address>0xfa5</run_address>
         <size>0x17e</size>
         <input_file_ref idref="fl-8"/>
      </object_component>
      <object_component id="oc-208">
         <name>.debug_line</name>
         <load_address>0x1123</load_address>
         <run_address>0x1123</run_address>
         <size>0x6e</size>
         <input_file_ref idref="fl-8"/>
      </object_component>
      <object_component id="oc-20d">
         <name>.debug_line</name>
         <load_address>0x1191</load_address>
         <run_address>0x1191</run_address>
         <size>0x6e</size>
         <input_file_ref idref="fl-8"/>
      </object_component>
      <object_component id="oc-27b">
         <name>.debug_line</name>
         <load_address>0x11ff</load_address>
         <run_address>0x11ff</run_address>
         <size>0x56</size>
         <input_file_ref idref="fl-13"/>
      </object_component>
      <object_component id="oc-260">
         <name>.debug_line</name>
         <load_address>0x1255</load_address>
         <run_address>0x1255</run_address>
         <size>0x51</size>
         <input_file_ref idref="fl-13"/>
      </object_component>
      <object_component id="oc-15a">
         <name>.debug_line</name>
         <load_address>0x12a6</load_address>
         <run_address>0x12a6</run_address>
         <size>0x6e</size>
         <input_file_ref idref="fl-13"/>
      </object_component>
      <object_component id="oc-166">
         <name>.debug_line</name>
         <load_address>0x1314</load_address>
         <run_address>0x1314</run_address>
         <size>0x6f</size>
         <input_file_ref idref="fl-13"/>
      </object_component>
      <object_component id="oc-16c">
         <name>.debug_line</name>
         <load_address>0x1383</load_address>
         <run_address>0x1383</run_address>
         <size>0x78</size>
         <input_file_ref idref="fl-13"/>
      </object_component>
      <object_component id="oc-151">
         <name>.debug_line</name>
         <load_address>0x13fb</load_address>
         <run_address>0x13fb</run_address>
         <size>0x6c</size>
         <input_file_ref idref="fl-13"/>
      </object_component>
      <object_component id="oc-161">
         <name>.debug_line</name>
         <load_address>0x1467</load_address>
         <run_address>0x1467</run_address>
         <size>0x6c</size>
         <input_file_ref idref="fl-13"/>
      </object_component>
      <object_component id="oc-173">
         <name>.debug_line</name>
         <load_address>0x14d3</load_address>
         <run_address>0x14d3</run_address>
         <size>0x73</size>
         <input_file_ref idref="fl-13"/>
      </object_component>
      <object_component id="oc-254">
         <name>.debug_line</name>
         <load_address>0x1546</load_address>
         <run_address>0x1546</run_address>
         <size>0x51</size>
         <input_file_ref idref="fl-13"/>
      </object_component>
      <object_component id="oc-24f">
         <name>.debug_line</name>
         <load_address>0x1597</load_address>
         <run_address>0x1597</run_address>
         <size>0x4f</size>
         <input_file_ref idref="fl-13"/>
      </object_component>
      <object_component id="oc-24a">
         <name>.debug_line</name>
         <load_address>0x15e6</load_address>
         <run_address>0x15e6</run_address>
         <size>0x51</size>
         <input_file_ref idref="fl-13"/>
      </object_component>
      <object_component id="oc-242">
         <name>.debug_line</name>
         <load_address>0x1637</load_address>
         <run_address>0x1637</run_address>
         <size>0x55</size>
         <input_file_ref idref="fl-13"/>
      </object_component>
      <object_component id="oc-1cf">
         <name>.debug_line</name>
         <load_address>0x168c</load_address>
         <run_address>0x168c</run_address>
         <size>0x52</size>
         <input_file_ref idref="fl-13"/>
      </object_component>
      <object_component id="oc-dc">
         <name>.debug_line</name>
         <load_address>0x16de</load_address>
         <run_address>0x16de</run_address>
         <size>0x70</size>
         <input_file_ref idref="fl-15"/>
      </object_component>
      <object_component id="oc-246">
         <name>.debug_line</name>
         <load_address>0x174e</load_address>
         <run_address>0x174e</run_address>
         <size>0x56</size>
         <input_file_ref idref="fl-17"/>
      </object_component>
      <object_component id="oc-1d5">
         <name>.debug_line</name>
         <load_address>0x17a4</load_address>
         <run_address>0x17a4</run_address>
         <size>0x6b</size>
         <input_file_ref idref="fl-17"/>
      </object_component>
      <object_component id="oc-13e">
         <name>.debug_line</name>
         <load_address>0x180f</load_address>
         <run_address>0x180f</run_address>
         <size>0x7a</size>
         <input_file_ref idref="fl-17"/>
      </object_component>
      <object_component id="oc-14a">
         <name>.debug_line</name>
         <load_address>0x1889</load_address>
         <run_address>0x1889</run_address>
         <size>0x71</size>
         <input_file_ref idref="fl-17"/>
      </object_component>
      <object_component id="oc-144">
         <name>.debug_line</name>
         <load_address>0x18fa</load_address>
         <run_address>0x18fa</run_address>
         <size>0x71</size>
         <input_file_ref idref="fl-17"/>
      </object_component>
      <object_component id="oc-1f0">
         <name>.debug_line</name>
         <load_address>0x196b</load_address>
         <run_address>0x196b</run_address>
         <size>0x68</size>
         <input_file_ref idref="fl-17"/>
      </object_component>
      <object_component id="oc-1e3">
         <name>.debug_line</name>
         <load_address>0x19d3</load_address>
         <run_address>0x19d3</run_address>
         <size>0x68</size>
         <input_file_ref idref="fl-17"/>
      </object_component>
      <object_component id="oc-1ea">
         <name>.debug_line</name>
         <load_address>0x1a3b</load_address>
         <run_address>0x1a3b</run_address>
         <size>0x68</size>
         <input_file_ref idref="fl-17"/>
      </object_component>
      <object_component id="oc-1dd">
         <name>.debug_line</name>
         <load_address>0x1aa3</load_address>
         <run_address>0x1aa3</run_address>
         <size>0x68</size>
         <input_file_ref idref="fl-17"/>
      </object_component>
      <object_component id="oc-259">
         <name>.debug_line</name>
         <load_address>0x1b0b</load_address>
         <run_address>0x1b0b</run_address>
         <size>0x50</size>
         <input_file_ref idref="fl-17"/>
      </object_component>
      <object_component id="oc-138">
         <name>.debug_line</name>
         <load_address>0x1b5b</load_address>
         <run_address>0x1b5b</run_address>
         <size>0x6a</size>
         <input_file_ref idref="fl-18"/>
      </object_component>
      <object_component id="oc-17f">
         <name>.debug_line</name>
         <load_address>0x1bc5</load_address>
         <run_address>0x1bc5</run_address>
         <size>0x68</size>
         <input_file_ref idref="fl-19"/>
      </object_component>
      <object_component id="oc-88">
         <name>.debug_line</name>
         <load_address>0x1c2d</load_address>
         <run_address>0x1c2d</run_address>
         <size>0x79</size>
         <input_file_ref idref="fl-d0"/>
      </object_component>
      <object_component id="oc-bd">
         <name>.debug_line</name>
         <load_address>0x1ca6</load_address>
         <run_address>0x1ca6</run_address>
         <size>0xa9</size>
         <input_file_ref idref="fl-d1"/>
      </object_component>
      <object_component id="oc-4a">
         <name>.debug_line</name>
         <load_address>0x1d4f</load_address>
         <run_address>0x1d4f</run_address>
         <size>0x4f</size>
         <input_file_ref idref="fl-d1"/>
      </object_component>
      <object_component id="oc-81">
         <name>.debug_line</name>
         <load_address>0x1d9e</load_address>
         <run_address>0x1d9e</run_address>
         <size>0x34</size>
         <input_file_ref idref="fl-d1"/>
      </object_component>
      <object_component id="oc-ba">
         <name>.debug_line</name>
         <load_address>0x1dd2</load_address>
         <run_address>0x1dd2</run_address>
         <size>0x95</size>
         <input_file_ref idref="fl-d1"/>
      </object_component>
      <object_component id="oc-7c">
         <name>.debug_line</name>
         <load_address>0x1e67</load_address>
         <run_address>0x1e67</run_address>
         <size>0x20</size>
         <input_file_ref idref="fl-d2"/>
      </object_component>
      <object_component id="oc-1e">
         <name>.debug_line</name>
         <load_address>0x1e87</load_address>
         <run_address>0x1e87</run_address>
         <size>0x55</size>
         <input_file_ref idref="fl-d2"/>
      </object_component>
      <object_component id="oc-3d">
         <name>.debug_line</name>
         <load_address>0x1edc</load_address>
         <run_address>0x1edc</run_address>
         <size>0x3a</size>
         <input_file_ref idref="fl-d2"/>
      </object_component>
      <object_component id="oc-79">
         <name>.debug_line</name>
         <load_address>0x1f16</load_address>
         <run_address>0x1f16</run_address>
         <size>0x95</size>
         <input_file_ref idref="fl-d2"/>
      </object_component>
      <object_component id="oc-b6">
         <name>.debug_line</name>
         <load_address>0x1fab</load_address>
         <run_address>0x1fab</run_address>
         <size>0x20</size>
         <input_file_ref idref="fl-d3"/>
      </object_component>
      <object_component id="oc-18">
         <name>.debug_line</name>
         <load_address>0x1fcb</load_address>
         <run_address>0x1fcb</run_address>
         <size>0xa9</size>
         <input_file_ref idref="fl-d3"/>
      </object_component>
      <object_component id="oc-2d">
         <name>.debug_line</name>
         <load_address>0x2074</load_address>
         <run_address>0x2074</run_address>
         <size>0x3a</size>
         <input_file_ref idref="fl-d3"/>
      </object_component>
      <object_component id="oc-b3">
         <name>.debug_line</name>
         <load_address>0x20ae</load_address>
         <run_address>0x20ae</run_address>
         <size>0x9d</size>
         <input_file_ref idref="fl-d3"/>
      </object_component>
      <object_component id="oc-72">
         <name>.debug_line</name>
         <load_address>0x214b</load_address>
         <run_address>0x214b</run_address>
         <size>0x99</size>
         <input_file_ref idref="fl-d3"/>
      </object_component>
      <object_component id="oc-6e">
         <name>.debug_line</name>
         <load_address>0x21e4</load_address>
         <run_address>0x21e4</run_address>
         <size>0x33</size>
         <input_file_ref idref="fl-d4"/>
      </object_component>
      <object_component id="oc-56">
         <name>.debug_line</name>
         <load_address>0x2217</load_address>
         <run_address>0x2217</run_address>
         <size>0x56</size>
         <input_file_ref idref="fl-d4"/>
      </object_component>
      <object_component id="oc-eb">
         <name>.debug_line</name>
         <load_address>0x226d</load_address>
         <run_address>0x226d</run_address>
         <size>0x3c</size>
         <input_file_ref idref="fl-d5"/>
      </object_component>
      <object_component id="oc-38">
         <name>.debug_line</name>
         <load_address>0x22a9</load_address>
         <run_address>0x22a9</run_address>
         <size>0x88</size>
         <input_file_ref idref="fl-d8"/>
      </object_component>
      <object_component id="oc-228">
         <name>.debug_line</name>
         <load_address>0x2331</load_address>
         <run_address>0x2331</run_address>
         <size>0xc2</size>
         <input_file_ref idref="fl-d9"/>
      </object_component>
      <object_component id="oc-f7">
         <name>.debug_line</name>
         <load_address>0x23f3</load_address>
         <run_address>0x23f3</run_address>
         <size>0x6c</size>
         <input_file_ref idref="fl-d9"/>
      </object_component>
      <object_component id="oc-22c">
         <name>.debug_line</name>
         <load_address>0x245f</load_address>
         <run_address>0x245f</run_address>
         <size>0x2e</size>
         <input_file_ref idref="fl-d9"/>
      </object_component>
      <object_component id="oc-271">
         <name>.debug_line</name>
         <load_address>0x248d</load_address>
         <run_address>0x248d</run_address>
         <size>0x9d</size>
         <input_file_ref idref="fl-d9"/>
      </object_component>
      <object_component id="oc-231">
         <name>.debug_line</name>
         <load_address>0x252a</load_address>
         <run_address>0x252a</run_address>
         <size>0x9a</size>
         <input_file_ref idref="fl-d9"/>
      </object_component>
      <object_component id="oc-236">
         <name>.debug_line</name>
         <load_address>0x25c4</load_address>
         <run_address>0x25c4</run_address>
         <size>0x96</size>
         <input_file_ref idref="fl-d9"/>
      </object_component>
      <object_component id="oc-8e">
         <name>.debug_line</name>
         <load_address>0x265a</load_address>
         <run_address>0x265a</run_address>
         <size>0x40</size>
         <input_file_ref idref="fl-da"/>
      </object_component>
      <object_component id="oc-95">
         <name>.debug_frame</name>
         <load_address>0x0</load_address>
         <run_address>0x0</run_address>
         <size>0x58</size>
         <input_file_ref idref="fl-1"/>
      </object_component>
      <object_component id="oc-69">
         <name>.debug_frame</name>
         <load_address>0x58</load_address>
         <run_address>0x58</run_address>
         <size>0x6c</size>
         <input_file_ref idref="fl-2"/>
      </object_component>
      <object_component id="oc-a7">
         <name>.debug_frame</name>
         <load_address>0xc4</load_address>
         <run_address>0xc4</run_address>
         <size>0x70</size>
         <input_file_ref idref="fl-3"/>
      </object_component>
      <object_component id="oc-cb">
         <name>.debug_frame</name>
         <load_address>0x134</load_address>
         <run_address>0x134</run_address>
         <size>0xa0</size>
         <input_file_ref idref="fl-4"/>
      </object_component>
      <object_component id="oc-c5">
         <name>.debug_frame</name>
         <load_address>0x1d4</load_address>
         <run_address>0x1d4</run_address>
         <size>0xa0</size>
         <input_file_ref idref="fl-5"/>
      </object_component>
      <object_component id="oc-d7">
         <name>.debug_frame</name>
         <load_address>0x274</load_address>
         <run_address>0x274</run_address>
         <size>0xf4</size>
         <input_file_ref idref="fl-6"/>
      </object_component>
      <object_component id="oc-d1">
         <name>.debug_frame</name>
         <load_address>0x368</load_address>
         <run_address>0x368</run_address>
         <size>0xf8</size>
         <input_file_ref idref="fl-8"/>
      </object_component>
      <object_component id="oc-15b">
         <name>.debug_frame</name>
         <load_address>0x460</load_address>
         <run_address>0x460</run_address>
         <size>0x58</size>
         <input_file_ref idref="fl-13"/>
      </object_component>
      <object_component id="oc-167">
         <name>.debug_frame</name>
         <load_address>0x4b8</load_address>
         <run_address>0x4b8</run_address>
         <size>0x58</size>
         <input_file_ref idref="fl-13"/>
      </object_component>
      <object_component id="oc-16d">
         <name>.debug_frame</name>
         <load_address>0x510</load_address>
         <run_address>0x510</run_address>
         <size>0x58</size>
         <input_file_ref idref="fl-13"/>
      </object_component>
      <object_component id="oc-14e">
         <name>.debug_frame</name>
         <load_address>0x568</load_address>
         <run_address>0x568</run_address>
         <size>0x58</size>
         <input_file_ref idref="fl-13"/>
      </object_component>
      <object_component id="oc-15e">
         <name>.debug_frame</name>
         <load_address>0x5c0</load_address>
         <run_address>0x5c0</run_address>
         <size>0x58</size>
         <input_file_ref idref="fl-13"/>
      </object_component>
      <object_component id="oc-170">
         <name>.debug_frame</name>
         <load_address>0x618</load_address>
         <run_address>0x618</run_address>
         <size>0x58</size>
         <input_file_ref idref="fl-13"/>
      </object_component>
      <object_component id="oc-dd">
         <name>.debug_frame</name>
         <load_address>0x670</load_address>
         <run_address>0x670</run_address>
         <size>0x58</size>
         <input_file_ref idref="fl-15"/>
      </object_component>
      <object_component id="oc-1d6">
         <name>.debug_frame</name>
         <load_address>0x6c8</load_address>
         <run_address>0x6c8</run_address>
         <size>0x58</size>
         <input_file_ref idref="fl-17"/>
      </object_component>
      <object_component id="oc-13f">
         <name>.debug_frame</name>
         <load_address>0x720</load_address>
         <run_address>0x720</run_address>
         <size>0x64</size>
         <input_file_ref idref="fl-17"/>
      </object_component>
      <object_component id="oc-14b">
         <name>.debug_frame</name>
         <load_address>0x784</load_address>
         <run_address>0x784</run_address>
         <size>0x5c</size>
         <input_file_ref idref="fl-17"/>
      </object_component>
      <object_component id="oc-145">
         <name>.debug_frame</name>
         <load_address>0x7e0</load_address>
         <run_address>0x7e0</run_address>
         <size>0x58</size>
         <input_file_ref idref="fl-17"/>
      </object_component>
      <object_component id="oc-1f1">
         <name>.debug_frame</name>
         <load_address>0x838</load_address>
         <run_address>0x838</run_address>
         <size>0x58</size>
         <input_file_ref idref="fl-17"/>
      </object_component>
      <object_component id="oc-1e4">
         <name>.debug_frame</name>
         <load_address>0x890</load_address>
         <run_address>0x890</run_address>
         <size>0x58</size>
         <input_file_ref idref="fl-17"/>
      </object_component>
      <object_component id="oc-1eb">
         <name>.debug_frame</name>
         <load_address>0x8e8</load_address>
         <run_address>0x8e8</run_address>
         <size>0x58</size>
         <input_file_ref idref="fl-17"/>
      </object_component>
      <object_component id="oc-1de">
         <name>.debug_frame</name>
         <load_address>0x940</load_address>
         <run_address>0x940</run_address>
         <size>0x58</size>
         <input_file_ref idref="fl-17"/>
      </object_component>
      <object_component id="oc-139">
         <name>.debug_frame</name>
         <load_address>0x998</load_address>
         <run_address>0x998</run_address>
         <size>0x58</size>
         <input_file_ref idref="fl-18"/>
      </object_component>
      <object_component id="oc-183">
         <name>.debug_frame</name>
         <load_address>0x9f0</load_address>
         <run_address>0x9f0</run_address>
         <size>0x54</size>
         <input_file_ref idref="fl-19"/>
      </object_component>
      <object_component id="oc-4b">
         <name>.debug_frame</name>
         <load_address>0xa44</load_address>
         <run_address>0xa44</run_address>
         <size>0x54</size>
         <input_file_ref idref="fl-d1"/>
      </object_component>
      <object_component id="oc-1f">
         <name>.debug_frame</name>
         <load_address>0xa98</load_address>
         <run_address>0xa98</run_address>
         <size>0x54</size>
         <input_file_ref idref="fl-d2"/>
      </object_component>
      <object_component id="oc-19">
         <name>.debug_frame</name>
         <load_address>0xaec</load_address>
         <run_address>0xaec</run_address>
         <size>0x60</size>
         <input_file_ref idref="fl-d3"/>
      </object_component>
      <object_component id="oc-57">
         <name>.debug_frame</name>
         <load_address>0xb4c</load_address>
         <run_address>0xb4c</run_address>
         <size>0x58</size>
         <input_file_ref idref="fl-d4"/>
      </object_component>
      <object_component id="oc-ec">
         <name>.debug_frame</name>
         <load_address>0xba4</load_address>
         <run_address>0xba4</run_address>
         <size>0x54</size>
         <input_file_ref idref="fl-d5"/>
      </object_component>
      <object_component id="oc-f8">
         <name>.debug_frame</name>
         <load_address>0xbf8</load_address>
         <run_address>0xbf8</run_address>
         <size>0x5c</size>
         <input_file_ref idref="fl-d9"/>
      </object_component>
      <object_component id="oc-8f">
         <name>.debug_frame</name>
         <load_address>0xc54</load_address>
         <run_address>0xc54</run_address>
         <size>0x54</size>
         <input_file_ref idref="fl-da"/>
      </object_component>
      <object_component id="oc-1b0">
         <name>.debug_abbrev</name>
         <load_address>0x0</load_address>
         <run_address>0x0</run_address>
         <size>0xf9</size>
         <input_file_ref idref="fl-1"/>
      </object_component>
      <object_component id="oc-e1">
         <name>.debug_abbrev</name>
         <load_address>0xf9</load_address>
         <run_address>0xf9</run_address>
         <size>0x60</size>
         <input_file_ref idref="fl-1"/>
      </object_component>
      <object_component id="oc-1be">
         <name>.debug_abbrev</name>
         <load_address>0x159</load_address>
         <run_address>0x159</run_address>
         <size>0x9f</size>
         <input_file_ref idref="fl-1"/>
      </object_component>
      <object_component id="oc-1b4">
         <name>.debug_abbrev</name>
         <load_address>0x1f8</load_address>
         <run_address>0x1f8</run_address>
         <size>0x49</size>
         <input_file_ref idref="fl-1"/>
      </object_component>
      <object_component id="oc-ad">
         <name>.debug_abbrev</name>
         <load_address>0x241</load_address>
         <run_address>0x241</run_address>
         <size>0x69</size>
         <input_file_ref idref="fl-1"/>
      </object_component>
      <object_component id="oc-1c3">
         <name>.debug_abbrev</name>
         <load_address>0x2aa</load_address>
         <run_address>0x2aa</run_address>
         <size>0x97</size>
         <input_file_ref idref="fl-1"/>
      </object_component>
      <object_component id="oc-1b9">
         <name>.debug_abbrev</name>
         <load_address>0x341</load_address>
         <run_address>0x341</run_address>
         <size>0xbd</size>
         <input_file_ref idref="fl-1"/>
      </object_component>
      <object_component id="oc-e4">
         <name>.debug_abbrev</name>
         <load_address>0x3fe</load_address>
         <run_address>0x3fe</run_address>
         <size>0x1f</size>
         <input_file_ref idref="fl-1"/>
      </object_component>
      <object_component id="oc-130">
         <name>.debug_abbrev</name>
         <load_address>0x41d</load_address>
         <run_address>0x41d</run_address>
         <size>0x5c</size>
         <input_file_ref idref="fl-1"/>
      </object_component>
      <object_component id="oc-1c8">
         <name>.debug_abbrev</name>
         <load_address>0x479</load_address>
         <run_address>0x479</run_address>
         <size>0x24</size>
         <input_file_ref idref="fl-1"/>
      </object_component>
      <object_component id="oc-12b">
         <name>.debug_abbrev</name>
         <load_address>0x49d</load_address>
         <run_address>0x49d</run_address>
         <size>0x24</size>
         <input_file_ref idref="fl-1"/>
      </object_component>
      <object_component id="oc-23c">
         <name>.debug_abbrev</name>
         <load_address>0x4c1</load_address>
         <run_address>0x4c1</run_address>
         <size>0x24</size>
         <input_file_ref idref="fl-1"/>
      </object_component>
      <object_component id="oc-266">
         <name>.debug_abbrev</name>
         <load_address>0x4e5</load_address>
         <run_address>0x4e5</run_address>
         <size>0x4b</size>
         <input_file_ref idref="fl-1"/>
      </object_component>
      <object_component id="oc-a9">
         <name>.debug_abbrev</name>
         <load_address>0x530</load_address>
         <run_address>0x530</run_address>
         <size>0x7c</size>
         <input_file_ref idref="fl-2"/>
      </object_component>
      <object_component id="oc-6a">
         <name>.debug_abbrev</name>
         <load_address>0x5ac</load_address>
         <run_address>0x5ac</run_address>
         <size>0x29</size>
         <input_file_ref idref="fl-2"/>
      </object_component>
      <object_component id="oc-a8">
         <name>.debug_abbrev</name>
         <load_address>0x5d5</load_address>
         <run_address>0x5d5</run_address>
         <size>0x89</size>
         <input_file_ref idref="fl-2"/>
      </object_component>
      <object_component id="oc-31">
         <name>.debug_abbrev</name>
         <load_address>0x65e</load_address>
         <run_address>0x65e</run_address>
         <size>0x1f</size>
         <input_file_ref idref="fl-2"/>
      </object_component>
      <object_component id="oc-1ae">
         <name>.debug_abbrev</name>
         <load_address>0x67d</load_address>
         <run_address>0x67d</run_address>
         <size>0x29</size>
         <input_file_ref idref="fl-3"/>
      </object_component>
      <object_component id="oc-128">
         <name>.debug_abbrev</name>
         <load_address>0x6a6</load_address>
         <run_address>0x6a6</run_address>
         <size>0x8b</size>
         <input_file_ref idref="fl-3"/>
      </object_component>
      <object_component id="oc-1ff">
         <name>.debug_abbrev</name>
         <load_address>0x731</load_address>
         <run_address>0x731</run_address>
         <size>0x29</size>
         <input_file_ref idref="fl-4"/>
      </object_component>
      <object_component id="oc-177">
         <name>.debug_abbrev</name>
         <load_address>0x75a</load_address>
         <run_address>0x75a</run_address>
         <size>0xa9</size>
         <input_file_ref idref="fl-4"/>
      </object_component>
      <object_component id="oc-262">
         <name>.debug_abbrev</name>
         <load_address>0x803</load_address>
         <run_address>0x803</run_address>
         <size>0xf4</size>
         <input_file_ref idref="fl-5"/>
      </object_component>
      <object_component id="oc-1f7">
         <name>.debug_abbrev</name>
         <load_address>0x8f7</load_address>
         <run_address>0x8f7</run_address>
         <size>0x29</size>
         <input_file_ref idref="fl-5"/>
      </object_component>
      <object_component id="oc-155">
         <name>.debug_abbrev</name>
         <load_address>0x920</load_address>
         <run_address>0x920</run_address>
         <size>0x7a</size>
         <input_file_ref idref="fl-5"/>
      </object_component>
      <object_component id="oc-201">
         <name>.debug_abbrev</name>
         <load_address>0x99a</load_address>
         <run_address>0x99a</run_address>
         <size>0xe0</size>
         <input_file_ref idref="fl-6"/>
      </object_component>
      <object_component id="oc-17d">
         <name>.debug_abbrev</name>
         <load_address>0xa7a</load_address>
         <run_address>0xa7a</run_address>
         <size>0x6c</size>
         <input_file_ref idref="fl-6"/>
      </object_component>
      <object_component id="oc-217">
         <name>.debug_abbrev</name>
         <load_address>0xae6</load_address>
         <run_address>0xae6</run_address>
         <size>0x4e</size>
         <input_file_ref idref="fl-7"/>
      </object_component>
      <object_component id="oc-269">
         <name>.debug_abbrev</name>
         <load_address>0xb34</load_address>
         <run_address>0xb34</run_address>
         <size>0x27</size>
         <input_file_ref idref="fl-7"/>
      </object_component>
      <object_component id="oc-213">
         <name>.debug_abbrev</name>
         <load_address>0xb5b</load_address>
         <run_address>0xb5b</run_address>
         <size>0x29</size>
         <input_file_ref idref="fl-7"/>
      </object_component>
      <object_component id="oc-215">
         <name>.debug_abbrev</name>
         <load_address>0xb84</load_address>
         <run_address>0xb84</run_address>
         <size>0x27</size>
         <input_file_ref idref="fl-7"/>
      </object_component>
      <object_component id="oc-18b">
         <name>.debug_abbrev</name>
         <load_address>0xbab</load_address>
         <run_address>0xbab</run_address>
         <size>0x29</size>
         <input_file_ref idref="fl-7"/>
      </object_component>
      <object_component id="oc-203">
         <name>.debug_abbrev</name>
         <load_address>0xbd4</load_address>
         <run_address>0xbd4</run_address>
         <size>0xe5</size>
         <input_file_ref idref="fl-8"/>
      </object_component>
      <object_component id="oc-17b">
         <name>.debug_abbrev</name>
         <load_address>0xcb9</load_address>
         <run_address>0xcb9</run_address>
         <size>0xb4</size>
         <input_file_ref idref="fl-8"/>
      </object_component>
      <object_component id="oc-207">
[...]
            </available_space>
            <allocated_space>
               <start_address>0x2000fe00</start_address>
               <size>0x200</size>
               <logical_group_ref idref="lg-11"/>
            </allocated_space>
         </usage_details>
      </memory_area>
   </placement_map>
   <cptbl_list>
      <cptbl>
         <name>__TI_cinit_table</name>
         <cprec>
            <name>.data</name>
            <load_address>0x58d4</load_address>
            <load_size>0x9</load_size>
            <run_address>0x20001280</run_address>
            <run_size>0x5</run_size>
            <compression>lzss</compression>
         </cprec>
         <cprec>
            <name>.bss</name>
            <load_address>0x58e0</load_address>
            <load_size>0x8</load_size>
            <run_address>0x20000000</run_address>
            <run_size>0x1280</run_size>
            <compression>zero_init</compression>
         </cprec>
      </cptbl>
   </cptbl_list>
   <handler_table>
      <handler_table_name>__TI_handler_table</handler_table_name>
      <handler>
         <index>0x0</index>
         <name>__TI_decompress_lzss</name>
      </handler>
      <handler>
         <index>0x1</index>
         <name>__TI_decompress_none</name>
      </handler>
      <handler>
         <index>0x2</index>
         <name>__TI_zero_init</name>
      </handler>
   </handler_table>
   <symbol_table>
      <symbol id="sm-1">
         <name>WDTCTL_SYM</name>
         <value>0x4000480c</value>
      </symbol>
      <symbol id="sm-2">
         <name>__TI_CINIT_Base</name>
         <value>0x58e8</value>
      </symbol>
      <symbol id="sm-3">
         <name>__TI_CINIT_Limit</name>
         <value>0x58f8</value>
      </symbol>
      <symbol id="sm-4">
         <name>__TI_Handler_Table_Base</name>
         <value>0x58c8</value>
      </symbol>
      <symbol id="sm-5">
         <name>__TI_Handler_Table_Limit</name>
         <value>0x58d4</value>
      </symbol>
      <symbol id="sm-6">
         <name>binit</name>
         <value>0xffffffff</value>
      </symbol>
      <symbol id="sm-7">
         <name>__binit__</name>
         <value>0xffffffff</value>
      </symbol>
      <symbol id="sm-8">
         <name>__STACK_SIZE</name>
         <value>0x200</value>
      </symbol>
      <symbol id="sm-9">
         <name>__STACK_END</name>
         <value>0x20010000</value>
      </symbol>
      <symbol id="sm-a">
         <name>__c_args__</name>
         <value>0xffffffff</value>
      </symbol>
      <symbol id="sm-b">
         <name>__TI_pprof_out_hndl</name>
         <value>0xffffffff</value>
      </symbol>
      <symbol id="sm-c">
         <name>__TI_prof_data_start</name>
         <value>0xffffffff</value>
      </symbol>
      <symbol id="sm-d">
         <name>__TI_prof_data_size</name>
         <value>0xffffffff</value>
      </symbol>
      <symbol id="sm-6f">
         <name>main</name>
         <value>0x56f9</value>
         <object_component_ref idref="oc-90"/>
      </symbol>
      <symbol id="sm-89">
         <name>Reset_Handler</name>
         <value>0x58a3</value>
         <object_component_ref idref="oc-64"/>
      </symbol>
      <symbol id="sm-8a">
         <name>Default_Handler</name>
         <value>0x58af</value>
         <object_component_ref idref="oc-64"/>
      </symbol>
      <symbol id="sm-8b">
         <name>interruptVectors</name>
         <value>0x0</value>
         <object_component_ref idref="oc-23"/>
      </symbol>
      <symbol id="sm-d3">
         <name>SystemInit</name>
         <value>0x4bc5</value>
         <object_component_ref idref="oc-a2"/>
      </symbol>
      <symbol id="sm-d4">
         <name>SystemCoreClockUpdate</name>
         <value>0x494d</value>
         <object_component_ref idref="oc-a2"/>
      </symbol>
      <symbol id="sm-d5">
         <name>SystemCoreClock</name>
         <value>0x20001280</value>
         <object_component_ref idref="oc-125"/>
      </symbol>
      <symbol id="sm-ea">
         <name>digitalHigh</name>
         <value>0x5519</value>
         <object_component_ref idref="oc-c6"/>
      </symbol>
      <symbol id="sm-eb">
         <name>result</name>
         <value>0x20001284</value>
         <object_component_ref idref="oc-174"/>
      </symbol>
      <symbol id="sm-ec">
         <name>GPIO_Init</name>
         <value>0x54e1</value>
         <object_component_ref idref="oc-c6"/>
      </symbol>
      <symbol id="sm-ed">
         <name>digitalRead</name>
         <value>0x552b</value>
         <object_component_ref idref="oc-c6"/>
      </symbol>
      <symbol id="sm-ee">
         <name>digitalLow</name>
         <value>0x5507</value>
         <object_component_ref idref="oc-c6"/>
      </symbol>
      <symbol id="sm-107">
         <name>writeData</name>
         <value>0x538b</value>
         <object_component_ref idref="oc-c0"/>
      </symbol>
      <symbol id="sm-108">
         <name>spiMasterConfig</name>
         <value>0x491c</value>
         <object_component_ref idref="oc-152"/>
      </symbol>
      <symbol id="sm-109">
         <name>SPI_transmit</name>
         <value>0x53b7</value>
         <object_component_ref idref="oc-c0"/>
      </symbol>
      <symbol id="sm-10a">
         <name>writeCMD</name>
         <value>0x535f</value>
         <object_component_ref idref="oc-c0"/>
      </symbol>
      <symbol id="sm-10b">
         <name>SPI_Init</name>
         <value>0x5349</value>
         <object_component_ref idref="oc-c0"/>
      </symbol>
      <symbol id="sm-13e">
         <name>GLOBAL_framebuffer</name>
         <value>0x20000000</value>
      </symbol>
      <symbol id="sm-13f">
         <name>turnBlack</name>
         <value>0x4ec9</value>
         <object_component_ref idref="oc-d2"/>
      </symbol>
      <symbol id="sm-140">
         <name>powerOff</name>
         <value>0x4c8b</value>
         <object_component_ref idref="oc-d2"/>
      </symbol>
      <symbol id="sm-141">
         <name>initEPD</name>
         <value>0x4ca1</value>
         <object_component_ref idref="oc-d2"/>
      </symbol>
      <symbol id="sm-142">
         <name>turnYellow</name>
         <value>0x4f3b</value>
         <object_component_ref idref="oc-d2"/>
      </symbol>
      <symbol id="sm-143">
         <name>turnWhite</name>
         <value>0x4e57</value>
         <object_component_ref idref="oc-d2"/>
      </symbol>
      <symbol id="sm-144">
         <name>powerON</name>
         <value>0x4c81</value>
         <object_component_ref idref="oc-d2"/>
      </symbol>
      <symbol id="sm-145">
         <name>updateEPD</name>
         <value>0x4d8b</value>
         <object_component_ref idref="oc-d2"/>
      </symbol>
      <symbol id="sm-164">
         <name>FONT_ubuntu_bold_65</name>
         <value>0x4938</value>
         <object_component_ref idref="oc-de"/>
      </symbol>
      <symbol id="sm-165">
         <name>BITMAP_ubuntu_bold_65</name>
         <value>0x4944</value>
         <object_component_ref idref="oc-185"/>
      </symbol>
      <symbol id="sm-199">
         <name>gfxGetGlyphHeight</name>
         <value>0x5137</value>
         <object_component_ref idref="oc-cc"/>
      </symbol>
      <symbol id="sm-19a">
         <name>gfxInit</name>
         <value>0x4fb1</value>
         <object_component_ref idref="oc-cc"/>
      </symbol>
      <symbol id="sm-19b">
         <name>gfxGetGlyphWidth</name>
         <value>0x5115</value>
         <object_component_ref idref="oc-cc"/>
      </symbol>
      <symbol id="sm-19c">
         <name>gfxGetTextWidth</name>
         <value>0x5147</value>
         <object_component_ref idref="oc-cc"/>
      </symbol>
      <symbol id="sm-19d">
         <name>gfxPlaceBitmap</name>
         <value>0x517d</value>
         <object_component_ref idref="oc-cc"/>
      </symbol>
      <symbol id="sm-19e">
         <name>gfxWriteText</name>
         <value>0x4fc5</value>
         <object_component_ref idref="oc-cc"/>
      </symbol>
      <symbol id="sm-19f">
         <name>gfxGetGlyph</name>
         <value>0x50cd</value>
         <object_component_ref idref="oc-cc"/>
      </symbol>
      <symbol id="sm-207">
         <name>GPIO_setAsInputPin</name>
         <value>0x55b1</value>
         <object_component_ref idref="oc-162"/>
      </symbol>
      <symbol id="sm-208">
         <name>GPIO_setOutputHighOnPin</name>
         <value>0x575d</value>
         <object_component_ref idref="oc-14c"/>
      </symbol>
      <symbol id="sm-209">
         <name>GPIO_setAsOutputPin</name>
         <value>0x5641</value>
         <object_component_ref idref="oc-156"/>
      </symbol>
      <symbol id="sm-20a">
         <name>GPIO_setOutputLowOnPin</name>
         <value>0x5785</value>
         <object_component_ref idref="oc-15c"/>
      </symbol>
      <symbol id="sm-20b">
         <name>GPIO_getInputPinValue</name>
         <value>0x572d</value>
         <object_component_ref idref="oc-16e"/>
      </symbol>
      <symbol id="sm-20c">
         <name>GPIO_setAsPeripheralModuleFunctionInputPin</name>
         <value>0x53dd</value>
         <object_component_ref idref="oc-168"/>
      </symbol>
      <symbol id="sm-21c">
         <name>PCM_gotoLPM0</name>
         <value>0x57ad</value>
         <object_component_ref idref="oc-d8"/>
      </symbol>
      <symbol id="sm-276">
         <name>EUSCI_B_SPI_enable</name>
         <value>0x5869</value>
         <object_component_ref idref="oc-1df"/>
      </symbol>
      <symbol id="sm-277">
         <name>SPI_enableModule</name>
         <value>0x5821</value>
         <object_component_ref idref="oc-140"/>
      </symbol>
      <symbol id="sm-278">
         <name>EUSCI_A_SPI_transmitData</name>
         <value>0x5853</value>
         <object_component_ref idref="oc-1e6"/>
      </symbol>
      <symbol id="sm-279">
         <name>EUSCI_B_SPI_transmitData</name>
         <value>0x587f</value>
         <object_component_ref idref="oc-1ec"/>
      </symbol>
      <symbol id="sm-27a">
         <name>SPI_transmitData</name>
         <value>0x57d5</value>
         <object_component_ref idref="oc-146"/>
      </symbol>
      <symbol id="sm-27b">
         <name>EUSCI_A_SPI_enable</name>
         <value>0x583d</value>
         <object_component_ref idref="oc-1d9"/>
      </symbol>
      <symbol id="sm-27c">
         <name>SPI_initMaster</name>
         <value>0x51fd</value>
         <object_component_ref idref="oc-13a"/>
      </symbol>
      <symbol id="sm-288">
         <name>WDT_A_holdTimer</name>
         <value>0x57fd</value>
         <object_component_ref idref="oc-134"/>
      </symbol>
      <symbol id="sm-292">
         <name>CPU_wfi</name>
         <value>0x58bd</value>
         <object_component_ref idref="oc-17e"/>
      </symbol>
      <symbol id="sm-2a2">
         <name>__aeabi_memset</name>
         <value>0x5467</value>
         <object_component_ref idref="oc-84"/>
      </symbol>
      <symbol id="sm-2a3">
         <name>memset</name>
         <value>0x546d</value>
         <object_component_ref idref="oc-84"/>
      </symbol>
      <symbol id="sm-2a4">
         <name>__aeabi_memset8</name>
         <value>0x5467</value>
         <object_component_ref idref="oc-84"/>
      </symbol>
      <symbol id="sm-2a5">
         <name>__aeabi_memset4</name>
         <value>0x5467</value>
         <object_component_ref idref="oc-84"/>
      </symbol>
      <symbol id="sm-2a6">
         <name>__aeabi_memclr8</name>
         <value>0x5465</value>
         <object_component_ref idref="oc-84"/>
      </symbol>
      <symbol id="sm-2a7">
         <name>__aeabi_memclr4</name>
         <value>0x5465</value>
         <object_component_ref idref="oc-84"/>
      </symbol>
      <symbol id="sm-2a8">
         <name>__aeabi_memclr</name>
         <value>0x5465</value>
         <object_component_ref idref="oc-84"/>
      </symbol>
      <symbol id="sm-2bf">
         <name>__TI_zero_init</name>
         <value>0x58b1</value>
         <object_component_ref idref="oc-46"/>
      </symbol>
      <symbol id="sm-2d6">
         <name>__TI_decompress_none</name>
         <value>0x5895</value>
         <object_component_ref idref="oc-1a"/>
      </symbol>
      <symbol id="sm-2f9">
         <name>__TI_decompress_lzss</name>
         <value>0x5549</value>
         <object_component_ref idref="oc-14"/>
      </symbol>
      <symbol id="sm-30c">
         <name>__stack</name>
         <value>0x2000fe00</value>
         <object_component_ref idref="oc-26"/>
      </symbol>
      <symbol id="sm-30d">
         <name>_c_int00_noargs</name>
         <value>0x56c1</value>
         <object_component_ref idref="oc-52"/>
      </symbol>
      <symbol id="sm-318">
         <name>C$$EXIT</name>
         <value>0x58c5</value>
         <object_component_ref idref="oc-e7"/>
      </symbol>
      <symbol id="sm-319">
         <name>abort</name>
         <value>0x58c5</value>
         <object_component_ref idref="oc-e7"/>
      </symbol>
      <symbol id="sm-336">
         <name>memcpy</name>
         <value>0x52ad</value>
         <object_component_ref idref="oc-34"/>
      </symbol>
      <symbol id="sm-337">
         <name>__aeabi_memcpy</name>
         <value>0x52ad</value>
         <object_component_ref idref="oc-34"/>
      </symbol>
      <symbol id="sm-338">
         <name>__aeabi_memcpy8</name>
         <value>0x52ad</value>
         <object_component_ref idref="oc-34"/>
      </symbol>
      <symbol id="sm-339">
         <name>__aeabi_memcpy4</name>
         <value>0x52ad</value>
         <object_component_ref idref="oc-34"/>
      </symbol>
      <symbol id="sm-361">
         <name>__TI_auto_init_nobinit_nopinit</name>
         <value>0x55fd</value>
         <object_component_ref idref="oc-f3"/>
      </symbol>
      <symbol id="sm-36b">
         <name>_system_pre_init</name>
         <value>0x58c1</value>
         <object_component_ref idref="oc-8a"/>
      </symbol>
      <symbol id="sm-36d">
         <name>__TI_static_base__</name>
         <value>0x0</value>
      </symbol>
      <symbol id="sm-370">
         <name>__mpu_init</name>
         <value>0x0</value>
      </symbol>
      <symbol id="sm-371">
         <name>_system_post_cinit</name>
         <value>0x0</value>
      </symbol>
      <symbol id="sm-372">
         <name>NMI_Handler</name>
         <value>0x58af</value>
      </symbol>
      <symbol id="sm-373">
         <name>HardFault_Handler</name>
         <value>0x58af</value>
      </symbol>
      <symbol id="sm-374">
         <name>MemManage_Handler</name>
         <value>0x58af</value>
      </symbol>
      <symbol id="sm-375">
         <name>BusFault_Handler</name>
         <value>0x58af</value>
      </symbol>
      <symbol id="sm-376">
         <name>UsageFault_Handler</name>
         <value>0x58af</value>
      </symbol>
      <symbol id="sm-377">
         <name>SVC_Handler</name>
         <value>0x58af</value>
      </symbol>
      <symbol id="sm-378">
         <name>DebugMon_Handler</name>
         <value>0x58af</value>
      </symbol>
      <symbol id="sm-379">
         <name>PendSV_Handler</name>
         <value>0x58af</value>
      </symbol>
      <symbol id="sm-37a">
         <name>SysTick_Handler</name>
         <value>0x58af</value>
      </symbol>
      <symbol id="sm-37b">
         <name>PSS_IRQHandler</name>
         <value>0x58af</value>
      </symbol>
      <symbol id="sm-37c">
         <name>CS_IRQHandler</name>
         <value>0x58af</value>
      </symbol>
      <symbol id="sm-37d">
         <name>PCM_IRQHandler</name>
         <value>0x58af</value>
      </symbol>
      <symbol id="sm-37e">
         <name>WDT_A_IRQHandler</name>
         <value>0x58af</value>
      </symbol>
      <symbol id="sm-37f">
         <name>FPU_IRQHandler</name>
         <value>0x58af</value>
      </symbol>
      <symbol id="sm-380">
         <name>FLCTL_IRQHandler</name>
         <value>0x58af</value>
      </symbol>
      <symbol id="sm-381">
         <name>COMP_E0_IRQHandler</name>
         <value>0x58af</value>
      </symbol>
      <symbol id="sm-382">
         <name>COMP_E1_IRQHandler</name>
         <value>0x58af</value>
      </symbol>
      <symbol id="sm-383">
         <name>TA0_0_IRQHandler</name>
         <value>0x58af</value>
      </symbol>
      <symbol id="sm-384">
         <name>TA0_N_IRQHandler</name>
         <value>0x58af</value>
      </symbol>
      <symbol id="sm-385">
         <name>TA1_0_IRQHandler</name>
         <value>0x58af</value>
      </symbol>
      <symbol id="sm-386">
         <name>TA1_N_IRQHandler</name>
         <value>0x58af</value>
      </symbol>
      <symbol id="sm-387">
         <name>TA2_0_IRQHandler</name>
         <value>0x58af</value>
      </symbol>
      <symbol id="sm-388">
         <name>TA2_N_IRQHandler</name>
         <value>0x58af</value>
      </symbol>
      <symbol id="sm-389">
         <name>TA3_0_IRQHandler</name>
         <value>0x58af</value>
      </symbol>
      <symbol id="sm-38a">
         <name>TA3_N_IRQHandler</name>
         <value>0x58af</value>
      </symbol>
      <symbol id="sm-38b">
         <name>EUSCIA0_IRQHandler</name>
         <value>0x58af</value>
      </symbol>
      <symbol id="sm-38c">
         <name>EUSCIA1_IRQHandler</name>
         <value>0x58af</value>
      </symbol>
      <symbol id="sm-38d">
         <name>EUSCIA2_IRQHandler</name>
         <value>0x58af</value>
      </symbol>
      <symbol id="sm-38e">
         <name>EUSCIA3_IRQHandler</name>
         <value>0x58af</value>
      </symbol>
      <symbol id="sm-38f">
         <name>EUSCIB0_IRQHandler</name>
         <value>0x58af</value>
      </symbol>
      <symbol id="sm-390">
         <name>EUSCIB1_IRQHandler</name>
         <value>0x58af</value>
      </symbol>
      <symbol id="sm-391">
         <name>EUSCIB2_IRQHandler</name>
         <value>0x58af</value>
      </symbol>
      <symbol id="sm-392">
         <name>EUSCIB3_IRQHandler</name>
         <value>0x58af</value>
      </symbol>
      <symbol id="sm-393">
         <name>ADC14_IRQHandler</name>
         <value>0x58af</value>
      </symbol>
      <symbol id="sm-394">
         <name>T32_INT1_IRQHandler</name>
         <value>0x58af</value>
      </symbol>
      <symbol id="sm-395">
         <name>T32_INT2_IRQHandler</name>
         <value>0x58af</value>
      </symbol>
      <symbol id="sm-396">
         <name>T32_INTC_IRQHandler</name>
         <value>0x58af</value>
      </symbol>
      <symbol id="sm-397">
         <name>AES256_IRQHandler</name>
         <value>0x58af</value>
      </symbol>
      <symbol id="sm-398">
         <name>RTC_C_IRQHandler</name>
         <value>0x58af</value>
      </symbol>
      <symbol id="sm-399">
         <name>DMA_ERR_IRQHandler</name>
         <value>0x58af</value>
      </symbol>
      <symbol id="sm-39a">
         <name>DMA_INT3_IRQHandler</name>
         <value>0x58af</value>
      </symbol>
      <symbol id="sm-39b">
         <name>DMA_INT2_IRQHandler</name>
         <value>0x58af</value>
      </symbol>
      <symbol id="sm-39c">
         <name>DMA_INT1_IRQHandler</name>
         <value>0x58af</value>
      </symbol>
      <symbol id="sm-39d">
         <name>DMA_INT0_IRQHandler</name>
         <value>0x58af</value>
      </symbol>
      <symbol id="sm-39e">
         <name>PORT1_IRQHandler</name>
         <value>0x58af</value>
      </symbol>
      <symbol id="sm-39f">
         <name>PORT2_IRQHandler</name>
         <value>0x58af</value>
      </symbol>
      <symbol id="sm-3a0">
         <name>PORT3_IRQHandler</name>
         <value>0x58af</value>
      </symbol>
      <symbol id="sm-3a1">
         <name>PORT4_IRQHandler</name>
         <value>0x58af</value>
      </symbol>
      <symbol id="sm-3a2">
         <name>PORT5_IRQHandler</name>
         <value>0x58af</value>
      </symbol>
      <symbol id="sm-3a3">
         <name>PORT6_IRQHandler</name>
         <value>0x58af</value>
      </symbol>
   </symbol_table>
   <title>Link successful</title>
</link_info>
