******************************************************************************
                  TI ARM Linker Unix v18.1.4                   
******************************************************************************
>> Linked Sun Mar 29 14:39:34 2020

OUTPUT FILE NAME:   <ePaperDriver.out>
ENTRY POINT SYMBOL: "_c_int00_noargs"  address: 0000589d


MEMORY CONFIGURATION

         name            origin    length      used     unused   attr    fill
----------------------  --------  ---------  --------  --------  ----  --------
  MAIN                  00000000   00040000  00005aa0  0003a560  R  X
  INFO                  00200000   00004000  00000000  00004000  R  X
  SRAM_CODE             01000000   00010000  00001485  0000eb7b  RW X
  SRAM_DATA             20000000   00010000  00001485  0000eb7b  RW  


SEGMENT ALLOCATION MAP

run origin  load origin   length   init length attrs members
----------  ----------- ---------- ----------- ----- -------
00000000    00000000    00005aa0   00005aa0    r-x
  00000000    00000000    000000e4   000000e4    r-- .intvecs
  000000e4    000000e4    00004978   00004978    r-- .const
  00004a5c    00004a5c    00001014   00001014    r-x .text
  00005a70    00005a70    00000030   00000030    r-- .cinit
20000000    20000000    00001285   00000000    rw-
  20000000    20000000    00001280   00000000    rw- .bss
  20001280    20001280    00000005   00000000    rw- .data
2000fe00    2000fe00    00000200   00000000    rw-
  2000fe00    2000fe00    00000200   00000000    rw- .stack


SECTION ALLOCATION MAP

 output                                  attributes/
section   page    origin      length       input sections
--------  ----  ----------  ----------   ----------------
.intvecs   0    00000000    000000e4     
                  00000000    000000e4     startup_msp432p401r_ccs.obj (.intvecs:retain)

.const     0    000000e4    00004978     
                  000000e4    00003cc0     resources.obj (.const:.string:ubuntu_medium_48_payload)
                  00003da4    00000638     resources.obj (.const:.string:ubuntu_bold_16_payload)
                  000043dc    00000350     resources.obj (.const:.string:ubuntu_bold_24_payload)
                  0000472c    0000017c     resources.obj (.const:FONT_GLYPHS_ubuntu_bold_16)
                  000048a8    000000f8     resources.obj (.const:FONT_GLYPHS_ubuntu_medium_48)
                  000049a0    00000034     resources.obj (.const:FONT_GLYPHS_ubuntu_bold_24)
                  000049d4    00000030     msp432p4xx_driverlib.lib : gpio.o (.const:GPIO_PORT_TO_BASE)
                  00004a04    0000001c     SPIinit.obj (.const:spiMasterConfig)
                  00004a20    0000000c     resources.obj (.const:FONT_ubuntu_bold_16)
                  00004a2c    0000000c     resources.obj (.const:FONT_ubuntu_bold_24)
                  00004a38    0000000c     resources.obj (.const:FONT_ubuntu_medium_48)
                  00004a44    00000008     resources.obj (.const:BITMAP_ubuntu_bold_16)
                  00004a4c    00000008     resources.obj (.const:BITMAP_ubuntu_bold_24)
                  00004a54    00000008     resources.obj (.const:BITMAP_ubuntu_medium_48)

.text      0    00004a5c    00001014     
                  00004a5c    00000334     system_msp432p401r.obj (.text)
                  00004d90    00000330     ePaper.obj (.text)
                  000050c0    00000244     graphics.obj (.text)
                  00005304    000000d4     main.obj (.text)
                  000053d8    000000b0     msp432p4xx_driverlib.lib : spi.o (.text:SPI_initMaster)
                  00005488    0000009c     rtsv7M4_T_le_v4SPD16_eabi.lib : memcpy_t2.asm.obj (.text)
                  00005524    00000094     SPIinit.obj (.text)
                  000055b8    00000088     msp432p4xx_driverlib.lib : gpio.o (.text:GPIO_setAsPeripheralModuleFunctionInputPin)
                  00005640    0000007a     rtsv7M4_T_le_v4SPD16_eabi.lib : memset_t2.asm.obj (.text)
                  000056ba    00000002     --HOLE-- [fill = 0]
                  000056bc    00000068     GPIOInit.obj (.text)
                  00005724    00000068     rtsv7M4_T_le_v4SPD16_eabi.lib : copy_decompress_lzss.c.obj (.text:decompress:lzss:__TI_decompress_lzss)
                  0000578c    0000004c     msp432p4xx_driverlib.lib : gpio.o (.text:GPIO_setAsInputPin)
                  000057d8    00000044     rtsv7M4_T_le_v4SPD16_eabi.lib : autoinit.c.obj (.text:__TI_auto_init_nobinit_nopinit:__TI_auto_init_nobinit_nopinit)
                  0000581c    00000040     msp432p4xx_driverlib.lib : gpio.o (.text:GPIO_setAsOutputPin)
                  0000585c    00000040                              : spi.o (.text:is_A_Module)
                  0000589c    00000038     rtsv7M4_T_le_v4SPD16_eabi.lib : boot_cortex_m.c.obj (.text:_c_int00_noargs:_c_int00_noargs)
                  000058d4    00000030     msp432p4xx_driverlib.lib : gpio.o (.text:GPIO_getInputPinValue)
                  00005904    00000028                              : gpio.o (.text:GPIO_setOutputHighOnPin)
                  0000592c    00000028                              : gpio.o (.text:GPIO_setOutputLowOnPin)
                  00005954    00000028                              : pcm.o (.text:PCM_gotoLPM0)
                  0000597c    00000026                              : spi.o (.text:SPI_transmitData)
                  000059a2    00000002     --HOLE-- [fill = 0]
                  000059a4    00000024                              : wdt_a.o (.text:WDT_A_holdTimer)
                  000059c8    0000001c                              : spi.o (.text:SPI_enableModule)
                  000059e4    00000016                              : spi.o (.text:EUSCI_A_SPI_enable)
                  000059fa    00000016                              : spi.o (.text:EUSCI_A_SPI_transmitData)
                  00005a10    00000016                              : spi.o (.text:EUSCI_B_SPI_enable)
                  00005a26    00000016                              : spi.o (.text:EUSCI_B_SPI_transmitData)
                  00005a3c    0000000e     rtsv7M4_T_le_v4SPD16_eabi.lib : copy_decompress_none.c.obj (.text:decompress:none:__TI_decompress_none)
                  00005a4a    0000000e     startup_msp432p401r_ccs.obj (.text)
                  00005a58    0000000c     rtsv7M4_T_le_v4SPD16_eabi.lib : copy_zero_init.c.obj (.text:decompress:ZI:__TI_zero_init)
                  00005a64    00000004     msp432p4xx_driverlib.lib : cpu.o (.text:CPU_wfi)
                  00005a68    00000004     rtsv7M4_T_le_v4SPD16_eabi.lib : pre_init.c.obj (.text:_system_pre_init)
                  00005a6c    00000004                                   : exit.c.obj (.text:abort:abort)

.cinit     0    00005a70    00000030     
                  00005a70    0000000c     (__TI_handler_table)
                  00005a7c    00000009     (.cinit..data.load) [load image, compression = lzss]
                  00005a85    00000003     --HOLE-- [fill = 0]
                  00005a88    00000008     (.cinit..bss.load) [load image, compression = zero_init]
                  00005a90    00000010     (__TI_cinit_table)

.init_array 
*          0    00000000    00000000     UNINITIALIZED

.binit     0    00000000    00000000     

.bss       0    20000000    00001280     UNINITIALIZED
                  20000000    00001280     (.common:GLOBAL_framebuffer)

.data      0    20001280    00000005     UNINITIALIZED
                  20001280    00000004     system_msp432p401r.obj (.data)
                  20001284    00000001     GPIOInit.obj (.data)

.stack     0    2000fe00    00000200     UNINITIALIZED
                  2000fe00    00000004     rtsv7M4_T_le_v4SPD16_eabi.lib : boot_cortex_m.c.obj (.stack)
                  2000fe04    000001fc     --HOLE--

MODULE SUMMARY

       Module                        code   ro data   rw data
       ------                        ----   -------   -------
    ./
       system_msp432p401r.obj        820    0         8      
       startup_msp432p401r_ccs.obj   14     228       0      
       main.obj                      212    0         0      
    +--+-----------------------------+------+---------+---------+
       Total:                        1046   228       8      
                                                             
    ./Driver/
       ePaper.obj                    816    0         9472   
       SPIinit.obj                   148    28        0      
       GPIOInit.obj                  104    0         2      
    +--+-----------------------------+------+---------+---------+
       Total:                        1068   28        9474   
                                                             
    ./fonts/
       resources.obj                 0      18732     0      
    +--+-----------------------------+------+---------+---------+
       Total:                        0      18732     0      
                                                             
    ./grx/
       graphics.obj                  580    0         0      
    +--+-----------------------------+------+---------+---------+
       Total:                        580    0         0      
                                                             
    /home/andres/ti/ccsv8/tools/compiler/ti-cgt-arm_18.1.4.LTS/lib/rtsv7M4_T_le_v4SPD16_eabi.lib
       memcpy_t2.asm.obj             156    0         0      
       memset_t2.asm.obj             122    0         0      
       copy_decompress_lzss.c.obj    104    0         0      
       autoinit.c.obj                68     0         0      
       boot_cortex_m.c.obj           56     0         0      
       copy_decompress_none.c.obj    14     0         0      
       copy_zero_init.c.obj          12     0         0      
       exit.c.obj                    4      0         0      
       pre_init.c.obj                4      0         0      
    +--+-----------------------------+------+---------+---------+
       Total:                        540    0         0      
                                                             
    /home/andres/ti/simplelink_msp432p4_sdk_3_40_01_02/source/ti/devices/msp432p4xx/driverlib/ccs/msp432p4xx_driverlib.lib
       gpio.o                        404    48        0      
       spi.o                         394    0         0      
       pcm.o                         40     0         0      
       wdt_a.o                       36     0         0      
       cpu.o                         4      0         0      
    +--+-----------------------------+------+---------+---------+
       Total:                        878    48        0      
                                                             
       Stack:                        0      0         1024   
       Linker Generated:             0      45        0      
    +--+-----------------------------+------+---------+---------+
       Grand Total:                  4112   19081     10506  


LINKER GENERATED COPY TABLES

__TI_cinit_table @ 00005a90 records: 2, size/record: 8, table size: 16
	.data: load addr=00005a7c, load size=00000009 bytes, run addr=20001280, run size=00000005 bytes, compression=lzss
	.bss: load addr=00005a88, load size=00000008 bytes, run addr=20000000, run size=00001280 bytes, compression=zero_init


LINKER GENERATED HANDLER TABLE

__TI_handler_table @ 00005a70 records: 3, size/record: 4, table size: 12
	index: 0, handler: __TI_decompress_lzss
	index: 1, handler: __TI_decompress_none
	index: 2, handler: __TI_zero_init


GLOBAL SYMBOLS: SORTED ALPHABETICALLY BY Name 

address   name                                      
-------   ----                                      
00005a57  ADC14_IRQHandler                          
00005a57  AES256_IRQHandler                         
00004a44  BITMAP_ubuntu_bold_16                     
00004a4c  BITMAP_ubuntu_bold_24                     
00004a54  BITMAP_ubuntu_medium_48                   
00005a57  BusFault_Handler                          
00005a6d  C$$EXIT                                   
00005a57  COMP_E0_IRQHandler                        
00005a57  COMP_E1_IRQHandler                        
00005a65  CPU_wfi                                   
00005a57  CS_IRQHandler                             
00005a57  DMA_ERR_IRQHandler                        
00005a57  DMA_INT0_IRQHandler                       
00005a57  DMA_INT1_IRQHandler                       
00005a57  DMA_INT2_IRQHandler                       
00005a57  DMA_INT3_IRQHandler                       
00005a57  DebugMon_Handler                          
00005a57  Default_Handler                           
00005a57  EUSCIA0_IRQHandler                        
00005a57  EUSCIA1_IRQHandler                        
00005a57  EUSCIA2_IRQHandler                        
00005a57  EUSCIA3_IRQHandler                        
00005a57  EUSCIB0_IRQHandler                        
00005a57  EUSCIB1_IRQHandler                        
00005a57  EUSCIB2_IRQHandler                        
00005a57  EUSCIB3_IRQHandler                        
000059e5  EUSCI_A_SPI_enable                        
000059fb  EUSCI_A_SPI_transmitData                  
00005a11  EUSCI_B_SPI_enable                        
00005a27  EUSCI_B_SPI_transmitData                  
00005a57  FLCTL_IRQHandler                          
00004a20  FONT_ubuntu_bold_16                       
00004a2c  FONT_ubuntu_bold_24                       
00004a38  FONT_ubuntu_medium_48                     
00005a57  FPU_IRQHandler                            
20000000  GLOBAL_framebuffer                        
000056bd  GPIO_Init                                 
000058d5  GPIO_getInputPinValue                     
0000578d  GPIO_setAsInputPin                        
0000581d  GPIO_setAsOutputPin                       
000055b9  GPIO_setAsPeripheralModuleFunctionInputPin
00005905  GPIO_setOutputHighOnPin                   
0000592d  GPIO_setOutputLowOnPin                    
00005a57  HardFault_Handler                         
00005a57  MemManage_Handler                         
00005a57  NMI_Handler                               
00005a57  PCM_IRQHandler                            
00005955  PCM_gotoLPM0                              
00005a57  PORT1_IRQHandler                          
00005a57  PORT2_IRQHandler                          
00005a57  PORT3_IRQHandler                          
00005a57  PORT4_IRQHandler                          
00005a57  PORT5_IRQHandler                          
00005a57  PORT6_IRQHandler                          
00005a57  PSS_IRQHandler                            
00005a57  PendSV_Handler                            
00005a57  RTC_C_IRQHandler                          
00005a4b  Reset_Handler                             
00005525  SPI_Init                                  
000059c9  SPI_enableModule                          
000053d9  SPI_initMaster                            
00005593  SPI_transmit                              
0000597d  SPI_transmitData                          
00005a57  SVC_Handler                               
00005a57  SysTick_Handler                           
20001280  SystemCoreClock                           
00004a5d  SystemCoreClockUpdate                     
00004cd5  SystemInit                                
00005a57  T32_INT1_IRQHandler                       
00005a57  T32_INT2_IRQHandler                       
00005a57  T32_INTC_IRQHandler                       
00005a57  TA0_0_IRQHandler                          
00005a57  TA0_N_IRQHandler                          
00005a57  TA1_0_IRQHandler                          
00005a57  TA1_N_IRQHandler                          
00005a57  TA2_0_IRQHandler                          
00005a57  TA2_N_IRQHandler                          
00005a57  TA3_0_IRQHandler                          
00005a57  TA3_N_IRQHandler                          
00005a57  UsageFault_Handler                        
4000480c  WDTCTL_SYM                                
00005a57  WDT_A_IRQHandler                          
000059a5  WDT_A_holdTimer                           
20010000  __STACK_END                               
00000200  __STACK_SIZE                              
00005a90  __TI_CINIT_Base                           
00005aa0  __TI_CINIT_Limit                          
00005a70  __TI_Handler_Table_Base                   
00005a7c  __TI_Handler_Table_Limit                  
000057d9  __TI_auto_init_nobinit_nopinit            
00005725  __TI_decompress_lzss                      
00005a3d  __TI_decompress_none                      
ffffffff  __TI_pprof_out_hndl                       
ffffffff  __TI_prof_data_size                       
ffffffff  __TI_prof_data_start                      
00000000  __TI_static_base__                        
00005a59  __TI_zero_init                            
00005641  __aeabi_memclr                            
00005641  __aeabi_memclr4                           
00005641  __aeabi_memclr8                           
00005489  __aeabi_memcpy                            
00005489  __aeabi_memcpy4                           
00005489  __aeabi_memcpy8                           
00005643  __aeabi_memset                            
00005643  __aeabi_memset4                           
00005643  __aeabi_memset8                           
ffffffff  __binit__                                 
ffffffff  __c_args__                                
UNDEFED   __mpu_init                                
2000fe00  __stack                                   
0000589d  _c_int00_noargs                           
UNDEFED   _system_post_cinit                        
00005a69  _system_pre_init                          
00005a6d  abort                                     
ffffffff  binit                                     
000056f5  digitalHigh                               
000056e3  digitalLow                                
00005707  digitalRead                               
000051d7  gfxGetGlyph                               
00005241  gfxGetGlyphHeight                         
0000521f  gfxGetGlyphWidth                          
00005251  gfxGetTextWidth                           
000050c1  gfxInit                                   
00005287  gfxPlaceBitmap                            
000050d5  gfxWriteText                              
00004db1  initEPD                                   
00000000  interruptVectors                          
00005305  main                                      
00005489  memcpy                                    
00005649  memset                                    
00004d91  powerON                                   
00004d9b  powerOff                                  
20001284  result                                    
00004a04  spiMasterConfig                           
00004fd7  turnBlack                                 
00004f65  turnWhite                                 
00005049  turnYellow                                
00004e9b  updateEPD                                 
0000553b  writeCMD                                  
00005567  writeData                                 


GLOBAL SYMBOLS: SORTED BY Symbol Address 

address   name                                      
-------   ----                                      
00000000  __TI_static_base__                        
00000000  interruptVectors                          
00000200  __STACK_SIZE                              
00004a04  spiMasterConfig                           
00004a20  FONT_ubuntu_bold_16                       
00004a2c  FONT_ubuntu_bold_24                       
00004a38  FONT_ubuntu_medium_48                     
00004a44  BITMAP_ubuntu_bold_16                     
00004a4c  BITMAP_ubuntu_bold_24                     
00004a54  BITMAP_ubuntu_medium_48                   
00004a5d  SystemCoreClockUpdate                     
00004cd5  SystemInit                                
00004d91  powerON                                   
00004d9b  powerOff                                  
00004db1  initEPD                                   
00004e9b  updateEPD                                 
00004f65  turnWhite                                 
00004fd7  turnBlack                                 
00005049  turnYellow                                
000050c1  gfxInit                                   
000050d5  gfxWriteText                              
000051d7  gfxGetGlyph                               
0000521f  gfxGetGlyphWidth                          
00005241  gfxGetGlyphHeight                         
00005251  gfxGetTextWidth                           
00005287  gfxPlaceBitmap                            
00005305  main                                      
000053d9  SPI_initMaster                            
00005489  __aeabi_memcpy                            
00005489  __aeabi_memcpy4                           
00005489  __aeabi_memcpy8                           
00005489  memcpy                                    
00005525  SPI_Init                                  
0000553b  writeCMD                                  
00005567  writeData                                 
00005593  SPI_transmit                              
000055b9  GPIO_setAsPeripheralModuleFunctionInputPin
00005641  __aeabi_memclr                            
00005641  __aeabi_memclr4                           
00005641  __aeabi_memclr8                           
00005643  __aeabi_memset                            
00005643  __aeabi_memset4                           
00005643  __aeabi_memset8                           
00005649  memset                                    
000056bd  GPIO_Init                                 
000056e3  digitalLow                                
000056f5  digitalHigh                               
00005707  digitalRead                               
00005725  __TI_decompress_lzss                      
0000578d  GPIO_setAsInputPin                        
000057d9  __TI_auto_init_nobinit_nopinit            
0000581d  GPIO_setAsOutputPin                       
0000589d  _c_int00_noargs                           
000058d5  GPIO_getInputPinValue                     
00005905  GPIO_setOutputHighOnPin                   
0000592d  GPIO_setOutputLowOnPin                    
00005955  PCM_gotoLPM0                              
0000597d  SPI_transmitData                          
000059a5  WDT_A_holdTimer                           
000059c9  SPI_enableModule                          
000059e5  EUSCI_A_SPI_enable                        
000059fb  EUSCI_A_SPI_transmitData                  
00005a11  EUSCI_B_SPI_enable                        
00005a27  EUSCI_B_SPI_transmitData                  
00005a3d  __TI_decompress_none                      
00005a4b  Reset_Handler                             
00005a57  ADC14_IRQHandler                          
00005a57  AES256_IRQHandler                         
00005a57  BusFault_Handler                          
00005a57  COMP_E0_IRQHandler                        
00005a57  COMP_E1_IRQHandler                        
00005a57  CS_IRQHandler                             
00005a57  DMA_ERR_IRQHandler                        
00005a57  DMA_INT0_IRQHandler                       
00005a57  DMA_INT1_IRQHandler                       
00005a57  DMA_INT2_IRQHandler                       
00005a57  DMA_INT3_IRQHandler                       
00005a57  DebugMon_Handler                          
00005a57  Default_Handler                           
00005a57  EUSCIA0_IRQHandler                        
00005a57  EUSCIA1_IRQHandler                        
00005a57  EUSCIA2_IRQHandler                        
00005a57  EUSCIA3_IRQHandler                        
00005a57  EUSCIB0_IRQHandler                        
00005a57  EUSCIB1_IRQHandler                        
00005a57  EUSCIB2_IRQHandler                        
00005a57  EUSCIB3_IRQHandler                        
00005a57  FLCTL_IRQHandler                          
00005a57  FPU_IRQHandler                            
00005a57  HardFault_Handler                         
00005a57  MemManage_Handler                         
00005a57  NMI_Handler                               
00005a57  PCM_IRQHandler                            
00005a57  PORT1_IRQHandler                          
00005a57  PORT2_IRQHandler                          
00005a57  PORT3_IRQHandler                          
00005a57  PORT4_IRQHandler                          
00005a57  PORT5_IRQHandler                          
00005a57  PORT6_IRQHandler                          
00005a57  PSS_IRQHandler                            
00005a57  PendSV_Handler                            
00005a57  RTC_C_IRQHandler                          
00005a57  SVC_Handler                               
00005a57  SysTick_Handler                           
00005a57  T32_INT1_IRQHandler                       
00005a57  T32_INT2_IRQHandler                       
00005a57  T32_INTC_IRQHandler                       
00005a57  TA0_0_IRQHandler                          
00005a57  TA0_N_IRQHandler                          
00005a57  TA1_0_IRQHandler                          
00005a57  TA1_N_IRQHandler                          
00005a57  TA2_0_IRQHandler                          
00005a57  TA2_N_IRQHandler                          
00005a57  TA3_0_IRQHandler                          
00005a57  TA3_N_IRQHandler                          
00005a57  UsageFault_Handler                        
00005a57  WDT_A_IRQHandler                          
00005a59  __TI_zero_init                            
00005a65  CPU_wfi                                   
00005a69  _system_pre_init                          
00005a6d  C$$EXIT                                   
00005a6d  abort                                     
00005a70  __TI_Handler_Table_Base                   
00005a7c  __TI_Handler_Table_Limit                  
00005a90  __TI_CINIT_Base                           
00005aa0  __TI_CINIT_Limit                          
20000000  GLOBAL_framebuffer                        
20001280  SystemCoreClock                           
20001284  result                                    
2000fe00  __stack                                   
20010000  __STACK_END                               
4000480c  WDTCTL_SYM                                
ffffffff  __TI_pprof_out_hndl                       
ffffffff  __TI_prof_data_size                       
ffffffff  __TI_prof_data_start                      
ffffffff  __binit__                                 
ffffffff  __c_args__                                
ffffffff  binit                                     
UNDEFED   __mpu_init                                
UNDEFED   _system_post_cinit                        

[140 symbols]
