<?xml version="1.0" encoding="ISO-8859-1" ?>
<link_info>
   <banner>TI ARM Linker Unix v18.1.4.LTS</banner>
   <copyright>Copyright (c) 1996-2018 Texas Instruments Incorporated</copyright>
   <link_time>0x5e8228f2</link_time>
   <link_errors>0x0</link_errors>
   <output_file>ePaperDriver.out</output_file>
   <entry_point>
      <name>_c_int00_noargs</name>
      <address>0x589d</address>
   </entry_point>
   <input_file_list>
      <input_file id="fl-2">
         <path>./</path>
         <kind>object</kind>
         <file>main.obj</file>
         <name>main.obj</name>
      </input_file>
      <input_file id="fl-3">
         <path>./</path>
         <kind>object</kind>
         <file>startup_msp432p401r_ccs.obj</file>
         <name>startup_msp432p401r_ccs.obj</name>
      </input_file>
      <input_file id="fl-4">
         <path>./</path>
         <kind>object</kind>
         <file>system_msp432p401r.obj</file>
         <name>system_msp432p401r.obj</name>
      </input_file>
      <input_file id="fl-5">
         <path>./Driver/</path>
         <kind>object</kind>
         <file>GPIOInit.obj</file>
         <name>GPIOInit.obj</name>
      </input_file>
      <input_file id="fl-6">
         <path>./Driver/</path>
         <kind>object</kind>
         <file>SPIinit.obj</file>
         <name>SPIinit.obj</name>
      </input_file>
      <input_file id="fl-7">
         <path>./Driver/</path>
         <kind>object</kind>
         <file>ePaper.obj</file>
         <name>ePaper.obj</name>
      </input_file>
      <input_file id="fl-8">
         <path>./LabelEngine/</path>
         <kind>object</kind>
         <file>labelEngine.obj</file>
         <name>labelEngine.obj</name>
      </input_file>
      <input_file id="fl-9">
         <path>./fonts/</path>
         <kind>object</kind>
         <file>resources.obj</file>
         <name>resources.obj</name>
      </input_file>
      <input_file id="fl-a">
         <path>./grx/</path>
         <kind>object</kind>
         <file>graphics.obj</file>
         <name>graphics.obj</name>
      </input_file>
      <input_file id="fl-14">
         <kind>object</kind>
         <file>&lt;internal&gt;</file>
         <name>&lt;internal&gt;</name>
      </input_file>
      <input_file id="fl-15">
         <path>/home/andres/ti/simplelink_msp432p4_sdk_3_40_01_02/source/ti/devices/msp432p4xx/driverlib/ccs/</path>
         <kind>archive</kind>
         <file>msp432p4xx_driverlib.lib</file>
         <name>gpio.o</name>
      </input_file>
      <input_file id="fl-16">
         <path>/home/andres/ti/simplelink_msp432p4_sdk_3_40_01_02/source/ti/devices/msp432p4xx/driverlib/ccs/</path>
         <kind>archive</kind>
         <file>msp432p4xx_driverlib.lib</file>
         <name>interrupt.o</name>
      </input_file>
      <input_file id="fl-17">
         <path>/home/andres/ti/simplelink_msp432p4_sdk_3_40_01_02/source/ti/devices/msp432p4xx/driverlib/ccs/</path>
         <kind>archive</kind>
         <file>msp432p4xx_driverlib.lib</file>
         <name>pcm.o</name>
      </input_file>
      <input_file id="fl-18">
         <path>/home/andres/ti/simplelink_msp432p4_sdk_3_40_01_02/source/ti/devices/msp432p4xx/driverlib/ccs/</path>
         <kind>archive</kind>
         <file>msp432p4xx_driverlib.lib</file>
         <name>rtc_c.o</name>
      </input_file>
      <input_file id="fl-19">
         <path>/home/andres/ti/simplelink_msp432p4_sdk_3_40_01_02/source/ti/devices/msp432p4xx/driverlib/ccs/</path>
         <kind>archive</kind>
         <file>msp432p4xx_driverlib.lib</file>
         <name>spi.o</name>
      </input_file>
      <input_file id="fl-1a">
         <path>/home/andres/ti/simplelink_msp432p4_sdk_3_40_01_02/source/ti/devices/msp432p4xx/driverlib/ccs/</path>
         <kind>archive</kind>
         <file>msp432p4xx_driverlib.lib</file>
         <name>wdt_a.o</name>
      </input_file>
      <input_file id="fl-1b">
         <path>/home/andres/ti/simplelink_msp432p4_sdk_3_40_01_02/source/ti/devices/msp432p4xx/driverlib/ccs/</path>
         <kind>archive</kind>
         <file>msp432p4xx_driverlib.lib</file>
         <name>cpu.o</name>
      </input_file>
      <input_file id="fl-1c">
         <path>/home/andres/ti/simplelink_msp432p4_sdk_3_40_01_02/source/ti/devices/msp432p4xx/driverlib/ccs/</path>
         <kind>archive</kind>
         <file>msp432p4xx_driverlib.lib</file>
         <name>sysctl_a.o</name>
      </input_file>
      <input_file id="fl-d2">
         <path>/home/andres/ti/ccsv8/tools/compiler/ti-cgt-arm_18.1.4.LTS/lib/</path>
         <kind>archive</kind>
         <file>rtsv7M4_T_le_v4SPD16_eabi.lib</file>
         <name>memset_t2.asm.obj</name>
      </input_file>
      <input_file id="fl-d3">
         <path>/home/andres/ti/ccsv8/tools/compiler/ti-cgt-arm_18.1.4.LTS/lib/</path>
         <kind>archive</kind>
         <file>rtsv7M4_T_le_v4SPD16_eabi.lib</file>
         <name>copy_zero_init.c.obj</name>
      </input_file>
      <input_file id="fl-d4">
         <path>/home/andres/ti/ccsv8/tools/compiler/ti-cgt-arm_18.1.4.LTS/lib/</path>
         <kind>archive</kind>
         <file>rtsv7M4_T_le_v4SPD16_eabi.lib</file>
         <name>copy_decompress_none.c.obj</name>
      </input_file>
      <input_file id="fl-d5">
         <path>/home/andres/ti/ccsv8/tools/compiler/ti-cgt-arm_18.1.4.LTS/lib/</path>
         <kind>archive</kind>
         <file>rtsv7M4_T_le_v4SPD16_eabi.lib</file>
         <name>copy_decompress_lzss.c.obj</name>
      </input_file>
      <input_file id="fl-d6">
         <path>/home/andres/ti/ccsv8/tools/compiler/ti-cgt-arm_18.1.4.LTS/lib/</path>
         <kind>archive</kind>
         <file>rtsv7M4_T_le_v4SPD16_eabi.lib</file>
         <name>boot_cortex_m.c.obj</name>
      </input_file>
      <input_file id="fl-d7">
         <path>/home/andres/ti/ccsv8/tools/compiler/ti-cgt-arm_18.1.4.LTS/lib/</path>
         <kind>archive</kind>
         <file>rtsv7M4_T_le_v4SPD16_eabi.lib</file>
         <name>exit.c.obj</name>
      </input_file>
      <input_file id="fl-d8">
         <path>/home/andres/ti/ccsv8/tools/compiler/ti-cgt-arm_18.1.4.LTS/lib/</path>
         <kind>archive</kind>
         <file>rtsv7M4_T_le_v4SPD16_eabi.lib</file>
         <name>memory.c.obj</name>
      </input_file>
      <input_file id="fl-d9">
         <path>/home/andres/ti/ccsv8/tools/compiler/ti-cgt-arm_18.1.4.LTS/lib/</path>
         <kind>archive</kind>
         <file>rtsv7M4_T_le_v4SPD16_eabi.lib</file>
         <name>_lock.c.obj</name>
      </input_file>
      <input_file id="fl-da">
         <path>/home/andres/ti/ccsv8/tools/compiler/ti-cgt-arm_18.1.4.LTS/lib/</path>
         <kind>archive</kind>
         <file>rtsv7M4_T_le_v4SPD16_eabi.lib</file>
         <name>args_main.c.obj</name>
      </input_file>
      <input_file id="fl-db">
         <path>/home/andres/ti/ccsv8/tools/compiler/ti-cgt-arm_18.1.4.LTS/lib/</path>
         <kind>archive</kind>
         <file>rtsv7M4_T_le_v4SPD16_eabi.lib</file>
         <name>strlen.c.obj</name>
      </input_file>
      <input_file id="fl-dc">
         <path>/home/andres/ti/ccsv8/tools/compiler/ti-cgt-arm_18.1.4.LTS/lib/</path>
         <kind>archive</kind>
         <file>rtsv7M4_T_le_v4SPD16_eabi.lib</file>
         <name>memcpy_t2.asm.obj</name>
      </input_file>
      <input_file id="fl-dd">
         <path>/home/andres/ti/ccsv8/tools/compiler/ti-cgt-arm_18.1.4.LTS/lib/</path>
         <kind>archive</kind>
         <file>rtsv7M4_T_le_v4SPD16_eabi.lib</file>
         <name>autoinit.c.obj</name>
      </input_file>
      <input_file id="fl-de">
         <path>/home/andres/ti/ccsv8/tools/compiler/ti-cgt-arm_18.1.4.LTS/lib/</path>
         <kind>archive</kind>
         <file>rtsv7M4_T_le_v4SPD16_eabi.lib</file>
         <name>pre_init.c.obj</name>
      </input_file>
      <input_file id="fl-df">
         <path>/home/andres/ti/ccsv8/tools/compiler/ti-cgt-arm_18.1.4.LTS/lib/</path>
         <kind>archive</kind>
         <file>rtsv7M4_T_le_v4SPD16_eabi.lib</file>
         <name>cpy_tbl.c.obj</name>
      </input_file>
   </input_file_list>
   <object_component_list>
      <object_component id="oc-23">
         <name>.intvecs:retain</name>
         <load_address>0x0</load_address>
         <run_address>0x0</run_address>
         <size>0xe4</size>
         <input_file_ref idref="fl-3"/>
      </object_component>
      <object_component id="oc-a9">
         <name>.text</name>
         <load_address>0x4a5c</load_address>
         <run_address>0x4a5c</run_address>
         <size>0x334</size>
         <input_file_ref idref="fl-4"/>
      </object_component>
      <object_component id="oc-e5">
         <name>.text</name>
         <load_address>0x4d90</load_address>
         <run_address>0x4d90</run_address>
         <size>0x330</size>
         <input_file_ref idref="fl-7"/>
      </object_component>
      <object_component id="oc-df">
         <name>.text</name>
         <load_address>0x50c0</load_address>
         <run_address>0x50c0</run_address>
         <size>0x244</size>
         <input_file_ref idref="fl-a"/>
      </object_component>
      <object_component id="oc-97">
         <name>.text</name>
         <load_address>0x5304</load_address>
         <run_address>0x5304</run_address>
         <size>0xd4</size>
         <input_file_ref idref="fl-2"/>
      </object_component>
      <object_component id="oc-153">
         <name>.text:SPI_initMaster</name>
         <load_address>0x53d8</load_address>
         <run_address>0x53d8</run_address>
         <size>0xb0</size>
         <input_file_ref idref="fl-19"/>
      </object_component>
      <object_component id="oc-37">
         <name>.text</name>
         <load_address>0x5488</load_address>
         <run_address>0x5488</run_address>
         <size>0x9c</size>
         <input_file_ref idref="fl-dc"/>
      </object_component>
      <object_component id="oc-d3">
         <name>.text</name>
         <load_address>0x5524</load_address>
         <run_address>0x5524</run_address>
         <size>0x94</size>
         <input_file_ref idref="fl-6"/>
      </object_component>
      <object_component id="oc-181">
         <name>.text:GPIO_setAsPeripheralModuleFunctionInputPin</name>
         <load_address>0x55b8</load_address>
         <run_address>0x55b8</run_address>
         <size>0x88</size>
         <input_file_ref idref="fl-15"/>
      </object_component>
      <object_component id="oc-8b">
         <name>.text</name>
         <load_address>0x5640</load_address>
         <run_address>0x5640</run_address>
         <size>0x7a</size>
         <input_file_ref idref="fl-d2"/>
      </object_component>
      <object_component id="oc-d9">
         <name>.text</name>
         <load_address>0x56bc</load_address>
         <run_address>0x56bc</run_address>
         <size>0x68</size>
         <input_file_ref idref="fl-5"/>
      </object_component>
      <object_component id="oc-14">
         <name>.text:decompress:lzss:__TI_decompress_lzss</name>
         <load_address>0x5724</load_address>
         <run_address>0x5724</run_address>
         <size>0x68</size>
         <input_file_ref idref="fl-d5"/>
      </object_component>
      <object_component id="oc-17b">
         <name>.text:GPIO_setAsInputPin</name>
         <load_address>0x578c</load_address>
         <run_address>0x578c</run_address>
         <size>0x4c</size>
         <input_file_ref idref="fl-15"/>
      </object_component>
      <object_component id="oc-10c">
         <name>.text:__TI_auto_init_nobinit_nopinit:__TI_auto_init_nobinit_nopinit</name>
         <load_address>0x57d8</load_address>
         <run_address>0x57d8</run_address>
         <size>0x44</size>
         <input_file_ref idref="fl-dd"/>
      </object_component>
      <object_component id="oc-16f">
         <name>.text:GPIO_setAsOutputPin</name>
         <load_address>0x581c</load_address>
         <run_address>0x581c</run_address>
         <size>0x40</size>
         <input_file_ref idref="fl-15"/>
      </object_component>
      <object_component id="oc-1fa">
         <name>.text:is_A_Module</name>
         <load_address>0x585c</load_address>
         <run_address>0x585c</run_address>
         <size>0x40</size>
         <input_file_ref idref="fl-19"/>
      </object_component>
      <object_component id="oc-55">
         <name>.text:_c_int00_noargs:_c_int00_noargs</name>
         <load_address>0x589c</load_address>
         <run_address>0x589c</run_address>
         <size>0x38</size>
         <input_file_ref idref="fl-d6"/>
      </object_component>
      <object_component id="oc-187">
         <name>.text:GPIO_getInputPinValue</name>
         <load_address>0x58d4</load_address>
         <run_address>0x58d4</run_address>
         <size>0x30</size>
         <input_file_ref idref="fl-15"/>
      </object_component>
      <object_component id="oc-165">
         <name>.text:GPIO_setOutputHighOnPin</name>
         <load_address>0x5904</load_address>
         <run_address>0x5904</run_address>
         <size>0x28</size>
         <input_file_ref idref="fl-15"/>
      </object_component>
      <object_component id="oc-175">
         <name>.text:GPIO_setOutputLowOnPin</name>
         <load_address>0x592c</load_address>
         <run_address>0x592c</run_address>
         <size>0x28</size>
         <input_file_ref idref="fl-15"/>
      </object_component>
      <object_component id="oc-eb">
         <name>.text:PCM_gotoLPM0</name>
         <load_address>0x5954</load_address>
         <run_address>0x5954</run_address>
         <size>0x28</size>
         <input_file_ref idref="fl-17"/>
      </object_component>
      <object_component id="oc-15f">
         <name>.text:SPI_transmitData</name>
         <load_address>0x597c</load_address>
         <run_address>0x597c</run_address>
         <size>0x26</size>
         <input_file_ref idref="fl-19"/>
      </object_component>
      <object_component id="oc-14d">
         <name>.text:WDT_A_holdTimer</name>
         <load_address>0x59a4</load_address>
         <run_address>0x59a4</run_address>
         <size>0x24</size>
         <input_file_ref idref="fl-1a"/>
      </object_component>
      <object_component id="oc-159">
         <name>.text:SPI_enableModule</name>
         <load_address>0x59c8</load_address>
         <run_address>0x59c8</run_address>
         <size>0x1c</size>
         <input_file_ref idref="fl-19"/>
      </object_component>
      <object_component id="oc-202">
         <name>.text:EUSCI_A_SPI_enable</name>
         <load_address>0x59e4</load_address>
         <run_address>0x59e4</run_address>
         <size>0x16</size>
         <input_file_ref idref="fl-19"/>
      </object_component>
      <object_component id="oc-20f">
         <name>.text:EUSCI_A_SPI_transmitData</name>
         <load_address>0x59fa</load_address>
         <run_address>0x59fa</run_address>
         <size>0x16</size>
         <input_file_ref idref="fl-19"/>
      </object_component>
      <object_component id="oc-208">
         <name>.text:EUSCI_B_SPI_enable</name>
         <load_address>0x5a10</load_address>
         <run_address>0x5a10</run_address>
         <size>0x16</size>
         <input_file_ref idref="fl-19"/>
      </object_component>
      <object_component id="oc-215">
         <name>.text:EUSCI_B_SPI_transmitData</name>
         <load_address>0x5a26</load_address>
         <run_address>0x5a26</run_address>
         <size>0x16</size>
         <input_file_ref idref="fl-19"/>
      </object_component>
      <object_component id="oc-1a">
         <name>.text:decompress:none:__TI_decompress_none</name>
         <load_address>0x5a3c</load_address>
         <run_address>0x5a3c</run_address>
         <size>0xe</size>
         <input_file_ref idref="fl-d4"/>
      </object_component>
      <object_component id="oc-67">
         <name>.text</name>
         <load_address>0x5a4a</load_address>
         <run_address>0x5a4a</run_address>
         <size>0xe</size>
         <input_file_ref idref="fl-3"/>
      </object_component>
      <object_component id="oc-49">
         <name>.text:decompress:ZI:__TI_zero_init</name>
         <load_address>0x5a58</load_address>
         <run_address>0x5a58</run_address>
         <size>0xc</size>
         <input_file_ref idref="fl-d3"/>
      </object_component>
      <object_component id="oc-197">
         <name>.text:CPU_wfi</name>
         <load_address>0x5a64</load_address>
         <run_address>0x5a64</run_address>
         <size>0x4</size>
         <input_file_ref idref="fl-1b"/>
      </object_component>
      <object_component id="oc-91">
         <name>.text:_system_pre_init</name>
         <load_address>0x5a68</load_address>
         <run_address>0x5a68</run_address>
         <size>0x4</size>
         <input_file_ref idref="fl-de"/>
      </object_component>
      <object_component id="oc-100">
         <name>.text:abort:abort</name>
         <load_address>0x5a6c</load_address>
         <run_address>0x5a6c</run_address>
         <size>0x4</size>
         <input_file_ref idref="fl-d7"/>
      </object_component>
      <object_component id="oc-242">
         <name>.const:.string:ubuntu_medium_48_payload</name>
         <load_address>0xe4</load_address>
         <run_address>0xe4</run_address>
         <size>0x3cc0</size>
         <input_file_ref idref="fl-9"/>
      </object_component>
      <object_component id="oc-239">
         <name>.const:.string:ubuntu_bold_16_payload</name>
         <load_address>0x3da4</load_address>
         <run_address>0x3da4</run_address>
         <size>0x638</size>
         <input_file_ref idref="fl-9"/>
      </object_component>
      <object_component id="oc-249">
         <name>.const:.string:ubuntu_bold_24_payload</name>
         <load_address>0x43dc</load_address>
         <run_address>0x43dc</run_address>
         <size>0x350</size>
         <input_file_ref idref="fl-9"/>
      </object_component>
      <object_component id="oc-1a1">
         <name>.const:FONT_GLYPHS_ubuntu_bold_16</name>
         <load_address>0x472c</load_address>
         <run_address>0x472c</run_address>
         <size>0x17c</size>
         <input_file_ref idref="fl-9"/>
      </object_component>
      <object_component id="oc-1aa">
         <name>.const:FONT_GLYPHS_ubuntu_medium_48</name>
         <load_address>0x48a8</load_address>
         <run_address>0x48a8</run_address>
         <size>0xf8</size>
         <input_file_ref idref="fl-9"/>
      </object_component>
      <object_component id="oc-1b2">
         <name>.const:FONT_GLYPHS_ubuntu_bold_24</name>
         <load_address>0x49a0</load_address>
         <run_address>0x49a0</run_address>
         <size>0x34</size>
         <input_file_ref idref="fl-9"/>
      </object_component>
      <object_component id="oc-21c">
         <name>.const:GPIO_PORT_TO_BASE</name>
         <load_address>0x49d4</load_address>
         <run_address>0x49d4</run_address>
         <size>0x30</size>
         <input_file_ref idref="fl-15"/>
      </object_component>
      <object_component id="oc-16b">
         <name>.const:spiMasterConfig</name>
         <load_address>0x4a04</load_address>
         <run_address>0x4a04</run_address>
         <size>0x1c</size>
         <input_file_ref idref="fl-6"/>
      </object_component>
      <object_component id="oc-f1">
         <name>.const:FONT_ubuntu_bold_16</name>
         <load_address>0x4a20</load_address>
         <run_address>0x4a20</run_address>
         <size>0xc</size>
         <input_file_ref idref="fl-9"/>
      </object_component>
      <object_component id="oc-f7">
         <name>.const:FONT_ubuntu_bold_24</name>
         <load_address>0x4a2c</load_address>
         <run_address>0x4a2c</run_address>
         <size>0xc</size>
         <input_file_ref idref="fl-9"/>
      </object_component>
      <object_component id="oc-f4">
         <name>.const:FONT_ubuntu_medium_48</name>
         <load_address>0x4a38</load_address>
         <run_address>0x4a38</run_address>
         <size>0xc</size>
         <input_file_ref idref="fl-9"/>
      </object_component>
      <object_component id="oc-19e">
         <name>.const:BITMAP_ubuntu_bold_16</name>
         <load_address>0x4a44</load_address>
         <run_address>0x4a44</run_address>
         <size>0x8</size>
         <input_file_ref idref="fl-9"/>
      </object_component>
      <object_component id="oc-1af">
         <name>.const:BITMAP_ubuntu_bold_24</name>
         <load_address>0x4a4c</load_address>
         <run_address>0x4a4c</run_address>
         <size>0x8</size>
         <input_file_ref idref="fl-9"/>
      </object_component>
      <object_component id="oc-1a7">
         <name>.const:BITMAP_ubuntu_medium_48</name>
         <load_address>0x4a54</load_address>
         <run_address>0x4a54</run_address>
         <size>0x8</size>
         <input_file_ref idref="fl-9"/>
      </object_component>
      <object_component id="oc-2e4">
         <name>__TI_handler_table</name>
         <load_address>0x5a70</load_address>
         <run_address>0x5a70</run_address>
         <size>0xc</size>
      </object_component>
      <object_component id="oc-2e6">
         <name>.cinit..data.load</name>
         <load_address>0x5a7c</load_address>
         <run_address>0x5a7c</run_address>
         <size>0x9</size>
      </object_component>
      <object_component id="oc-2e7">
         <name>.cinit..bss.load</name>
         <load_address>0x5a88</load_address>
         <run_address>0x5a88</run_address>
         <size>0x8</size>
      </object_component>
      <object_component id="oc-2e5">
         <name>__TI_cinit_table</name>
         <load_address>0x5a90</load_address>
         <run_address>0x5a90</run_address>
         <size>0x10</size>
      </object_component>
      <object_component id="oc-2b9">
         <name>.binit</name>
         <load_address>0x0</load_address>
         <run_address>0x0</run_address>
         <size>0x0</size>
      </object_component>
      <object_component id="oc-13e">
         <name>.data</name>
         <load_address>0x20001680</load_address>
         <run_address>0x20001680</run_address>
         <size>0x4</size>
         <input_file_ref idref="fl-4"/>
      </object_component>
      <object_component id="oc-18d">
         <name>.data</name>
         <load_address>0x20001684</load_address>
         <run_address>0x20001684</run_address>
         <size>0x1</size>
         <input_file_ref idref="fl-5"/>
      </object_component>
      <object_component id="oc-191">
         <name>.common:GLOBAL_framebuffer</name>
         <uninitialized>true</uninitialized>
         <run_address>0x20000000</run_address>
         <size>0x1280</size>
      </object_component>
      <object_component id="oc-29">
         <name>.sysmem</name>
         <uninitialized>true</uninitialized>
         <run_address>0x20001280</run_address>
         <size>0x8</size>
         <input_file_ref idref="fl-d8"/>
      </object_component>
      <object_component id="oc-2e9">
         <name>.sysmem</name>
         <uninitialized>true</uninitialized>
         <run_address>0x20001280</run_address>
         <size>0x0</size>
      </object_component>
      <object_component id="oc-26">
         <name>.stack</name>
         <uninitialized>true</uninitialized>
         <run_address>0x2000fe00</run_address>
         <size>0x4</size>
         <input_file_ref idref="fl-d6"/>
      </object_component>
      <object_component id="oc-2e8">
         <name>.stack</name>
         <uninitialized>true</uninitialized>
         <run_address>0x2000fe00</run_address>
         <size>0x0</size>
      </object_component>
      <object_component id="oc-14c">
         <name>.debug_info</name>
         <load_address>0x0</load_address>
         <run_address>0x0</run_address>
         <size>0x82e</size>
         <input_file_ref idref="fl-2"/>
      </object_component>
      <object_component id="oc-98">
         <name>.debug_info</name>
         <load_address>0x82e</load_address>
         <run_address>0x82e</run_address>
         <size>0x1e2</size>
         <input_file_ref idref="fl-2"/>
      </object_component>
      <object_component id="oc-1e5">
         <name>.debug_info</name>
         <load_address>0xa10</load_address>
         <run_address>0xa10</run_address>
         <size>0x3e8</size>
         <input_file_ref idref="fl-2"/>
      </object_component>
      <object_component id="oc-1db">
         <name>.debug_info</name>
         <load_address>0xdf8</load_address>
         <run_address>0xdf8</run_address>
         <size>0x118</size>
         <input_file_ref idref="fl-2"/>
      </object_component>
      <object_component id="oc-b2">
         <name>.debug_info</name>
         <load_address>0xf10</load_address>
         <run_address>0xf10</run_address>
         <size>0x26b</size>
         <input_file_ref idref="fl-2"/>
      </object_component>
      <object_component id="oc-1ea">
         <name>.debug_info</name>
         <load_address>0x117b</load_address>
         <run_address>0x117b</run_address>
         <size>0x1028</size>
         <input_file_ref idref="fl-2"/>
      </object_component>
      <object_component id="oc-1e0">
         <name>.debug_info</name>
         <load_address>0x21a3</load_address>
         <run_address>0x21a3</run_address>
         <size>0x37e2</size>
         <input_file_ref idref="fl-2"/>
      </object_component>
      <object_component id="oc-fb">
         <name>.debug_info</name>
         <load_address>0x5985</load_address>
         <run_address>0x5985</run_address>
         <size>0x8b</size>
         <input_file_ref idref="fl-2"/>
      </object_component>
      <object_component id="oc-147">
         <name>.debug_info</name>
         <load_address>0x5a10</load_address>
         <run_address>0x5a10</run_address>
         <size>0x297</size>
         <input_file_ref idref="fl-2"/>
      </object_component>
      <object_component id="oc-1ef">
         <name>.debug_info</name>
         <load_address>0x5ca7</load_address>
         <run_address>0x5ca7</run_address>
         <size>0xef</size>
         <input_file_ref idref="fl-2"/>
      </object_component>
      <object_component id="oc-142">
         <name>.debug_info</name>
         <load_address>0x5d96</load_address>
         <run_address>0x5d96</run_address>
         <size>0xbb</size>
         <input_file_ref idref="fl-2"/>
      </object_component>
      <object_component id="oc-271">
         <name>.debug_info</name>
         <load_address>0x5e51</load_address>
         <run_address>0x5e51</run_address>
         <size>0x53</size>
         <input_file_ref idref="fl-2"/>
      </object_component>
      <object_component id="oc-29b">
         <name>.debug_info</name>
         <load_address>0x5ea4</load_address>
         <run_address>0x5ea4</run_address>
         <size>0x131</size>
         <input_file_ref idref="fl-2"/>
      </object_component>
      <object_component id="oc-6f">
         <name>.debug_info</name>
         <load_address>0x5fd5</load_address>
         <run_address>0x5fd5</run_address>
         <size>0x2f1</size>
         <input_file_ref idref="fl-3"/>
      </object_component>
      <object_component id="oc-24">
         <name>.debug_info</name>
         <load_address>0x62c6</load_address>
         <run_address>0x62c6</run_address>
         <size>0x11d</size>
         <input_file_ref idref="fl-3"/>
      </object_component>
      <object_component id="oc-68">
         <name>.debug_info</name>
         <load_address>0x63e3</load_address>
         <run_address>0x63e3</run_address>
         <size>0x1e4</size>
         <input_file_ref idref="fl-3"/>
      </object_component>
      <object_component id="oc-32">
         <name>.debug_info</name>
         <load_address>0x65c7</load_address>
         <run_address>0x65c7</run_address>
         <size>0x84</size>
         <input_file_ref idref="fl-3"/>
      </object_component>
      <object_component id="oc-13f">
         <name>.debug_info</name>
         <load_address>0x664b</load_address>
         <run_address>0x664b</run_address>
         <size>0x116</size>
         <input_file_ref idref="fl-4"/>
      </object_component>
      <object_component id="oc-aa">
         <name>.debug_info</name>
         <load_address>0x6761</load_address>
         <run_address>0x6761</run_address>
         <size>0x288</size>
         <input_file_ref idref="fl-4"/>
      </object_component>
      <object_component id="oc-18e">
         <name>.debug_info</name>
         <load_address>0x69e9</load_address>
         <run_address>0x69e9</run_address>
         <size>0x101</size>
         <input_file_ref idref="fl-5"/>
      </object_component>
      <object_component id="oc-da">
         <name>.debug_info</name>
         <load_address>0x6aea</load_address>
         <run_address>0x6aea</run_address>
         <size>0x39b</size>
         <input_file_ref idref="fl-5"/>
      </object_component>
      <object_component id="oc-222">
         <name>.debug_info</name>
         <load_address>0x6e85</load_address>
         <run_address>0x6e85</run_address>
         <size>0x768</size>
         <input_file_ref idref="fl-6"/>
      </object_component>
      <object_component id="oc-16c">
         <name>.debug_info</name>
         <load_address>0x75ed</load_address>
         <run_address>0x75ed</run_address>
         <size>0x112</size>
         <input_file_ref idref="fl-6"/>
      </object_component>
      <object_component id="oc-d4">
         <name>.debug_info</name>
         <load_address>0x76ff</load_address>
         <run_address>0x76ff</run_address>
         <size>0x415</size>
         <input_file_ref idref="fl-6"/>
      </object_component>
      <object_component id="oc-192">
         <name>.debug_info</name>
         <load_address>0x7b14</load_address>
         <run_address>0x7b14</run_address>
         <size>0x721</size>
         <input_file_ref idref="fl-7"/>
      </object_component>
      <object_component id="oc-e6">
         <name>.debug_info</name>
         <load_address>0x8235</load_address>
         <run_address>0x8235</run_address>
         <size>0x7ae</size>
         <input_file_ref idref="fl-7"/>
      </object_component>
      <object_component id="oc-1a6">
         <name>.debug_info</name>
         <load_address>0x89e3</load_address>
         <run_address>0x89e3</run_address>
         <size>0x18b</size>
         <input_file_ref idref="fl-9"/>
      </object_component>
      <object_component id="oc-23a">
         <name>.debug_info</name>
         <load_address>0x8b6e</load_address>
         <run_address>0x8b6e</run_address>
         <size>0x120</size>
         <input_file_ref idref="fl-9"/>
      </object_component>
      <object_component id="oc-19f">
         <name>.debug_info</name>
         <load_address>0x8c8e</load_address>
         <run_address>0x8c8e</run_address>
         <size>0x11f</size>
         <input_file_ref idref="fl-9"/>
      </object_component>
      <object_component id="oc-1a2">
         <name>.debug_info</name>
         <load_address>0x8dad</load_address>
         <run_address>0x8dad</run_address>
         <size>0x128</size>
         <input_file_ref idref="fl-9"/>
      </object_component>
      <object_component id="oc-f2">
         <name>.debug_info</name>
         <load_address>0x8ed5</load_address>
         <run_address>0x8ed5</run_address>
         <size>0x11c</size>
         <input_file_ref idref="fl-9"/>
      </object_component>
      <object_component id="oc-24a">
         <name>.debug_info</name>
         <load_address>0x8ff1</load_address>
         <run_address>0x8ff1</run_address>
         <size>0x121</size>
         <input_file_ref idref="fl-9"/>
      </object_component>
      <object_component id="oc-1b0">
         <name>.debug_info</name>
         <load_address>0x9112</load_address>
         <run_address>0x9112</run_address>
         <size>0x120</size>
         <input_file_ref idref="fl-9"/>
      </object_component>
      <object_component id="oc-1b3">
         <name>.debug_info</name>
         <load_address>0x9232</load_address>
         <run_address>0x9232</run_address>
         <size>0x129</size>
         <input_file_ref idref="fl-9"/>
      </object_component>
      <object_component id="oc-f8">
         <name>.debug_info</name>
         <load_address>0x935b</load_address>
         <run_address>0x935b</run_address>
         <size>0x11c</size>
         <input_file_ref idref="fl-9"/>
      </object_component>
      <object_component id="oc-243">
         <name>.debug_info</name>
         <load_address>0x9477</load_address>
         <run_address>0x9477</run_address>
         <size>0x125</size>
         <input_file_ref idref="fl-9"/>
      </object_component>
      <object_component id="oc-1a8">
         <name>.debug_info</name>
         <load_address>0x959c</load_address>
         <run_address>0x959c</run_address>
         <size>0x124</size>
         <input_file_ref idref="fl-9"/>
      </object_component>
      <object_component id="oc-1ab">
         <name>.debug_info</name>
         <load_address>0x96c0</load_address>
         <run_address>0x96c0</run_address>
         <size>0x12d</size>
         <input_file_ref idref="fl-9"/>
      </object_component>
      <object_component id="oc-f5">
         <name>.debug_info</name>
         <load_address>0x97ed</load_address>
         <run_address>0x97ed</run_address>
         <size>0x120</size>
         <input_file_ref idref="fl-9"/>
      </object_component>
      <object_component id="oc-195">
         <name>.debug_info</name>
         <load_address>0x990d</load_address>
         <run_address>0x990d</run_address>
         <size>0x6e9</size>
         <input_file_ref idref="fl-a"/>
      </object_component>
      <object_component id="oc-e0">
         <name>.debug_info</name>
         <load_address>0x9ff6</load_address>
         <run_address>0x9ff6</run_address>
         <size>0x698</size>
         <input_file_ref idref="fl-a"/>
      </object_component>
      <object_component id="oc-22e">
         <name>.debug_info</name>
         <load_address>0xa68e</load_address>
         <run_address>0xa68e</run_address>
         <size>0x3e8</size>
         <input_file_ref idref="fl-a"/>
      </object_component>
      <object_component id="oc-233">
         <name>.debug_info</name>
         <load_address>0xaa76</load_address>
         <run_address>0xaa76</run_address>
         <size>0xcc</size>
         <input_file_ref idref="fl-a"/>
      </object_component>
      <object_component id="oc-298">
         <name>.debug_info</name>
         <load_address>0xab42</load_address>
         <run_address>0xab42</run_address>
         <size>0x701</size>
         <input_file_ref idref="fl-15"/>
      </object_component>
      <object_component id="oc-21d">
         <name>.debug_info</name>
         <load_address>0xb243</load_address>
         <run_address>0xb243</run_address>
         <size>0x135</size>
         <input_file_ref idref="fl-15"/>
      </object_component>
      <object_component id="oc-172">
         <name>.debug_info</name>
         <load_address>0xb378</load_address>
         <run_address>0xb378</run_address>
         <size>0x252</size>
         <input_file_ref idref="fl-15"/>
      </object_component>
      <object_component id="oc-17e">
         <name>.debug_info</name>
         <load_address>0xb5ca</load_address>
         <run_address>0xb5ca</run_address>
         <size>0x250</size>
         <input_file_ref idref="fl-15"/>
      </object_component>
      <object_component id="oc-184">
         <name>.debug_info</name>
         <load_address>0xb81a</load_address>
         <run_address>0xb81a</run_address>
         <size>0x2a3</size>
         <input_file_ref idref="fl-15"/>
      </object_component>
      <object_component id="oc-168">
         <name>.debug_info</name>
         <load_address>0xbabd</load_address>
         <run_address>0xbabd</run_address>
         <size>0x25a</size>
         <input_file_ref idref="fl-15"/>
      </object_component>
      <object_component id="oc-178">
         <name>.debug_info</name>
         <load_address>0xbd17</load_address>
         <run_address>0xbd17</run_address>
         <size>0x258</size>
         <input_file_ref idref="fl-15"/>
      </object_component>
      <object_component id="oc-18a">
         <name>.debug_info</name>
         <load_address>0xbf6f</load_address>
         <run_address>0xbf6f</run_address>
         <size>0x27e</size>
         <input_file_ref idref="fl-15"/>
      </object_component>
      <object_component id="oc-288">
         <name>.debug_info</name>
         <load_address>0xc1ed</load_address>
         <run_address>0xc1ed</run_address>
         <size>0x26b</size>
         <input_file_ref idref="fl-15"/>
      </object_component>
      <object_component id="oc-283">
         <name>.debug_info</name>
         <load_address>0xc458</load_address>
         <run_address>0xc458</run_address>
         <size>0x1028</size>
         <input_file_ref idref="fl-15"/>
      </object_component>
      <object_component id="oc-27e">
         <name>.debug_info</name>
         <load_address>0xd480</load_address>
         <run_address>0xd480</run_address>
         <size>0x431a</size>
         <input_file_ref idref="fl-15"/>
      </object_component>
      <object_component id="oc-276">
         <name>.debug_info</name>
         <load_address>0x1179a</load_address>
         <run_address>0x1179a</run_address>
         <size>0x297</size>
         <input_file_ref idref="fl-15"/>
      </object_component>
      <object_component id="oc-1f5">
         <name>.debug_info</name>
         <load_address>0x11a31</load_address>
         <run_address>0x11a31</run_address>
         <size>0xbb</size>
         <input_file_ref idref="fl-15"/>
      </object_component>
      <object_component id="oc-ec">
         <name>.debug_info</name>
         <load_address>0x11aec</load_address>
         <run_address>0x11aec</run_address>
         <size>0x1b0</size>
         <input_file_ref idref="fl-17"/>
      </object_component>
      <object_component id="oc-201">
         <name>.debug_info</name>
         <load_address>0x11c9c</load_address>
         <run_address>0x11c9c</run_address>
         <size>0x6f5</size>
         <input_file_ref idref="fl-19"/>
      </object_component>
      <object_component id="oc-1fb">
         <name>.debug_info</name>
         <load_address>0x12391</load_address>
         <run_address>0x12391</run_address>
         <size>0x1c7</size>
         <input_file_ref idref="fl-19"/>
      </object_component>
      <object_component id="oc-154">
         <name>.debug_info</name>
         <load_address>0x12558</load_address>
         <run_address>0x12558</run_address>
         <size>0x22b</size>
         <input_file_ref idref="fl-19"/>
      </object_component>
      <object_component id="oc-160">
         <name>.debug_info</name>
         <load_address>0x12783</load_address>
         <run_address>0x12783</run_address>
         <size>0x284</size>
         <input_file_ref idref="fl-19"/>
      </object_component>
      <object_component id="oc-15a">
         <name>.debug_info</name>
         <load_address>0x12a07</load_address>
         <run_address>0x12a07</run_address>
         <size>0x235</size>
         <input_file_ref idref="fl-19"/>
      </object_component>
      <object_component id="oc-216">
         <name>.debug_info</name>
         <load_address>0x12c3c</load_address>
         <run_address>0x12c3c</run_address>
         <size>0x238</size>
         <input_file_ref idref="fl-19"/>
      </object_component>
      <object_component id="oc-209">
         <name>.debug_info</name>
         <load_address>0x12e74</load_address>
         <run_address>0x12e74</run_address>
         <size>0x1e9</size>
         <input_file_ref idref="fl-19"/>
      </object_component>
      <object_component id="oc-210">
         <name>.debug_info</name>
         <load_address>0x1305d</load_address>
         <run_address>0x1305d</run_address>
         <size>0x238</size>
         <input_file_ref idref="fl-19"/>
      </object_component>
      <object_component id="oc-203">
         <name>.debug_info</name>
         <load_address>0x13295</load_address>
         <run_address>0x13295</run_address>
         <size>0x1e9</size>
         <input_file_ref idref="fl-19"/>
      </object_component>
      <object_component id="oc-28d">
         <name>.debug_info</name>
         <load_address>0x1347e</load_address>
         <run_address>0x1347e</run_address>
         <size>0x131</size>
         <input_file_ref idref="fl-19"/>
      </object_component>
      <object_component id="oc-14e">
         <name>.debug_info</name>
         <load_address>0x135af</load_address>
         <run_address>0x135af</run_address>
         <size>0x1c9</size>
         <input_file_ref idref="fl-1a"/>
      </object_component>
      <object_component id="oc-199">
         <name>.debug_info</name>
         <load_address>0x13778</load_address>
         <run_address>0x13778</run_address>
         <size>0x194</size>
         <input_file_ref idref="fl-1b"/>
      </object_component>
      <object_component id="oc-8c">
         <name>.debug_info</name>
         <load_address>0x1390c</load_address>
         <run_address>0x1390c</run_address>
         <size>0x14a</size>
         <input_file_ref idref="fl-d2"/>
      </object_component>
      <object_component id="oc-8a">
         <name>.debug_info</name>
         <load_address>0x13a56</load_address>
         <run_address>0x13a56</run_address>
         <size>0x31e</size>
         <input_file_ref idref="fl-d3"/>
      </object_component>
      <object_component id="oc-4a">
         <name>.debug_info</name>
         <load_address>0x13d74</load_address>
         <run_address>0x13d74</run_address>
         <size>0x1b5</size>
         <input_file_ref idref="fl-d3"/>
      </object_component>
      <object_component id="oc-85">
         <name>.debug_info</name>
         <load_address>0x13f29</load_address>
         <run_address>0x13f29</run_address>
         <size>0x46</size>
         <input_file_ref idref="fl-d3"/>
      </object_component>
      <object_component id="oc-ca">
         <name>.debug_info</name>
         <load_address>0x13f6f</load_address>
         <run_address>0x13f6f</run_address>
         <size>0x2c</size>
         <input_file_ref idref="fl-d3"/>
      </object_component>
      <object_component id="oc-42">
         <name>.debug_info</name>
         <load_address>0x13f9b</load_address>
         <run_address>0x13f9b</run_address>
         <size>0x2a8</size>
         <input_file_ref idref="fl-d4"/>
      </object_component>
      <object_component id="oc-1b">
         <name>.debug_info</name>
         <load_address>0x14243</load_address>
         <run_address>0x14243</run_address>
         <size>0x1ea</size>
         <input_file_ref idref="fl-d4"/>
      </object_component>
      <object_component id="oc-3d">
         <name>.debug_info</name>
         <load_address>0x1442d</load_address>
         <run_address>0x1442d</run_address>
         <size>0x46</size>
         <input_file_ref idref="fl-d4"/>
      </object_component>
      <object_component id="oc-7d">
         <name>.debug_info</name>
         <load_address>0x14473</load_address>
         <run_address>0x14473</run_address>
         <size>0x2c</size>
         <input_file_ref idref="fl-d4"/>
      </object_component>
      <object_component id="oc-7b">
         <name>.debug_info</name>
         <load_address>0x1449f</load_address>
         <run_address>0x1449f</run_address>
         <size>0x29e</size>
         <input_file_ref idref="fl-d5"/>
      </object_component>
      <object_component id="oc-15">
         <name>.debug_info</name>
         <load_address>0x1473d</load_address>
         <run_address>0x1473d</run_address>
         <size>0x250</size>
         <input_file_ref idref="fl-d5"/>
      </object_component>
      <object_component id="oc-2d">
         <name>.debug_info</name>
         <load_address>0x1498d</load_address>
         <run_address>0x1498d</run_address>
         <size>0x60</size>
         <input_file_ref idref="fl-d5"/>
      </object_component>
      <object_component id="oc-c3">
         <name>.debug_info</name>
         <load_address>0x149ed</load_address>
         <run_address>0x149ed</run_address>
         <size>0x46</size>
         <input_file_ref idref="fl-d5"/>
      </object_component>
      <object_component id="oc-76">
         <name>.debug_info</name>
         <load_address>0x14a33</load_address>
         <run_address>0x14a33</run_address>
         <size>0x39</size>
         <input_file_ref idref="fl-d5"/>
      </object_component>
      <object_component id="oc-27">
         <name>.debug_info</name>
         <load_address>0x14a6c</load_address>
         <run_address>0x14a6c</run_address>
         <size>0x10b</size>
         <input_file_ref idref="fl-d6"/>
      </object_component>
      <object_component id="oc-56">
         <name>.debug_info</name>
         <load_address>0x14b77</load_address>
         <run_address>0x14b77</run_address>
         <size>0x1af</size>
         <input_file_ref idref="fl-d6"/>
      </object_component>
      <object_component id="oc-101">
         <name>.debug_info</name>
         <load_address>0x14d26</load_address>
         <run_address>0x14d26</run_address>
         <size>0x122</size>
         <input_file_ref idref="fl-d7"/>
      </object_component>
      <object_component id="oc-74">
         <name>.debug_info</name>
         <load_address>0x14e48</load_address>
         <run_address>0x14e48</run_address>
         <size>0x3c6</size>
         <input_file_ref idref="fl-d8"/>
      </object_component>
      <object_component id="oc-2a">
         <name>.debug_info</name>
         <load_address>0x1520e</load_address>
         <run_address>0x1520e</run_address>
         <size>0x10c</size>
         <input_file_ref idref="fl-d8"/>
      </object_component>
      <object_component id="oc-b9">
         <name>.debug_info</name>
         <load_address>0x1531a</load_address>
         <run_address>0x1531a</run_address>
         <size>0x2c</size>
         <input_file_ref idref="fl-d8"/>
      </object_component>
      <object_component id="oc-be">
         <name>.debug_info</name>
         <load_address>0x15346</load_address>
         <run_address>0x15346</run_address>
         <size>0x62</size>
         <input_file_ref idref="fl-d8"/>
      </object_component>
      <object_component id="oc-38">
         <name>.debug_info</name>
         <load_address>0x153a8</load_address>
         <run_address>0x153a8</run_address>
         <size>0x11c</size>
         <input_file_ref idref="fl-dc"/>
      </object_component>
      <object_component id="oc-1c2">
         <name>.debug_info</name>
         <load_address>0x154c4</load_address>
         <run_address>0x154c4</run_address>
         <size>0x552</size>
         <input_file_ref idref="fl-dd"/>
      </object_component>
      <object_component id="oc-10d">
         <name>.debug_info</name>
         <load_address>0x15a16</load_address>
         <run_address>0x15a16</run_address>
         <size>0x1a6</size>
         <input_file_ref idref="fl-dd"/>
      </object_component>
      <object_component id="oc-260">
         <name>.debug_info</name>
         <load_address>0x15bbc</load_address>
         <run_address>0x15bbc</run_address>
         <size>0x39</size>
         <input_file_ref idref="fl-dd"/>
      </object_component>
      <object_component id="oc-2a9">
         <name>.debug_info</name>
         <load_address>0x15bf5</load_address>
         <run_address>0x15bf5</run_address>
         <size>0x39</size>
         <input_file_ref idref="fl-dd"/>
      </object_component>
      <object_component id="oc-265">
         <name>.debug_info</name>
         <load_address>0x15c2e</load_address>
         <run_address>0x15c2e</run_address>
         <size>0x39</size>
         <input_file_ref idref="fl-dd"/>
      </object_component>
      <object_component id="oc-26a">
         <name>.debug_info</name>
         <load_address>0x15c67</load_address>
         <run_address>0x15c67</run_address>
         <size>0xcd</size>
         <input_file_ref idref="fl-dd"/>
      </object_component>
      <object_component id="oc-92">
         <name>.debug_info</name>
         <load_address>0x15d34</load_address>
         <run_address>0x15d34</run_address>
         <size>0x153</size>
         <input_file_ref idref="fl-de"/>
      </object_component>
      <object_component id="oc-2ea">
         <name>.debug_info</name>
         <load_address>0x15e87</load_address>
         <run_address>0x15e87</run_address>
         <size>0xcc</size>
      </object_component>
      <object_component id="oc-1da">
         <name>.debug_line</name>
         <load_address>0x0</load_address>
         <run_address>0x0</run_address>
         <size>0xfc</size>
         <input_file_ref idref="fl-2"/>
      </object_component>
      <object_component id="oc-9b">
         <name>.debug_line</name>
         <load_address>0xfc</load_address>
         <run_address>0xfc</run_address>
         <size>0x4f</size>
         <input_file_ref idref="fl-2"/>
      </object_component>
      <object_component id="oc-1e8">
         <name>.debug_line</name>
         <load_address>0x14b</load_address>
         <run_address>0x14b</run_address>
         <size>0x6e</size>
         <input_file_ref idref="fl-2"/>
      </object_component>
      <object_component id="oc-1de">
         <name>.debug_line</name>
         <load_address>0x1b9</load_address>
         <run_address>0x1b9</run_address>
         <size>0x3a</size>
         <input_file_ref idref="fl-2"/>
      </object_component>
      <object_component id="oc-b5">
         <name>.debug_line</name>
         <load_address>0x1f3</load_address>
         <run_address>0x1f3</run_address>
         <size>0x73</size>
         <input_file_ref idref="fl-2"/>
      </object_component>
      <object_component id="oc-1ed">
         <name>.debug_line</name>
         <load_address>0x266</load_address>
         <run_address>0x266</run_address>
         <size>0x82</size>
         <input_file_ref idref="fl-2"/>
      </object_component>
      <object_component id="oc-1e3">
         <name>.debug_line</name>
         <load_address>0x2e8</load_address>
         <run_address>0x2e8</run_address>
         <size>0x85</size>
         <input_file_ref idref="fl-2"/>
      </object_component>
      <object_component id="oc-fe">
         <name>.debug_line</name>
         <load_address>0x36d</load_address>
         <run_address>0x36d</run_address>
         <size>0x20</size>
         <input_file_ref idref="fl-2"/>
      </object_component>
      <object_component id="oc-14a">
         <name>.debug_line</name>
         <load_address>0x38d</load_address>
         <run_address>0x38d</run_address>
         <size>0x77</size>
         <input_file_ref idref="fl-2"/>
      </object_component>
      <object_component id="oc-1f2">
         <name>.debug_line</name>
         <load_address>0x404</load_address>
         <run_address>0x404</run_address>
         <size>0x73</size>
         <input_file_ref idref="fl-2"/>
      </object_component>
      <object_component id="oc-145">
         <name>.debug_line</name>
         <load_address>0x477</load_address>
         <run_address>0x477</run_address>
         <size>0x74</size>
         <input_file_ref idref="fl-2"/>
      </object_component>
      <object_component id="oc-274">
         <name>.debug_line</name>
         <load_address>0x4eb</load_address>
         <run_address>0x4eb</run_address>
         <size>0x6f</size>
         <input_file_ref idref="fl-2"/>
      </object_component>
      <object_component id="oc-29e">
         <name>.debug_line</name>
         <load_address>0x55a</load_address>
         <run_address>0x55a</run_address>
         <size>0x83</size>
         <input_file_ref idref="fl-2"/>
      </object_component>
      <object_component id="oc-b1">
         <name>.debug_line</name>
         <load_address>0x5dd</load_address>
         <run_address>0x5dd</run_address>
         <size>0x40</size>
         <input_file_ref idref="fl-3"/>
      </object_component>
      <object_component id="oc-6e">
         <name>.debug_line</name>
         <load_address>0x61d</load_address>
         <run_address>0x61d</run_address>
         <size>0x40</size>
         <input_file_ref idref="fl-3"/>
      </object_component>
      <object_component id="oc-6b">
         <name>.debug_line</name>
         <load_address>0x65d</load_address>
         <run_address>0x65d</run_address>
         <size>0x71</size>
         <input_file_ref idref="fl-3"/>
      </object_component>
      <object_component id="oc-35">
         <name>.debug_line</name>
         <load_address>0x6ce</load_address>
         <run_address>0x6ce</run_address>
         <size>0x20</size>
         <input_file_ref idref="fl-3"/>
      </object_component>
      <object_component id="oc-1d8">
         <name>.debug_line</name>
         <load_address>0x6ee</load_address>
         <run_address>0x6ee</run_address>
         <size>0x3b</size>
         <input_file_ref idref="fl-4"/>
      </object_component>
      <object_component id="oc-ad">
         <name>.debug_line</name>
         <load_address>0x729</load_address>
         <run_address>0x729</run_address>
         <size>0x159</size>
         <input_file_ref idref="fl-4"/>
      </object_component>
      <object_component id="oc-229">
         <name>.debug_line</name>
         <load_address>0x882</load_address>
         <run_address>0x882</run_address>
         <size>0x38</size>
         <input_file_ref idref="fl-5"/>
      </object_component>
      <object_component id="oc-dd">
         <name>.debug_line</name>
         <load_address>0x8ba</load_address>
         <run_address>0x8ba</run_address>
         <size>0x99</size>
         <input_file_ref idref="fl-5"/>
      </object_component>
      <object_component id="oc-29a">
         <name>.debug_line</name>
         <load_address>0x953</load_address>
         <run_address>0x953</run_address>
         <size>0x163</size>
         <input_file_ref idref="fl-6"/>
      </object_component>
      <object_component id="oc-221">
         <name>.debug_line</name>
         <load_address>0xab6</load_address>
         <run_address>0xab6</run_address>
         <size>0x37</size>
         <input_file_ref idref="fl-6"/>
      </object_component>
      <object_component id="oc-d7">
         <name>.debug_line</name>
         <load_address>0xaed</load_address>
         <run_address>0xaed</run_address>
         <size>0xa6</size>
         <input_file_ref idref="fl-6"/>
      </object_component>
      <object_component id="oc-22b">
         <name>.debug_line</name>
         <load_address>0xb93</load_address>
         <run_address>0xb93</run_address>
         <size>0x65</size>
         <input_file_ref idref="fl-7"/>
      </object_component>
      <object_component id="oc-e9">
         <name>.debug_line</name>
         <load_address>0xbf8</load_address>
         <run_address>0xbf8</run_address>
         <size>0x206</size>
         <input_file_ref idref="fl-7"/>
      </object_component>
      <object_component id="oc-241">
         <name>.debug_line</name>
         <load_address>0xdfe</load_address>
         <run_address>0xdfe</run_address>
         <size>0x20</size>
         <input_file_ref idref="fl-9"/>
      </object_component>
      <object_component id="oc-2a1">
         <name>.debug_line</name>
         <load_address>0xe1e</load_address>
         <run_address>0xe1e</run_address>
         <size>0x38</size>
         <input_file_ref idref="fl-9"/>
      </object_component>
      <object_component id="oc-23d">
         <name>.debug_line</name>
         <load_address>0xe56</load_address>
         <run_address>0xe56</run_address>
         <size>0x38</size>
         <input_file_ref idref="fl-9"/>
      </object_component>
      <object_component id="oc-23f">
         <name>.debug_line</name>
         <load_address>0xe8e</load_address>
         <run_address>0xe8e</run_address>
         <size>0x38</size>
         <input_file_ref idref="fl-9"/>
      </object_component>
      <object_component id="oc-1a5">
         <name>.debug_line</name>
         <load_address>0xec6</load_address>
         <run_address>0xec6</run_address>
         <size>0x38</size>
         <input_file_ref idref="fl-9"/>
      </object_component>
      <object_component id="oc-2a5">
         <name>.debug_line</name>
         <load_address>0xefe</load_address>
         <run_address>0xefe</run_address>
         <size>0x38</size>
         <input_file_ref idref="fl-9"/>
      </object_component>
      <object_component id="oc-24d">
         <name>.debug_line</name>
         <load_address>0xf36</load_address>
         <run_address>0xf36</run_address>
         <size>0x38</size>
         <input_file_ref idref="fl-9"/>
      </object_component>
      <object_component id="oc-24f">
         <name>.debug_line</name>
         <load_address>0xf6e</load_address>
         <run_address>0xf6e</run_address>
         <size>0x38</size>
         <input_file_ref idref="fl-9"/>
      </object_component>
      <object_component id="oc-1b6">
         <name>.debug_line</name>
         <load_address>0xfa6</load_address>
         <run_address>0xfa6</run_address>
         <size>0x38</size>
         <input_file_ref idref="fl-9"/>
      </object_component>
      <object_component id="oc-2a3">
         <name>.debug_line</name>
         <load_address>0xfde</load_address>
         <run_address>0xfde</run_address>
         <size>0x38</size>
         <input_file_ref idref="fl-9"/>
      </object_component>
      <object_component id="oc-246">
         <name>.debug_line</name>
         <load_address>0x1016</load_address>
         <run_address>0x1016</run_address>
         <size>0x38</size>
         <input_file_ref idref="fl-9"/>
      </object_component>
      <object_component id="oc-248">
         <name>.debug_line</name>
         <load_address>0x104e</load_address>
         <run_address>0x104e</run_address>
         <size>0x38</size>
         <input_file_ref idref="fl-9"/>
      </object_component>
      <object_component id="oc-1ae">
         <name>.debug_line</name>
         <load_address>0x1086</load_address>
         <run_address>0x1086</run_address>
         <size>0x38</size>
         <input_file_ref idref="fl-9"/>
      </object_component>
      <object_component id="oc-22d">
         <name>.debug_line</name>
         <load_address>0x10be</load_address>
         <run_address>0x10be</run_address>
         <size>0xac</size>
         <input_file_ref idref="fl-a"/>
      </object_component>
      <object_component id="oc-e3">
         <name>.debug_line</name>
         <load_address>0x116a</load_address>
         <run_address>0x116a</run_address>
         <size>0x17e</size>
         <input_file_ref idref="fl-a"/>
      </object_component>
      <object_component id="oc-231">
         <name>.debug_line</name>
         <load_address>0x12e8</load_address>
         <run_address>0x12e8</run_address>
         <size>0x6e</size>
         <input_file_ref idref="fl-a"/>
      </object_component>
      <object_component id="oc-236">
         <name>.debug_line</name>
         <load_address>0x1356</load_address>
         <run_address>0x1356</run_address>
         <size>0x6e</size>
         <input_file_ref idref="fl-a"/>
      </object_component>
      <object_component id="oc-2b6">
         <name>.debug_line</name>
         <load_address>0x13c4</load_address>
         <run_address>0x13c4</run_address>
         <size>0x56</size>
         <input_file_ref idref="fl-15"/>
      </object_component>
      <object_component id="oc-297">
         <name>.debug_line</name>
         <load_address>0x141a</load_address>
         <run_address>0x141a</run_address>
         <size>0x51</size>
         <input_file_ref idref="fl-15"/>
      </object_component>
      <object_component id="oc-174">
         <name>.debug_line</name>
         <load_address>0x146b</load_address>
         <run_address>0x146b</run_address>
         <size>0x6e</size>
         <input_file_ref idref="fl-15"/>
      </object_component>
      <object_component id="oc-180">
         <name>.debug_line</name>
         <load_address>0x14d9</load_address>
         <run_address>0x14d9</run_address>
         <size>0x6f</size>
         <input_file_ref idref="fl-15"/>
      </object_component>
      <object_component id="oc-186">
         <name>.debug_line</name>
         <load_address>0x1548</load_address>
         <run_address>0x1548</run_address>
         <size>0x78</size>
         <input_file_ref idref="fl-15"/>
      </object_component>
      <object_component id="oc-16a">
         <name>.debug_line</name>
         <load_address>0x15c0</load_address>
         <run_address>0x15c0</run_address>
         <size>0x6c</size>
         <input_file_ref idref="fl-15"/>
      </object_component>
      <object_component id="oc-17a">
         <name>.debug_line</name>
         <load_address>0x162c</load_address>
         <run_address>0x162c</run_address>
         <size>0x6c</size>
         <input_file_ref idref="fl-15"/>
      </object_component>
      <object_component id="oc-18c">
         <name>.debug_line</name>
         <load_address>0x1698</load_address>
         <run_address>0x1698</run_address>
         <size>0x73</size>
         <input_file_ref idref="fl-15"/>
      </object_component>
      <object_component id="oc-28b">
         <name>.debug_line</name>
         <load_address>0x170b</load_address>
         <run_address>0x170b</run_address>
         <size>0x51</size>
         <input_file_ref idref="fl-15"/>
      </object_component>
      <object_component id="oc-286">
         <name>.debug_line</name>
         <load_address>0x175c</load_address>
         <run_address>0x175c</run_address>
         <size>0x4f</size>
         <input_file_ref idref="fl-15"/>
      </object_component>
      <object_component id="oc-281">
         <name>.debug_line</name>
         <load_address>0x17ab</load_address>
         <run_address>0x17ab</run_address>
         <size>0x51</size>
         <input_file_ref idref="fl-15"/>
      </object_component>
      <object_component id="oc-279">
         <name>.debug_line</name>
         <load_address>0x17fc</load_address>
         <run_address>0x17fc</run_address>
         <size>0x55</size>
         <input_file_ref idref="fl-15"/>
      </object_component>
      <object_component id="oc-1f8">
         <name>.debug_line</name>
         <load_address>0x1851</load_address>
         <run_address>0x1851</run_address>
         <size>0x52</size>
         <input_file_ref idref="fl-15"/>
      </object_component>
      <object_component id="oc-ef">
         <name>.debug_line</name>
         <load_address>0x18a3</load_address>
         <run_address>0x18a3</run_address>
         <size>0x70</size>
         <input_file_ref idref="fl-17"/>
      </object_component>
      <object_component id="oc-27d">
         <name>.debug_line</name>
         <load_address>0x1913</load_address>
         <run_address>0x1913</run_address>
         <size>0x56</size>
         <input_file_ref idref="fl-19"/>
      </object_component>
      <object_component id="oc-1fe">
         <name>.debug_line</name>
         <load_address>0x1969</load_address>
         <run_address>0x1969</run_address>
         <size>0x6b</size>
         <input_file_ref idref="fl-19"/>
      </object_component>
      <object_component id="oc-157">
         <name>.debug_line</name>
         <load_address>0x19d4</load_address>
         <run_address>0x19d4</run_address>
         <size>0x7a</size>
         <input_file_ref idref="fl-19"/>
      </object_component>
      <object_component id="oc-163">
         <name>.debug_line</name>
         <load_address>0x1a4e</load_address>
         <run_address>0x1a4e</run_address>
         <size>0x71</size>
         <input_file_ref idref="fl-19"/>
      </object_component>
      <object_component id="oc-15d">
         <name>.debug_line</name>
         <load_address>0x1abf</load_address>
         <run_address>0x1abf</run_address>
         <size>0x71</size>
         <input_file_ref idref="fl-19"/>
      </object_component>
      <object_component id="oc-219">
         <name>.debug_line</name>
         <load_address>0x1b30</load_address>
         <run_address>0x1b30</run_address>
         <size>0x68</size>
         <input_file_ref idref="fl-19"/>
      </object_component>
      <object_component id="oc-20c">
         <name>.debug_line</name>
         <load_address>0x1b98</load_address>
         <run_address>0x1b98</run_address>
         <size>0x68</size>
         <input_file_ref idref="fl-19"/>
      </object_component>
      <object_component id="oc-213">
         <name>.debug_line</name>
         <load_address>0x1c00</load_address>
         <run_address>0x1c00</run_address>
         <size>0x68</size>
         <input_file_ref idref="fl-19"/>
      </object_component>
      <object_component id="oc-206">
         <name>.debug_line</name>
         <load_address>0x1c68</load_address>
         <run_address>0x1c68</run_address>
         <size>0x68</size>
         <input_file_ref idref="fl-19"/>
      </object_component>
      <object_component id="oc-290">
         <name>.debug_line</name>
         <load_address>0x1cd0</load_address>
         <run_address>0x1cd0</run_address>
         <size>0x50</size>
         <input_file_ref idref="fl-19"/>
      </object_component>
      <object_component id="oc-151">
         <name>.debug_line</name>
         <load_address>0x1d20</load_address>
         <run_address>0x1d20</run_address>
         <size>0x6a</size>
         <input_file_ref idref="fl-1a"/>
      </object_component>
      <object_component id="oc-198">
         <name>.debug_line</name>
         <load_address>0x1d8a</load_address>
         <run_address>0x1d8a</run_address>
         <size>0x68</size>
         <input_file_ref idref="fl-1b"/>
      </object_component>
      <object_component id="oc-8f">
         <name>.debug_line</name>
         <load_address>0x1df2</load_address>
         <run_address>0x1df2</run_address>
         <size>0x79</size>
         <input_file_ref idref="fl-d2"/>
      </object_component>
      <object_component id="oc-d0">
         <name>.debug_line</name>
         <load_address>0x1e6b</load_address>
         <run_address>0x1e6b</run_address>
         <size>0xa9</size>
         <input_file_ref idref="fl-d3"/>
      </object_component>
      <object_component id="oc-4d">
         <name>.debug_line</name>
         <load_address>0x1f14</load_address>
         <run_address>0x1f14</run_address>
         <size>0x4f</size>
         <input_file_ref idref="fl-d3"/>
      </object_component>
      <object_component id="oc-88">
         <name>.debug_line</name>
         <load_address>0x1f63</load_address>
         <run_address>0x1f63</run_address>
         <size>0x34</size>
         <input_file_ref idref="fl-d3"/>
      </object_component>
      <object_component id="oc-cd">
         <name>.debug_line</name>
         <load_address>0x1f97</load_address>
         <run_address>0x1f97</run_address>
         <size>0x95</size>
         <input_file_ref idref="fl-d3"/>
      </object_component>
      <object_component id="oc-83">
         <name>.debug_line</name>
         <load_address>0x202c</load_address>
         <run_address>0x202c</run_address>
         <size>0x20</size>
         <input_file_ref idref="fl-d4"/>
      </object_component>
      <object_component id="oc-1e">
         <name>.debug_line</name>
         <load_address>0x204c</load_address>
         <run_address>0x204c</run_address>
         <size>0x55</size>
         <input_file_ref idref="fl-d4"/>
      </object_component>
      <object_component id="oc-40">
         <name>.debug_line</name>
         <load_address>0x20a1</load_address>
         <run_address>0x20a1</run_address>
         <size>0x3a</size>
         <input_file_ref idref="fl-d4"/>
      </object_component>
      <object_component id="oc-80">
         <name>.debug_line</name>
         <load_address>0x20db</load_address>
         <run_address>0x20db</run_address>
         <size>0x95</size>
         <input_file_ref idref="fl-d4"/>
      </object_component>
      <object_component id="oc-c9">
         <name>.debug_line</name>
         <load_address>0x2170</load_address>
         <run_address>0x2170</run_address>
         <size>0x20</size>
         <input_file_ref idref="fl-d5"/>
      </object_component>
      <object_component id="oc-18">
         <name>.debug_line</name>
         <load_address>0x2190</load_address>
         <run_address>0x2190</run_address>
         <size>0xa9</size>
         <input_file_ref idref="fl-d5"/>
      </object_component>
      <object_component id="oc-30">
         <name>.debug_line</name>
         <load_address>0x2239</load_address>
         <run_address>0x2239</run_address>
         <size>0x3a</size>
         <input_file_ref idref="fl-d5"/>
      </object_component>
      <object_component id="oc-c6">
         <name>.debug_line</name>
         <load_address>0x2273</load_address>
         <run_address>0x2273</run_address>
         <size>0x9d</size>
         <input_file_ref idref="fl-d5"/>
      </object_component>
      <object_component id="oc-79">
         <name>.debug_line</name>
         <load_address>0x2310</load_address>
         <run_address>0x2310</run_address>
         <size>0x99</size>
         <input_file_ref idref="fl-d5"/>
      </object_component>
      <object_component id="oc-71">
         <name>.debug_line</name>
         <load_address>0x23a9</load_address>
         <run_address>0x23a9</run_address>
         <size>0x33</size>
         <input_file_ref idref="fl-d6"/>
      </object_component>
      <object_component id="oc-59">
         <name>.debug_line</name>
         <load_address>0x23dc</load_address>
         <run_address>0x23dc</run_address>
         <size>0x56</size>
         <input_file_ref idref="fl-d6"/>
      </object_component>
      <object_component id="oc-104">
         <name>.debug_line</name>
         <load_address>0x2432</load_address>
         <run_address>0x2432</run_address>
         <size>0x3c</size>
         <input_file_ref idref="fl-d7"/>
      </object_component>
      <object_component id="oc-b8">
         <name>.debug_line</name>
         <load_address>0x246e</load_address>
         <run_address>0x246e</run_address>
         <size>0xa0</size>
         <input_file_ref idref="fl-d8"/>
      </object_component>
      <object_component id="oc-73">
         <name>.debug_line</name>
         <load_address>0x250e</load_address>
         <run_address>0x250e</run_address>
         <size>0x2c</size>
         <input_file_ref idref="fl-d8"/>
      </object_component>
      <object_component id="oc-bc">
         <name>.debug_line</name>
         <load_address>0x253a</load_address>
         <run_address>0x253a</run_address>
         <size>0x95</size>
         <input_file_ref idref="fl-d8"/>
      </object_component>
      <object_component id="oc-c1">
         <name>.debug_line</name>
         <load_address>0x25cf</load_address>
         <run_address>0x25cf</run_address>
         <size>0x2c</size>
         <input_file_ref idref="fl-d8"/>
      </object_component>
      <object_component id="oc-3b">
         <name>.debug_line</name>
         <load_address>0x25fb</load_address>
         <run_address>0x25fb</run_address>
         <size>0x88</size>
         <input_file_ref idref="fl-dc"/>
      </object_component>
      <object_component id="oc-25f">
         <name>.debug_line</name>
         <load_address>0x2683</load_address>
         <run_address>0x2683</run_address>
         <size>0xc2</size>
         <input_file_ref idref="fl-dd"/>
      </object_component>
      <object_component id="oc-110">
         <name>.debug_line</name>
         <load_address>0x2745</load_address>
         <run_address>0x2745</run_address>
         <size>0x6c</size>
         <input_file_ref idref="fl-dd"/>
      </object_component>
      <object_component id="oc-263">
         <name>.debug_line</name>
         <load_address>0x27b1</load_address>
         <run_address>0x27b1</run_address>
         <size>0x2e</size>
         <input_file_ref idref="fl-dd"/>
      </object_component>
      <object_component id="oc-2ac">
         <name>.debug_line</name>
         <load_address>0x27df</load_address>
         <run_address>0x27df</run_address>
         <size>0x9d</size>
         <input_file_ref idref="fl-dd"/>
      </object_component>
      <object_component id="oc-268">
         <name>.debug_line</name>
         <load_address>0x287c</load_address>
         <run_address>0x287c</run_address>
         <size>0x9a</size>
         <input_file_ref idref="fl-dd"/>
      </object_component>
      <object_component id="oc-26d">
         <name>.debug_line</name>
         <load_address>0x2916</load_address>
         <run_address>0x2916</run_address>
         <size>0x96</size>
         <input_file_ref idref="fl-dd"/>
      </object_component>
      <object_component id="oc-95">
         <name>.debug_line</name>
         <load_address>0x29ac</load_address>
         <run_address>0x29ac</run_address>
         <size>0x40</size>
         <input_file_ref idref="fl-de"/>
      </object_component>
      <object_component id="oc-9c">
         <name>.debug_frame</name>
         <load_address>0x0</load_address>
         <run_address>0x0</run_address>
         <size>0x58</size>
         <input_file_ref idref="fl-2"/>
      </object_component>
      <object_component id="oc-6c">
         <name>.debug_frame</name>
         <load_address>0x58</load_address>
         <run_address>0x58</run_address>
         <size>0x6c</size>
         <input_file_ref idref="fl-3"/>
      </object_component>
      <object_component id="oc-ae">
         <name>.debug_frame</name>
         <load_address>0xc4</load_address>
         <run_address>0xc4</run_address>
         <size>0x70</size>
         <input_file_ref idref="fl-4"/>
      </object_component>
      <object_component id="oc-de">
         <name>.debug_frame</name>
         <load_address>0x134</load_address>
         <run_address>0x134</run_address>
         <size>0xa0</size>
         <input_file_ref idref="fl-5"/>
      </object_component>
      <object_component id="oc-d8">
         <name>.debug_frame</name>
         <load_address>0x1d4</load_address>
         <run_address>0x1d4</run_address>
         <size>0xa0</size>
         <input_file_ref idref="fl-6"/>
      </object_component>
      <object_component id="oc-ea">
         <name>.debug_frame</name>
         <load_address>0x274</load_address>
         <run_address>0x274</run_address>
         <size>0xf4</size>
         <input_file_ref idref="fl-7"/>
      </object_component>
      <object_component id="oc-e4">
         <name>.debug_frame</name>
         <load_address>0x368</load_address>
         <run_address>0x368</run_address>
         <size>0xf8</size>
         <input_file_ref idref="fl-a"/>
      </object_component>
      <object_component id="oc-171">
         <name>.debug_frame</name>
         <load_address>0x460</load_address>
         <run_address>0x460</run_address>
         <size>0x58</size>
         <input_file_ref idref="fl-15"/>
      </object_component>
      <object_component id="oc-17d">
         <name>.debug_frame</name>
         <load_address>0x4b8</load_address>
         <run_address>0x4b8</run_address>
         <size>0x58</size>
         <input_file_ref idref="fl-15"/>
      </object_component>
      <object_component id="oc-183">
         <name>.debug_frame</name>
         <load_address>0x510</load_address>
         <run_address>0x510</run_address>
         <size>0x58</size>
         <input_file_ref idref="fl-15"/>
      </object_component>
      <object_component id="oc-167">
         <name>.debug_frame</name>
         <load_address>0x568</load_address>
         <run_address>0x568</run_address>
         <size>0x58</size>
         <input_file_ref idref="fl-15"/>
      </object_component>
      <object_component id="oc-177">
         <name>.debug_frame</name>
         <load_address>0x5c0</load_address>
         <run_address>0x5c0</run_address>
         <size>0x58</size>
         <input_file_ref idref="fl-15"/>
      </object_component>
      <object_component id="oc-189">
         <name>.debug_frame</name>
         <load_address>0x618</load_address>
         <run_address>0x618</run_address>
         <size>0x58</size>
         <input_file_ref idref="fl-15"/>
      </object_component>
      <object_component id="oc-f0">
         <name>.debug_frame</name>
         <load_address>0x670</load_address>
         <run_address>0x670</run_address>
         <size>0x58</size>
         <input_file_ref idref="fl-17"/>
      </object_component>
      <object_component id="oc-1ff">
         <name>.debug_frame</name>
         <load_address>0x6c8</load_address>
         <run_address>0x6c8</run_address>
         <size>0x58</size>
         <input_file_ref idref="fl-19"/>
      </object_component>
      <object_component id="oc-158">
         <name>.debug_frame</name>
         <load_address>0x720</load_address>
         <run_address>0x720</run_address>
         <size>0x64</size>
         <input_file_ref idref="fl-19"/>
      </object_component>
      <object_component id="oc-164">
         <name>.debug_frame</name>
         <load_address>0x784</load_address>
         <run_address>0x784</run_address>
         <size>0x5c</size>
         <input_file_ref idref="fl-19"/>
      </object_component>
      <object_component id="oc-15e">
         <name>.debug_frame</name>
         <load_address>0x7e0</load_address>
         <run_address>0x7e0</run_address>
         <size>0x58</size>
         <input_file_ref idref="fl-19"/>
      </object_component>
      <object_component id="oc-21a">
         <name>.debug_frame</name>
         <load_address>0x838</load_address>
         <run_address>0x838</run_address>
         <size>0x58</size>
         <input_file_ref idref="fl-19"/>
      </object_component>
      <object_component id="oc-20d">
         <name>.debug_frame</name>
         <load_address>0x890</load_address>
         <run_address>0x890</run_address>
         <size>0x58</size>
         <input_file_ref idref="fl-19"/>
      </object_component>
      <object_component id="oc-214">
         <name>.debug_frame</name>
         <load_address>0x8e8</load_address>
         <run_address>0x8e8</run_address>
         <size>0x58</size>
         <input_file_ref idref="fl-19"/>
      </object_component>
      <object_component id="oc-207">
         <name>.debug_frame</name>
         <load_address>0x940</load_address>
         <run_address>0x940</run_address>
         <size>0x58</size>
         <input_file_ref idref="fl-19"/>
      </object_component>
      <object_component id="oc-152">
         <name>.debug_frame</name>
         <load_address>0x998</load_address>
         <run_address>0x998</run_address>
         <size>0x58</size>
         <input_file_ref idref="fl-1a"/>
      </object_component>
      <object_component id="oc-19c">
         <name>.debug_frame</name>
         <load_address>0x9f0</load_address>
         <run_address>0x9f0</run_address>
         <size>0x54</size>
         <input_file_ref idref="fl-1b"/>
      </object_component>
      <object_component id="oc-4e">
         <name>.debug_frame</name>
         <load_address>0xa44</load_address>
         <run_address>0xa44</run_address>
         <size>0x54</size>
         <input_file_ref idref="fl-d3"/>
      </object_component>
      <object_component id="oc-1f">
         <name>.debug_frame</name>
         <load_address>0xa98</load_address>
         <run_address>0xa98</run_address>
         <size>0x54</size>
         <input_file_ref idref="fl-d4"/>
      </object_component>
      <object_component id="oc-19">
         <name>.debug_frame</name>
         <load_address>0xaec</load_address>
         <run_address>0xaec</run_address>
         <size>0x60</size>
[...]
         </cprec>
      </cptbl>
   </cptbl_list>
   <handler_table>
      <handler_table_name>__TI_handler_table</handler_table_name>
      <handler>
         <index>0x0</index>
         <name>__TI_decompress_lzss</name>
      </handler>
      <handler>
         <index>0x1</index>
         <name>__TI_decompress_none</name>
      </handler>
      <handler>
         <index>0x2</index>
         <name>__TI_zero_init</name>
      </handler>
   </handler_table>
   <symbol_table>
      <symbol id="sm-1">
         <name>WDTCTL_SYM</name>
         <value>0x4000480c</value>
      </symbol>
      <symbol id="sm-2">
         <name>__TI_CINIT_Base</name>
         <value>0x5a90</value>
      </symbol>
      <symbol id="sm-3">
         <name>__TI_CINIT_Limit</name>
         <value>0x5aa0</value>
      </symbol>
      <symbol id="sm-4">
         <name>__TI_Handler_Table_Base</name>
         <value>0x5a70</value>
      </symbol>
      <symbol id="sm-5">
         <name>__TI_Handler_Table_Limit</name>
         <value>0x5a7c</value>
      </symbol>
      <symbol id="sm-6">
         <name>binit</name>
         <value>0xffffffff</value>
      </symbol>
      <symbol id="sm-7">
         <name>__binit__</name>
         <value>0xffffffff</value>
      </symbol>
      <symbol id="sm-8">
         <name>__STACK_SIZE</name>
         <value>0x200</value>
      </symbol>
      <symbol id="sm-9">
         <name>__STACK_END</name>
         <value>0x20010000</value>
      </symbol>
      <symbol id="sm-a">
         <name>__SYSMEM_SIZE</name>
         <value>0x400</value>
      </symbol>
      <symbol id="sm-b">
         <name>__c_args__</name>
         <value>0xffffffff</value>
      </symbol>
      <symbol id="sm-c">
         <name>__TI_pprof_out_hndl</name>
         <value>0xffffffff</value>
      </symbol>
      <symbol id="sm-d">
         <name>__TI_prof_data_start</name>
         <value>0xffffffff</value>
      </symbol>
      <symbol id="sm-e">
         <name>__TI_prof_data_size</name>
         <value>0xffffffff</value>
      </symbol>
      <symbol id="sm-77">
         <name>main</name>
         <value>0x5305</value>
         <object_component_ref idref="oc-97"/>
      </symbol>
      <symbol id="sm-91">
         <name>Reset_Handler</name>
         <value>0x5a4b</value>
         <object_component_ref idref="oc-67"/>
      </symbol>
      <symbol id="sm-92">
         <name>Default_Handler</name>
         <value>0x5a57</value>
         <object_component_ref idref="oc-67"/>
      </symbol>
      <symbol id="sm-93">
         <name>interruptVectors</name>
         <value>0x0</value>
         <object_component_ref idref="oc-23"/>
      </symbol>
      <symbol id="sm-db">
         <name>SystemInit</name>
         <value>0x4cd5</value>
         <object_component_ref idref="oc-a9"/>
      </symbol>
      <symbol id="sm-dc">
         <name>SystemCoreClockUpdate</name>
         <value>0x4a5d</value>
         <object_component_ref idref="oc-a9"/>
      </symbol>
      <symbol id="sm-dd">
         <name>SystemCoreClock</name>
         <value>0x20001680</value>
         <object_component_ref idref="oc-13e"/>
      </symbol>
      <symbol id="sm-f2">
         <name>digitalHigh</name>
         <value>0x56f5</value>
         <object_component_ref idref="oc-d9"/>
      </symbol>
      <symbol id="sm-f3">
         <name>result</name>
         <value>0x20001684</value>
         <object_component_ref idref="oc-18d"/>
      </symbol>
      <symbol id="sm-f4">
         <name>GPIO_Init</name>
         <value>0x56bd</value>
         <object_component_ref idref="oc-d9"/>
      </symbol>
      <symbol id="sm-f5">
         <name>digitalRead</name>
         <value>0x5707</value>
         <object_component_ref idref="oc-d9"/>
      </symbol>
      <symbol id="sm-f6">
         <name>digitalLow</name>
         <value>0x56e3</value>
         <object_component_ref idref="oc-d9"/>
      </symbol>
      <symbol id="sm-10f">
         <name>writeData</name>
         <value>0x5567</value>
         <object_component_ref idref="oc-d3"/>
      </symbol>
      <symbol id="sm-110">
         <name>spiMasterConfig</name>
         <value>0x4a04</value>
         <object_component_ref idref="oc-16b"/>
      </symbol>
      <symbol id="sm-111">
         <name>SPI_transmit</name>
         <value>0x5593</value>
         <object_component_ref idref="oc-d3"/>
      </symbol>
      <symbol id="sm-112">
         <name>writeCMD</name>
         <value>0x553b</value>
         <object_component_ref idref="oc-d3"/>
      </symbol>
      <symbol id="sm-113">
         <name>SPI_Init</name>
         <value>0x5525</value>
         <object_component_ref idref="oc-d3"/>
      </symbol>
      <symbol id="sm-146">
         <name>GLOBAL_framebuffer</name>
         <value>0x20000000</value>
      </symbol>
      <symbol id="sm-147">
         <name>turnBlack</name>
         <value>0x4fd7</value>
         <object_component_ref idref="oc-e5"/>
      </symbol>
      <symbol id="sm-148">
         <name>powerOff</name>
         <value>0x4d9b</value>
         <object_component_ref idref="oc-e5"/>
      </symbol>
      <symbol id="sm-149">
         <name>initEPD</name>
         <value>0x4db1</value>
         <object_component_ref idref="oc-e5"/>
      </symbol>
      <symbol id="sm-14a">
         <name>turnYellow</name>
         <value>0x5049</value>
         <object_component_ref idref="oc-e5"/>
      </symbol>
      <symbol id="sm-14b">
         <name>turnWhite</name>
         <value>0x4f65</value>
         <object_component_ref idref="oc-e5"/>
      </symbol>
      <symbol id="sm-14c">
         <name>powerON</name>
         <value>0x4d91</value>
         <object_component_ref idref="oc-e5"/>
      </symbol>
      <symbol id="sm-14d">
         <name>updateEPD</name>
         <value>0x4e9b</value>
         <object_component_ref idref="oc-e5"/>
      </symbol>
      <symbol id="sm-1a1">
         <name>BITMAP_ubuntu_medium_48</name>
         <value>0x4a54</value>
         <object_component_ref idref="oc-1a7"/>
      </symbol>
      <symbol id="sm-1a2">
         <name>FONT_ubuntu_bold_16</name>
         <value>0x4a20</value>
         <object_component_ref idref="oc-f1"/>
      </symbol>
      <symbol id="sm-1a3">
         <name>FONT_ubuntu_bold_24</name>
         <value>0x4a2c</value>
         <object_component_ref idref="oc-f7"/>
      </symbol>
      <symbol id="sm-1a4">
         <name>FONT_ubuntu_medium_48</name>
         <value>0x4a38</value>
         <object_component_ref idref="oc-f4"/>
      </symbol>
      <symbol id="sm-1a5">
         <name>BITMAP_ubuntu_bold_24</name>
         <value>0x4a4c</value>
         <object_component_ref idref="oc-1af"/>
      </symbol>
      <symbol id="sm-1a6">
         <name>BITMAP_ubuntu_bold_16</name>
         <value>0x4a44</value>
         <object_component_ref idref="oc-19e"/>
      </symbol>
      <symbol id="sm-1d9">
         <name>gfxGetGlyphHeight</name>
         <value>0x5241</value>
         <object_component_ref idref="oc-df"/>
      </symbol>
      <symbol id="sm-1da">
         <name>gfxInit</name>
         <value>0x50c1</value>
         <object_component_ref idref="oc-df"/>
      </symbol>
      <symbol id="sm-1db">
         <name>gfxGetGlyphWidth</name>
         <value>0x521f</value>
         <object_component_ref idref="oc-df"/>
      </symbol>
      <symbol id="sm-1dc">
         <name>gfxGetTextWidth</name>
         <value>0x5251</value>
         <object_component_ref idref="oc-df"/>
      </symbol>
      <symbol id="sm-1dd">
         <name>gfxPlaceBitmap</name>
         <value>0x5287</value>
         <object_component_ref idref="oc-df"/>
      </symbol>
      <symbol id="sm-1de">
         <name>gfxWriteText</name>
         <value>0x50d5</value>
         <object_component_ref idref="oc-df"/>
      </symbol>
      <symbol id="sm-1df">
         <name>gfxGetGlyph</name>
         <value>0x51d7</value>
         <object_component_ref idref="oc-df"/>
      </symbol>
      <symbol id="sm-247">
         <name>GPIO_setAsInputPin</name>
         <value>0x578d</value>
         <object_component_ref idref="oc-17b"/>
      </symbol>
      <symbol id="sm-248">
         <name>GPIO_setOutputHighOnPin</name>
         <value>0x5905</value>
         <object_component_ref idref="oc-165"/>
      </symbol>
      <symbol id="sm-249">
         <name>GPIO_setAsOutputPin</name>
         <value>0x581d</value>
         <object_component_ref idref="oc-16f"/>
      </symbol>
      <symbol id="sm-24a">
         <name>GPIO_setOutputLowOnPin</name>
         <value>0x592d</value>
         <object_component_ref idref="oc-175"/>
      </symbol>
      <symbol id="sm-24b">
         <name>GPIO_getInputPinValue</name>
         <value>0x58d5</value>
         <object_component_ref idref="oc-187"/>
      </symbol>
      <symbol id="sm-24c">
         <name>GPIO_setAsPeripheralModuleFunctionInputPin</name>
         <value>0x55b9</value>
         <object_component_ref idref="oc-181"/>
      </symbol>
      <symbol id="sm-25c">
         <name>PCM_gotoLPM0</name>
         <value>0x5955</value>
         <object_component_ref idref="oc-eb"/>
      </symbol>
      <symbol id="sm-2b6">
         <name>EUSCI_B_SPI_enable</name>
         <value>0x5a11</value>
         <object_component_ref idref="oc-208"/>
      </symbol>
      <symbol id="sm-2b7">
         <name>SPI_enableModule</name>
         <value>0x59c9</value>
         <object_component_ref idref="oc-159"/>
      </symbol>
      <symbol id="sm-2b8">
         <name>EUSCI_A_SPI_transmitData</name>
         <value>0x59fb</value>
         <object_component_ref idref="oc-20f"/>
      </symbol>
      <symbol id="sm-2b9">
         <name>EUSCI_B_SPI_transmitData</name>
         <value>0x5a27</value>
         <object_component_ref idref="oc-215"/>
      </symbol>
      <symbol id="sm-2ba">
         <name>SPI_transmitData</name>
         <value>0x597d</value>
         <object_component_ref idref="oc-15f"/>
      </symbol>
      <symbol id="sm-2bb">
         <name>EUSCI_A_SPI_enable</name>
         <value>0x59e5</value>
         <object_component_ref idref="oc-202"/>
      </symbol>
      <symbol id="sm-2bc">
         <name>SPI_initMaster</name>
         <value>0x53d9</value>
         <object_component_ref idref="oc-153"/>
      </symbol>
      <symbol id="sm-2c8">
         <name>WDT_A_holdTimer</name>
         <value>0x59a5</value>
         <object_component_ref idref="oc-14d"/>
      </symbol>
      <symbol id="sm-2d2">
         <name>CPU_wfi</name>
         <value>0x5a65</value>
         <object_component_ref idref="oc-197"/>
      </symbol>
      <symbol id="sm-2e2">
         <name>__aeabi_memset</name>
         <value>0x5643</value>
         <object_component_ref idref="oc-8b"/>
      </symbol>
      <symbol id="sm-2e3">
         <name>memset</name>
         <value>0x5649</value>
         <object_component_ref idref="oc-8b"/>
      </symbol>
      <symbol id="sm-2e4">
         <name>__aeabi_memset8</name>
         <value>0x5643</value>
         <object_component_ref idref="oc-8b"/>
      </symbol>
      <symbol id="sm-2e5">
         <name>__aeabi_memset4</name>
         <value>0x5643</value>
         <object_component_ref idref="oc-8b"/>
      </symbol>
      <symbol id="sm-2e6">
         <name>__aeabi_memclr8</name>
         <value>0x5641</value>
         <object_component_ref idref="oc-8b"/>
      </symbol>
      <symbol id="sm-2e7">
         <name>__aeabi_memclr4</name>
         <value>0x5641</value>
         <object_component_ref idref="oc-8b"/>
      </symbol>
      <symbol id="sm-2e8">
         <name>__aeabi_memclr</name>
         <value>0x5641</value>
         <object_component_ref idref="oc-8b"/>
      </symbol>
      <symbol id="sm-2ff">
         <name>__TI_zero_init</name>
         <value>0x5a59</value>
         <object_component_ref idref="oc-49"/>
      </symbol>
      <symbol id="sm-316">
         <name>__TI_decompress_none</name>
         <value>0x5a3d</value>
         <object_component_ref idref="oc-1a"/>
      </symbol>
      <symbol id="sm-339">
         <name>__TI_decompress_lzss</name>
         <value>0x5725</value>
         <object_component_ref idref="oc-14"/>
      </symbol>
      <symbol id="sm-34c">
         <name>__stack</name>
         <value>0x2000fe00</value>
         <object_component_ref idref="oc-26"/>
      </symbol>
      <symbol id="sm-34d">
         <name>_c_int00_noargs</name>
         <value>0x589d</value>
         <object_component_ref idref="oc-55"/>
      </symbol>
      <symbol id="sm-358">
         <name>C$$EXIT</name>
         <value>0x5a6d</value>
         <object_component_ref idref="oc-100"/>
      </symbol>
      <symbol id="sm-359">
         <name>abort</name>
         <value>0x5a6d</value>
         <object_component_ref idref="oc-100"/>
      </symbol>
      <symbol id="sm-36e">
         <name>_sys_memory</name>
         <value>0x20001280</value>
         <object_component_ref idref="oc-29"/>
      </symbol>
      <symbol id="sm-38c">
         <name>memcpy</name>
         <value>0x5489</value>
         <object_component_ref idref="oc-37"/>
      </symbol>
      <symbol id="sm-38d">
         <name>__aeabi_memcpy</name>
         <value>0x5489</value>
         <object_component_ref idref="oc-37"/>
      </symbol>
      <symbol id="sm-38e">
         <name>__aeabi_memcpy8</name>
         <value>0x5489</value>
         <object_component_ref idref="oc-37"/>
      </symbol>
      <symbol id="sm-38f">
         <name>__aeabi_memcpy4</name>
         <value>0x5489</value>
         <object_component_ref idref="oc-37"/>
      </symbol>
      <symbol id="sm-3b7">
         <name>__TI_auto_init_nobinit_nopinit</name>
         <value>0x57d9</value>
         <object_component_ref idref="oc-10c"/>
      </symbol>
      <symbol id="sm-3c1">
         <name>_system_pre_init</name>
         <value>0x5a69</value>
         <object_component_ref idref="oc-91"/>
      </symbol>
      <symbol id="sm-3c3">
         <name>__TI_static_base__</name>
         <value>0x0</value>
      </symbol>
      <symbol id="sm-3c6">
         <name>__mpu_init</name>
         <value>0x0</value>
      </symbol>
      <symbol id="sm-3c7">
         <name>_system_post_cinit</name>
         <value>0x0</value>
      </symbol>
      <symbol id="sm-3c8">
         <name>NMI_Handler</name>
         <value>0x5a57</value>
      </symbol>
      <symbol id="sm-3c9">
         <name>HardFault_Handler</name>
         <value>0x5a57</value>
      </symbol>
      <symbol id="sm-3ca">
         <name>MemManage_Handler</name>
         <value>0x5a57</value>
      </symbol>
      <symbol id="sm-3cb">
         <name>BusFault_Handler</name>
         <value>0x5a57</value>
      </symbol>
      <symbol id="sm-3cc">
         <name>UsageFault_Handler</name>
         <value>0x5a57</value>
      </symbol>
      <symbol id="sm-3cd">
         <name>SVC_Handler</name>
         <value>0x5a57</value>
      </symbol>
      <symbol id="sm-3ce">
         <name>DebugMon_Handler</name>
         <value>0x5a57</value>
      </symbol>
      <symbol id="sm-3cf">
         <name>PendSV_Handler</name>
         <value>0x5a57</value>
      </symbol>
      <symbol id="sm-3d0">
         <name>SysTick_Handler</name>
         <value>0x5a57</value>
      </symbol>
      <symbol id="sm-3d1">
         <name>PSS_IRQHandler</name>
         <value>0x5a57</value>
      </symbol>
      <symbol id="sm-3d2">
         <name>CS_IRQHandler</name>
         <value>0x5a57</value>
      </symbol>
      <symbol id="sm-3d3">
         <name>PCM_IRQHandler</name>
         <value>0x5a57</value>
      </symbol>
      <symbol id="sm-3d4">
         <name>WDT_A_IRQHandler</name>
         <value>0x5a57</value>
      </symbol>
      <symbol id="sm-3d5">
         <name>FPU_IRQHandler</name>
         <value>0x5a57</value>
      </symbol>
      <symbol id="sm-3d6">
         <name>FLCTL_IRQHandler</name>
         <value>0x5a57</value>
      </symbol>
      <symbol id="sm-3d7">
         <name>COMP_E0_IRQHandler</name>
         <value>0x5a57</value>
      </symbol>
      <symbol id="sm-3d8">
         <name>COMP_E1_IRQHandler</name>
         <value>0x5a57</value>
      </symbol>
      <symbol id="sm-3d9">
         <name>TA0_0_IRQHandler</name>
         <value>0x5a57</value>
      </symbol>
      <symbol id="sm-3da">
         <name>TA0_N_IRQHandler</name>
         <value>0x5a57</value>
      </symbol>
      <symbol id="sm-3db">
         <name>TA1_0_IRQHandler</name>
         <value>0x5a57</value>
      </symbol>
      <symbol id="sm-3dc">
         <name>TA1_N_IRQHandler</name>
         <value>0x5a57</value>
      </symbol>
      <symbol id="sm-3dd">
         <name>TA2_0_IRQHandler</name>
         <value>0x5a57</value>
      </symbol>
      <symbol id="sm-3de">
         <name>TA2_N_IRQHandler</name>
         <value>0x5a57</value>
      </symbol>
      <symbol id="sm-3df">
         <name>TA3_0_IRQHandler</name>
         <value>0x5a57</value>
      </symbol>
      <symbol id="sm-3e0">
         <name>TA3_N_IRQHandler</name>
         <value>0x5a57</value>
      </symbol>
      <symbol id="sm-3e1">
         <name>EUSCIA0_IRQHandler</name>
         <value>0x5a57</value>
      </symbol>
      <symbol id="sm-3e2">
         <name>EUSCIA1_IRQHandler</name>
         <value>0x5a57</value>
      </symbol>
      <symbol id="sm-3e3">
         <name>EUSCIA2_IRQHandler</name>
         <value>0x5a57</value>
      </symbol>
      <symbol id="sm-3e4">
         <name>EUSCIA3_IRQHandler</name>
         <value>0x5a57</value>
      </symbol>
      <symbol id="sm-3e5">
         <name>EUSCIB0_IRQHandler</name>
         <value>0x5a57</value>
      </symbol>
      <symbol id="sm-3e6">
         <name>EUSCIB1_IRQHandler</name>
         <value>0x5a57</value>
      </symbol>
      <symbol id="sm-3e7">
         <name>EUSCIB2_IRQHandler</name>
         <value>0x5a57</value>
      </symbol>
      <symbol id="sm-3e8">
         <name>EUSCIB3_IRQHandler</name>
         <value>0x5a57</value>
      </symbol>
      <symbol id="sm-3e9">
         <name>ADC14_IRQHandler</name>
         <value>0x5a57</value>
      </symbol>
      <symbol id="sm-3ea">
         <name>T32_INT1_IRQHandler</name>
         <value>0x5a57</value>
      </symbol>
      <symbol id="sm-3eb">
         <name>T32_INT2_IRQHandler</name>
         <value>0x5a57</value>
      </symbol>
      <symbol id="sm-3ec">
         <name>T32_INTC_IRQHandler</name>
         <value>0x5a57</value>
      </symbol>
      <symbol id="sm-3ed">
         <name>AES256_IRQHandler</name>
         <value>0x5a57</value>
      </symbol>
      <symbol id="sm-3ee">
         <name>RTC_C_IRQHandler</name>
         <value>0x5a57</value>
      </symbol>
      <symbol id="sm-3ef">
         <name>DMA_ERR_IRQHandler</name>
         <value>0x5a57</value>
      </symbol>
      <symbol id="sm-3f0">
         <name>DMA_INT3_IRQHandler</name>
         <value>0x5a57</value>
      </symbol>
      <symbol id="sm-3f1">
         <name>DMA_INT2_IRQHandler</name>
         <value>0x5a57</value>
      </symbol>
      <symbol id="sm-3f2">
         <name>DMA_INT1_IRQHandler</name>
         <value>0x5a57</value>
      </symbol>
      <symbol id="sm-3f3">
         <name>DMA_INT0_IRQHandler</name>
         <value>0x5a57</value>
      </symbol>
      <symbol id="sm-3f4">
         <name>PORT1_IRQHandler</name>
         <value>0x5a57</value>
      </symbol>
      <symbol id="sm-3f5">
         <name>PORT2_IRQHandler</name>
         <value>0x5a57</value>
      </symbol>
      <symbol id="sm-3f6">
         <name>PORT3_IRQHandler</name>
         <value>0x5a57</value>
      </symbol>
      <symbol id="sm-3f7">
         <name>PORT4_IRQHandler</name>
         <value>0x5a57</value>
      </symbol>
      <symbol id="sm-3f8">
         <name>PORT5_IRQHandler</name>
         <value>0x5a57</value>
      </symbol>
      <symbol id="sm-3f9">
         <name>PORT6_IRQHandler</name>
         <value>0x5a57</value>
      </symbol>
   </symbol_table>
   <title>Link successful</title>
</link_info>
