******************************************************************************
                  TI ARM Linker Unix v18.1.4                   
******************************************************************************
>> Linked Sat Mar 28 23:51:59 2020

OUTPUT FILE NAME:   <ePaperDriver.out>
ENTRY POINT SYMBOL: "_c_int00_noargs"  address: 00005705


MEMORY CONFIGURATION

         name            origin    length      used     unused   attr    fill
----------------------  --------  ---------  --------  --------  ----  --------
  MAIN                  00000000   00040000  00005908  0003a6f8  R  X
  INFO                  00200000   00004000  00000000  00004000  R  X
  SRAM_CODE             01000000   00010000  00001485  0000eb7b  RW X
  SRAM_DATA             20000000   00010000  00001485  0000eb7b  RW  


SEGMENT ALLOCATION MAP

run origin  load origin   length   init length attrs members
----------  ----------- ---------- ----------- ----- -------
00000000    00000000    00005908   00005908    r-x
  00000000    00000000    000000e4   000000e4    r-- .intvecs
  000000e4    000000e4    00004868   00004868    r-- .const
  0000494c    0000494c    00000f8c   00000f8c    r-x .text
  000058d8    000058d8    00000030   00000030    r-- .cinit
20000000    20000000    00001285   00000000    rw-
  20000000    20000000    00001280   00000000    rw- .bss
  20001280    20001280    00000005   00000000    rw- .data
2000fe00    2000fe00    00000200   00000000    rw-
  2000fe00    2000fe00    00000200   00000000    rw- .stack


SECTION ALLOCATION MAP

 output                                  attributes/
section   page    origin      length       input sections
--------  ----  ----------  ----------   ----------------
.intvecs   0    00000000    000000e4     
                  00000000    000000e4     startup_msp432p401r_ccs.obj (.intvecs:retain)

.const     0    000000e4    00004868     
                  000000e4    00004700     resources.obj (.const:.string:ubuntu_bold_65_payload)
                  000047e4    00000108     resources.obj (.const:FONT_GLYPHS_ubuntu_bold_65)
                  000048ec    00000030     msp432p4xx_driverlib.lib : gpio.o (.const:GPIO_PORT_TO_BASE)
                  0000491c    0000001c     SPIinit.obj (.const:spiMasterConfig)
                  00004938    0000000c     resources.obj (.const:FONT_ubuntu_bold_65)
                  00004944    00000008     resources.obj (.const:BITMAP_ubuntu_bold_65)

.text      0    0000494c    00000f8c     
                  0000494c    00000334     system_msp432p401r.obj (.text)
                  00004c80    00000330     ePaper.obj (.text)
                  00004fb0    00000244     graphics.obj (.text)
                  000051f4    000000b0     msp432p4xx_driverlib.lib : spi.o (.text:SPI_initMaster)
                  000052a4    0000009c     rtsv7M4_T_le_v4SPD16_eabi.lib : memcpy_t2.asm.obj (.text)
                  00005340    00000094     SPIinit.obj (.text)
                  000053d4    00000088     msp432p4xx_driverlib.lib : gpio.o (.text:GPIO_setAsPeripheralModuleFunctionInputPin)
                  0000545c    0000007a     rtsv7M4_T_le_v4SPD16_eabi.lib : memset_t2.asm.obj (.text)
                  000054d6    00000002     --HOLE-- [fill = 0]
                  000054d8    00000068     GPIOInit.obj (.text)
                  00005540    00000068     rtsv7M4_T_le_v4SPD16_eabi.lib : copy_decompress_lzss.c.obj (.text:decompress:lzss:__TI_decompress_lzss)
                  000055a8    0000004c     msp432p4xx_driverlib.lib : gpio.o (.text:GPIO_setAsInputPin)
                  000055f4    0000004c     main.obj (.text)
                  00005640    00000044     rtsv7M4_T_le_v4SPD16_eabi.lib : autoinit.c.obj (.text:__TI_auto_init_nobinit_nopinit:__TI_auto_init_nobinit_nopinit)
                  00005684    00000040     msp432p4xx_driverlib.lib : gpio.o (.text:GPIO_setAsOutputPin)
                  000056c4    00000040                              : spi.o (.text:is_A_Module)
                  00005704    00000038     rtsv7M4_T_le_v4SPD16_eabi.lib : boot_cortex_m.c.obj (.text:_c_int00_noargs:_c_int00_noargs)
                  0000573c    00000030     msp432p4xx_driverlib.lib : gpio.o (.text:GPIO_getInputPinValue)
                  0000576c    00000028                              : gpio.o (.text:GPIO_setOutputHighOnPin)
                  00005794    00000028                              : gpio.o (.text:GPIO_setOutputLowOnPin)
                  000057bc    00000028                              : pcm.o (.text:PCM_gotoLPM0)
                  000057e4    00000026                              : spi.o (.text:SPI_transmitData)
                  0000580a    00000002     --HOLE-- [fill = 0]
                  0000580c    00000024                              : wdt_a.o (.text:WDT_A_holdTimer)
                  00005830    0000001c                              : spi.o (.text:SPI_enableModule)
                  0000584c    00000016                              : spi.o (.text:EUSCI_A_SPI_enable)
                  00005862    00000016                              : spi.o (.text:EUSCI_A_SPI_transmitData)
                  00005878    00000016                              : spi.o (.text:EUSCI_B_SPI_enable)
                  0000588e    00000016                              : spi.o (.text:EUSCI_B_SPI_transmitData)
                  000058a4    0000000e     rtsv7M4_T_le_v4SPD16_eabi.lib : copy_decompress_none.c.obj (.text:decompress:none:__TI_decompress_none)
                  000058b2    0000000e     startup_msp432p401r_ccs.obj (.text)
                  000058c0    0000000c     rtsv7M4_T_le_v4SPD16_eabi.lib : copy_zero_init.c.obj (.text:decompress:ZI:__TI_zero_init)
                  000058cc    00000004     msp432p4xx_driverlib.lib : cpu.o (.text:CPU_wfi)
                  000058d0    00000004     rtsv7M4_T_le_v4SPD16_eabi.lib : pre_init.c.obj (.text:_system_pre_init)
                  000058d4    00000004                                   : exit.c.obj (.text:abort:abort)

.cinit     0    000058d8    00000030     
                  000058d8    0000000c     (__TI_handler_table)
                  000058e4    00000009     (.cinit..data.load) [load image, compression = lzss]
                  000058ed    00000003     --HOLE-- [fill = 0]
                  000058f0    00000008     (.cinit..bss.load) [load image, compression = zero_init]
                  000058f8    00000010     (__TI_cinit_table)

.init_array 
*          0    00000000    00000000     UNINITIALIZED

.binit     0    00000000    00000000     

.bss       0    20000000    00001280     UNINITIALIZED
                  20000000    00001280     (.common:GLOBAL_framebuffer)

.data      0    20001280    00000005     UNINITIALIZED
                  20001280    00000004     system_msp432p401r.obj (.data)
                  20001284    00000001     GPIOInit.obj (.data)

.stack     0    2000fe00    00000200     UNINITIALIZED
                  2000fe00    00000004     rtsv7M4_T_le_v4SPD16_eabi.lib : boot_cortex_m.c.obj (.stack)
                  2000fe04    000001fc     --HOLE--

MODULE SUMMARY

       Module                        code   ro data   rw data
       ------                        ----   -------   -------
    ./
       system_msp432p401r.obj        820    0         8      
       startup_msp432p401r_ccs.obj   14     228       0      
       main.obj                      76     0         0      
    +--+-----------------------------+------+---------+---------+
       Total:                        910    228       8      
                                                             
    ./Driver/
       ePaper.obj                    816    0         9472   
       SPIinit.obj                   148    28        0      
       GPIOInit.obj                  104    0         2      
    +--+-----------------------------+------+---------+---------+
       Total:                        1068   28        9474   
                                                             
    ./fonts/
       resources.obj                 0      18460     0      
    +--+-----------------------------+------+---------+---------+
       Total:                        0      18460     0      
                                                             
    ./grx/
       graphics.obj                  580    0         0      
    +--+-----------------------------+------+---------+---------+
       Total:                        580    0         0      
                                                             
    /home/andres/ti/ccsv8/tools/compiler/ti-cgt-arm_18.1.4.LTS/lib/rtsv7M4_T_le_v4SPD16_eabi.lib
       memcpy_t2.asm.obj             156    0         0      
       memset_t2.asm.obj             122    0         0      
       copy_decompress_lzss.c.obj    104    0         0      
       autoinit.c.obj                68     0         0      
       boot_cortex_m.c.obj           56     0         0      
       copy_decompress_none.c.obj    14     0         0      
       copy_zero_init.c.obj          12     0         0      
       exit.c.obj                    4      0         0      
       pre_init.c.obj                4      0         0      
    +--+-----------------------------+------+---------+---------+
       Total:                        540    0         0      
                                                             
    /home/andres/ti/simplelink_msp432p4_sdk_3_40_01_02/source/ti/devices/msp432p4xx/driverlib/ccs/msp432p4xx_driverlib.lib
       gpio.o                        404    48        0      
       spi.o                         394    0         0      
       pcm.o                         40     0         0      
       wdt_a.o                       36     0         0      
       cpu.o                         4      0         0      
    +--+-----------------------------+------+---------+---------+
       Total:                        878    48        0      
                                                             
       Stack:                        0      0         1024   
       Linker Generated:             0      45        0      
    +--+-----------------------------+------+---------+---------+
       Grand Total:                  3976   18809     10506  


LINKER GENERATED COPY TABLES

__TI_cinit_table @ 000058f8 records: 2, size/record: 8, table size: 16
	.data: load addr=000058e4, load size=00000009 bytes, run addr=20001280, run size=00000005 bytes, compression=lzss
	.bss: load addr=000058f0, load size=00000008 bytes, run addr=20000000, run size=00001280 bytes, compression=zero_init


LINKER GENERATED HANDLER TABLE

__TI_handler_table @ 000058d8 records: 3, size/record: 4, table size: 12
	index: 0, handler: __TI_decompress_lzss
	index: 1, handler: __TI_decompress_none
	index: 2, handler: __TI_zero_init


GLOBAL SYMBOLS: SORTED ALPHABETICALLY BY Name 

address   name                                      
-------   ----                                      
000058bf  ADC14_IRQHandler                          
000058bf  AES256_IRQHandler                         
00004944  BITMAP_ubuntu_bold_65                     
000058bf  BusFault_Handler                          
000058d5  C$$EXIT                                   
000058bf  COMP_E0_IRQHandler                        
000058bf  COMP_E1_IRQHandler                        
000058cd  CPU_wfi                                   
000058bf  CS_IRQHandler                             
000058bf  DMA_ERR_IRQHandler                        
000058bf  DMA_INT0_IRQHandler                       
000058bf  DMA_INT1_IRQHandler                       
000058bf  DMA_INT2_IRQHandler                       
000058bf  DMA_INT3_IRQHandler                       
000058bf  DebugMon_Handler                          
000058bf  Default_Handler                           
000058bf  EUSCIA0_IRQHandler                        
000058bf  EUSCIA1_IRQHandler                        
000058bf  EUSCIA2_IRQHandler                        
000058bf  EUSCIA3_IRQHandler                        
000058bf  EUSCIB0_IRQHandler                        
000058bf  EUSCIB1_IRQHandler                        
000058bf  EUSCIB2_IRQHandler                        
000058bf  EUSCIB3_IRQHandler                        
0000584d  EUSCI_A_SPI_enable                        
00005863  EUSCI_A_SPI_transmitData                  
00005879  EUSCI_B_SPI_enable                        
0000588f  EUSCI_B_SPI_transmitData                  
000058bf  FLCTL_IRQHandler                          
00004938  FONT_ubuntu_bold_65                       
000058bf  FPU_IRQHandler                            
20000000  GLOBAL_framebuffer                        
000054d9  GPIO_Init                                 
0000573d  GPIO_getInputPinValue                     
000055a9  GPIO_setAsInputPin                        
00005685  GPIO_setAsOutputPin                       
000053d5  GPIO_setAsPeripheralModuleFunctionInputPin
0000576d  GPIO_setOutputHighOnPin                   
00005795  GPIO_setOutputLowOnPin                    
000058bf  HardFault_Handler                         
000058bf  MemManage_Handler                         
000058bf  NMI_Handler                               
000058bf  PCM_IRQHandler                            
000057bd  PCM_gotoLPM0                              
000058bf  PORT1_IRQHandler                          
000058bf  PORT2_IRQHandler                          
000058bf  PORT3_IRQHandler                          
000058bf  PORT4_IRQHandler                          
000058bf  PORT5_IRQHandler                          
000058bf  PORT6_IRQHandler                          
000058bf  PSS_IRQHandler                            
000058bf  PendSV_Handler                            
000058bf  RTC_C_IRQHandler                          
000058b3  Reset_Handler                             
00005341  SPI_Init                                  
00005831  SPI_enableModule                          
000051f5  SPI_initMaster                            
000053af  SPI_transmit                              
000057e5  SPI_transmitData                          
000058bf  SVC_Handler                               
000058bf  SysTick_Handler                           
20001280  SystemCoreClock                           
0000494d  SystemCoreClockUpdate                     
00004bc5  SystemInit                                
000058bf  T32_INT1_IRQHandler                       
000058bf  T32_INT2_IRQHandler                       
000058bf  T32_INTC_IRQHandler                       
000058bf  TA0_0_IRQHandler                          
000058bf  TA0_N_IRQHandler                          
000058bf  TA1_0_IRQHandler                          
000058bf  TA1_N_IRQHandler                          
000058bf  TA2_0_IRQHandler                          
000058bf  TA2_N_IRQHandler                          
000058bf  TA3_0_IRQHandler                          
000058bf  TA3_N_IRQHandler                          
000058bf  UsageFault_Handler                        
4000480c  WDTCTL_SYM                                
000058bf  WDT_A_IRQHandler                          
0000580d  WDT_A_holdTimer                           
20010000  __STACK_END                               
00000200  __STACK_SIZE                              
000058f8  __TI_CINIT_Base                           
00005908  __TI_CINIT_Limit                          
000058d8  __TI_Handler_Table_Base                   
000058e4  __TI_Handler_Table_Limit                  
00005641  __TI_auto_init_nobinit_nopinit            
00005541  __TI_decompress_lzss                      
000058a5  __TI_decompress_none                      
ffffffff  __TI_pprof_out_hndl                       
ffffffff  __TI_prof_data_size                       
ffffffff  __TI_prof_data_start                      
00000000  __TI_static_base__                        
000058c1  __TI_zero_init                            
0000545d  __aeabi_memclr                            
0000545d  __aeabi_memclr4                           
0000545d  __aeabi_memclr8                           
000052a5  __aeabi_memcpy                            
000052a5  __aeabi_memcpy4                           
000052a5  __aeabi_memcpy8                           
0000545f  __aeabi_memset                            
0000545f  __aeabi_memset4                           
0000545f  __aeabi_memset8                           
ffffffff  __binit__                                 
ffffffff  __c_args__                                
UNDEFED   __mpu_init                                
2000fe00  __stack                                   
00005705  _c_int00_noargs                           
UNDEFED   _system_post_cinit                        
000058d1  _system_pre_init                          
000058d5  abort                                     
ffffffff  binit                                     
00005511  digitalHigh                               
000054ff  digitalLow                                
00005523  digitalRead                               
000050c7  gfxGetGlyph                               
00005131  gfxGetGlyphHeight                         
0000510f  gfxGetGlyphWidth                          
00005141  gfxGetTextWidth                           
00004fb1  gfxInit                                   
00005177  gfxPlaceBitmap                            
00004fc5  gfxWriteText                              
00004ca1  initEPD                                   
00000000  interruptVectors                          
000055f5  main                                      
000052a5  memcpy                                    
00005465  memset                                    
00004c81  powerON                                   
00004c8b  powerOff                                  
20001284  result                                    
0000491c  spiMasterConfig                           
00004ec7  turnBlack                                 
00004e55  turnWhite                                 
00004f39  turnYellow                                
00004d8b  updateEPD                                 
00005357  writeCMD                                  
00005383  writeData                                 


GLOBAL SYMBOLS: SORTED BY Symbol Address 

address   name                                      
-------   ----                                      
00000000  __TI_static_base__                        
00000000  interruptVectors                          
00000200  __STACK_SIZE                              
0000491c  spiMasterConfig                           
00004938  FONT_ubuntu_bold_65                       
00004944  BITMAP_ubuntu_bold_65                     
0000494d  SystemCoreClockUpdate                     
00004bc5  SystemInit                                
00004c81  powerON                                   
00004c8b  powerOff                                  
00004ca1  initEPD                                   
00004d8b  updateEPD                                 
00004e55  turnWhite                                 
00004ec7  turnBlack                                 
00004f39  turnYellow                                
00004fb1  gfxInit                                   
00004fc5  gfxWriteText                              
000050c7  gfxGetGlyph                               
0000510f  gfxGetGlyphWidth                          
00005131  gfxGetGlyphHeight                         
00005141  gfxGetTextWidth                           
00005177  gfxPlaceBitmap                            
000051f5  SPI_initMaster                            
000052a5  __aeabi_memcpy                            
000052a5  __aeabi_memcpy4                           
000052a5  __aeabi_memcpy8                           
000052a5  memcpy                                    
00005341  SPI_Init                                  
00005357  writeCMD                                  
00005383  writeData                                 
000053af  SPI_transmit                              
000053d5  GPIO_setAsPeripheralModuleFunctionInputPin
0000545d  __aeabi_memclr                            
0000545d  __aeabi_memclr4                           
0000545d  __aeabi_memclr8                           
0000545f  __aeabi_memset                            
0000545f  __aeabi_memset4                           
0000545f  __aeabi_memset8                           
00005465  memset                                    
000054d9  GPIO_Init                                 
000054ff  digitalLow                                
00005511  digitalHigh                               
00005523  digitalRead                               
00005541  __TI_decompress_lzss                      
000055a9  GPIO_setAsInputPin                        
000055f5  main                                      
00005641  __TI_auto_init_nobinit_nopinit            
00005685  GPIO_setAsOutputPin                       
00005705  _c_int00_noargs                           
0000573d  GPIO_getInputPinValue                     
0000576d  GPIO_setOutputHighOnPin                   
00005795  GPIO_setOutputLowOnPin                    
000057bd  PCM_gotoLPM0                              
000057e5  SPI_transmitData                          
0000580d  WDT_A_holdTimer                           
00005831  SPI_enableModule                          
0000584d  EUSCI_A_SPI_enable                        
00005863  EUSCI_A_SPI_transmitData                  
00005879  EUSCI_B_SPI_enable                        
0000588f  EUSCI_B_SPI_transmitData                  
000058a5  __TI_decompress_none                      
000058b3  Reset_Handler                             
000058bf  ADC14_IRQHandler                          
000058bf  AES256_IRQHandler                         
000058bf  BusFault_Handler                          
000058bf  COMP_E0_IRQHandler                        
000058bf  COMP_E1_IRQHandler                        
000058bf  CS_IRQHandler                             
000058bf  DMA_ERR_IRQHandler                        
000058bf  DMA_INT0_IRQHandler                       
000058bf  DMA_INT1_IRQHandler                       
000058bf  DMA_INT2_IRQHandler                       
000058bf  DMA_INT3_IRQHandler                       
000058bf  DebugMon_Handler                          
000058bf  Default_Handler                           
000058bf  EUSCIA0_IRQHandler                        
000058bf  EUSCIA1_IRQHandler                        
000058bf  EUSCIA2_IRQHandler                        
000058bf  EUSCIA3_IRQHandler                        
000058bf  EUSCIB0_IRQHandler                        
000058bf  EUSCIB1_IRQHandler                        
000058bf  EUSCIB2_IRQHandler                        
000058bf  EUSCIB3_IRQHandler                        
000058bf  FLCTL_IRQHandler                          
000058bf  FPU_IRQHandler                            
000058bf  HardFault_Handler                         
000058bf  MemManage_Handler                         
000058bf  NMI_Handler                               
000058bf  PCM_IRQHandler                            
000058bf  PORT1_IRQHandler                          
000058bf  PORT2_IRQHandler                          
000058bf  PORT3_IRQHandler                          
000058bf  PORT4_IRQHandler                          
000058bf  PORT5_IRQHandler                          
000058bf  PORT6_IRQHandler                          
000058bf  PSS_IRQHandler                            
000058bf  PendSV_Handler                            
000058bf  RTC_C_IRQHandler                          
000058bf  SVC_Handler                               
000058bf  SysTick_Handler                           
000058bf  T32_INT1_IRQHandler                       
000058bf  T32_INT2_IRQHandler                       
000058bf  T32_INTC_IRQHandler                       
000058bf  TA0_0_IRQHandler                          
000058bf  TA0_N_IRQHandler                          
000058bf  TA1_0_IRQHandler                          
000058bf  TA1_N_IRQHandler                          
000058bf  TA2_0_IRQHandler                          
000058bf  TA2_N_IRQHandler                          
000058bf  TA3_0_IRQHandler                          
000058bf  TA3_N_IRQHandler                          
000058bf  UsageFault_Handler                        
000058bf  WDT_A_IRQHandler                          
000058c1  __TI_zero_init                            
000058cd  CPU_wfi                                   
000058d1  _system_pre_init                          
000058d5  C$$EXIT                                   
000058d5  abort                                     
000058d8  __TI_Handler_Table_Base                   
000058e4  __TI_Handler_Table_Limit                  
000058f8  __TI_CINIT_Base                           
00005908  __TI_CINIT_Limit                          
20000000  GLOBAL_framebuffer                        
20001280  SystemCoreClock                           
20001284  result                                    
2000fe00  __stack                                   
20010000  __STACK_END                               
4000480c  WDTCTL_SYM                                
ffffffff  __TI_pprof_out_hndl                       
ffffffff  __TI_prof_data_size                       
ffffffff  __TI_prof_data_start                      
ffffffff  __binit__                                 
ffffffff  __c_args__                                
ffffffff  binit                                     
UNDEFED   __mpu_init                                
UNDEFED   _system_post_cinit                        

[136 symbols]
