******************************************************************************
                  TI ARM Linker Unix v18.1.4                   
******************************************************************************
>> Linked Fri Mar 27 15:10:34 2020

OUTPUT FILE NAME:   <ePaperDriver.out>
ENTRY POINT SYMBOL: "_c_int00_noargs"  address: 00000d09


MEMORY CONFIGURATION

         name            origin    length      used     unused   attr    fill
----------------------  --------  ---------  --------  --------  ----  --------
  MAIN                  00000000   00040000  00000f38  0003f0c8  R  X
  INFO                  00200000   00004000  00000000  00004000  R  X
  SRAM_CODE             01000000   00010000  00000205  0000fdfb  RW X
  SRAM_DATA             20000000   00010000  00000205  0000fdfb  RW  


SEGMENT ALLOCATION MAP

run origin  load origin   length   init length attrs members
----------  ----------- ---------- ----------- ----- -------
00000000    00000000    00000f3c   00000f3c    r-x
  00000000    00000000    000000e4   000000e4    r-- .intvecs
  000000e4    000000e4    00000dec   00000dec    r-x .text
  00000ed0    00000ed0    0000004c   0000004c    r-- .const
  00000f20    00000f20    0000001c   0000001c    r-- .cinit
20000000    20000000    00000005   00000000    rw-
  20000000    20000000    00000005   00000000    rw- .data
2000fe00    2000fe00    00000200   00000000    rw-
  2000fe00    2000fe00    00000200   00000000    rw- .stack


SECTION ALLOCATION MAP

 output                                  attributes/
section   page    origin      length       input sections
--------  ----  ----------  ----------   ----------------
.intvecs   0    00000000    000000e4     
                  00000000    000000e4     startup_msp432p401r_ccs.obj (.intvecs:retain)

.text      0    000000e4    00000dec     
                  000000e4    00000562     main.obj (.text)
                  00000646    00000002     --HOLE-- [fill = 0]
                  00000648    00000334     system_msp432p401r.obj (.text)
                  0000097c    000000b0     msp432p4xx_driverlib.lib : spi.o (.text:SPI_initMaster)
                  00000a2c    0000009c     rtsv7M4_T_le_v4SPD16_eabi.lib : memcpy_t2.asm.obj (.text)
                  00000ac8    00000088     msp432p4xx_driverlib.lib : gpio.o (.text:GPIO_setAsPeripheralModuleFunctionInputPin)
                  00000b50    00000068     rtsv7M4_T_le_v4SPD16_eabi.lib : copy_decompress_lzss.c.obj (.text:decompress:lzss:__TI_decompress_lzss)
                  00000bb8    0000004c     msp432p4xx_driverlib.lib : gpio.o (.text:GPIO_setAsInputPin)
                  00000c04    00000044     rtsv7M4_T_le_v4SPD16_eabi.lib : autoinit.c.obj (.text:__TI_auto_init_nobinit_nopinit:__TI_auto_init_nobinit_nopinit)
                  00000c48    00000040     msp432p4xx_driverlib.lib : gpio.o (.text:GPIO_setAsOutputPin)
                  00000c88    00000040     SPIinit.obj (.text)
                  00000cc8    00000040     msp432p4xx_driverlib.lib : spi.o (.text:is_A_Module)
                  00000d08    00000038     rtsv7M4_T_le_v4SPD16_eabi.lib : boot_cortex_m.c.obj (.text:_c_int00_noargs:_c_int00_noargs)
                  00000d40    00000030     msp432p4xx_driverlib.lib : gpio.o (.text:GPIO_getInputPinValue)
                  00000d70    00000028                              : gpio.o (.text:GPIO_setOutputHighOnPin)
                  00000d98    00000028                              : gpio.o (.text:GPIO_setOutputLowOnPin)
                  00000dc0    00000028                              : pcm.o (.text:PCM_gotoLPM0)
                  00000de8    00000026                              : spi.o (.text:SPI_transmitData)
                  00000e0e    00000002     --HOLE-- [fill = 0]
                  00000e10    00000024                              : wdt_a.o (.text:WDT_A_holdTimer)
                  00000e34    0000001c                              : spi.o (.text:SPI_enableModule)
                  00000e50    00000016                              : spi.o (.text:EUSCI_A_SPI_enable)
                  00000e66    00000016                              : spi.o (.text:EUSCI_A_SPI_transmitData)
                  00000e7c    00000016                              : spi.o (.text:EUSCI_B_SPI_enable)
                  00000e92    00000016                              : spi.o (.text:EUSCI_B_SPI_transmitData)
                  00000ea8    0000000e     rtsv7M4_T_le_v4SPD16_eabi.lib : copy_decompress_none.c.obj (.text:decompress:none:__TI_decompress_none)
                  00000eb6    0000000e     startup_msp432p401r_ccs.obj (.text)
                  00000ec4    00000004     msp432p4xx_driverlib.lib : cpu.o (.text:CPU_wfi)
                  00000ec8    00000004     rtsv7M4_T_le_v4SPD16_eabi.lib : pre_init.c.obj (.text:_system_pre_init)
                  00000ecc    00000004                                   : exit.c.obj (.text:abort:abort)

.const     0    00000ed0    0000004c     
                  00000ed0    00000030     msp432p4xx_driverlib.lib : gpio.o (.const:GPIO_PORT_TO_BASE)
                  00000f00    0000001c     SPIinit.obj (.const:spiMasterConfig)

.cinit     0    00000f20    0000001c     
                  00000f20    00000009     (.cinit..data.load) [load image, compression = lzss]
                  00000f29    00000003     --HOLE-- [fill = 0]
                  00000f2c    00000008     (__TI_handler_table)
                  00000f34    00000008     (__TI_cinit_table)

.init_array 
*          0    00000000    00000000     UNINITIALIZED

.binit     0    00000000    00000000     

.data      0    20000000    00000005     UNINITIALIZED
                  20000000    00000004     system_msp432p401r.obj (.data)
                  20000004    00000001     main.obj (.data)

.stack     0    2000fe00    00000200     UNINITIALIZED
                  2000fe00    00000004     rtsv7M4_T_le_v4SPD16_eabi.lib : boot_cortex_m.c.obj (.stack)
                  2000fe04    000001fc     --HOLE--

MODULE SUMMARY

       Module                        code   ro data   rw data
       ------                        ----   -------   -------
    ./
       main.obj                      1378   0         2      
       system_msp432p401r.obj        820    0         8      
       startup_msp432p401r_ccs.obj   14     228       0      
    +--+-----------------------------+------+---------+---------+
       Total:                        2212   228       10     
                                                             
    ./Driver/
       SPIinit.obj                   64     28        0      
    +--+-----------------------------+------+---------+---------+
       Total:                        64     28        0      
                                                             
    /home/andres/ti/ccsv8/tools/compiler/ti-cgt-arm_18.1.4.LTS/lib/rtsv7M4_T_le_v4SPD16_eabi.lib
       memcpy_t2.asm.obj             156    0         0      
       copy_decompress_lzss.c.obj    104    0         0      
       autoinit.c.obj                68     0         0      
       boot_cortex_m.c.obj           56     0         0      
       copy_decompress_none.c.obj    14     0         0      
       exit.c.obj                    4      0         0      
       pre_init.c.obj                4      0         0      
    +--+-----------------------------+------+---------+---------+
       Total:                        406    0         0      
                                                             
    /home/andres/ti/simplelink_msp432p4_sdk_3_40_01_02/source/ti/devices/msp432p4xx/driverlib/ccs/msp432p4xx_driverlib.lib
       gpio.o                        404    48        0      
       spi.o                         394    0         0      
       pcm.o                         40     0         0      
       wdt_a.o                       36     0         0      
       cpu.o                         4      0         0      
    +--+-----------------------------+------+---------+---------+
       Total:                        878    48        0      
                                                             
       Stack:                        0      0         1024   
       Linker Generated:             0      25        0      
    +--+-----------------------------+------+---------+---------+
       Grand Total:                  3560   329       1034   


LINKER GENERATED COPY TABLES

__TI_cinit_table @ 00000f34 records: 1, size/record: 8, table size: 8
	.data: load addr=00000f20, load size=00000009 bytes, run addr=20000000, run size=00000005 bytes, compression=lzss


LINKER GENERATED HANDLER TABLE

__TI_handler_table @ 00000f2c records: 2, size/record: 4, table size: 8
	index: 0, handler: __TI_decompress_lzss
	index: 1, handler: __TI_decompress_none


GLOBAL SYMBOLS: SORTED ALPHABETICALLY BY Name 

address   name                                      
-------   ----                                      
00000ec3  ADC14_IRQHandler                          
00000ec3  AES256_IRQHandler                         
00000ec3  BusFault_Handler                          
00000ecd  C$$EXIT                                   
00000ec3  COMP_E0_IRQHandler                        
00000ec3  COMP_E1_IRQHandler                        
00000ec5  CPU_wfi                                   
00000ec3  CS_IRQHandler                             
00000ec3  DMA_ERR_IRQHandler                        
00000ec3  DMA_INT0_IRQHandler                       
00000ec3  DMA_INT1_IRQHandler                       
00000ec3  DMA_INT2_IRQHandler                       
00000ec3  DMA_INT3_IRQHandler                       
00000ec3  DebugMon_Handler                          
00000ec3  Default_Handler                           
00000ec3  EUSCIA0_IRQHandler                        
00000ec3  EUSCIA1_IRQHandler                        
00000ec3  EUSCIA2_IRQHandler                        
00000ec3  EUSCIA3_IRQHandler                        
00000ec3  EUSCIB0_IRQHandler                        
00000ec3  EUSCIB1_IRQHandler                        
00000ec3  EUSCIB2_IRQHandler                        
00000ec3  EUSCIB3_IRQHandler                        
00000e51  EUSCI_A_SPI_enable                        
00000e67  EUSCI_A_SPI_transmitData                  
00000e7d  EUSCI_B_SPI_enable                        
00000e93  EUSCI_B_SPI_transmitData                  
00000ec3  FLCTL_IRQHandler                          
00000ec3  FPU_IRQHandler                            
00000d41  GPIO_getInputPinValue                     
00000bb9  GPIO_setAsInputPin                        
00000c49  GPIO_setAsOutputPin                       
00000ac9  GPIO_setAsPeripheralModuleFunctionInputPin
00000d71  GPIO_setOutputHighOnPin                   
00000d99  GPIO_setOutputLowOnPin                    
00000ec3  HardFault_Handler                         
00000ec3  MemManage_Handler                         
00000ec3  NMI_Handler                               
00000ec3  PCM_IRQHandler                            
00000dc1  PCM_gotoLPM0                              
00000ec3  PORT1_IRQHandler                          
00000ec3  PORT2_IRQHandler                          
00000ec3  PORT3_IRQHandler                          
00000ec3  PORT4_IRQHandler                          
00000ec3  PORT5_IRQHandler                          
00000ec3  PORT6_IRQHandler                          
00000ec3  PSS_IRQHandler                            
00000ec3  PendSV_Handler                            
00000ec3  RTC_C_IRQHandler                          
00000eb7  Reset_Handler                             
00000c89  SPI_Init                                  
00000e35  SPI_enableModule                          
0000097d  SPI_initMaster                            
0000017b  SPI_transmit                              
00000de9  SPI_transmitData                          
00000ec3  SVC_Handler                               
00000ec3  SysTick_Handler                           
20000000  SystemCoreClock                           
00000649  SystemCoreClockUpdate                     
000008c1  SystemInit                                
00000ec3  T32_INT1_IRQHandler                       
00000ec3  T32_INT2_IRQHandler                       
00000ec3  T32_INTC_IRQHandler                       
00000ec3  TA0_0_IRQHandler                          
00000ec3  TA0_N_IRQHandler                          
00000ec3  TA1_0_IRQHandler                          
00000ec3  TA1_N_IRQHandler                          
00000ec3  TA2_0_IRQHandler                          
00000ec3  TA2_N_IRQHandler                          
00000ec3  TA3_0_IRQHandler                          
00000ec3  TA3_N_IRQHandler                          
00000ec3  UsageFault_Handler                        
4000480c  WDTCTL_SYM                                
00000ec3  WDT_A_IRQHandler                          
00000e11  WDT_A_holdTimer                           
20010000  __STACK_END                               
00000200  __STACK_SIZE                              
00000f34  __TI_CINIT_Base                           
00000f3c  __TI_CINIT_Limit                          
00000f2c  __TI_Handler_Table_Base                   
00000f34  __TI_Handler_Table_Limit                  
00000c05  __TI_auto_init_nobinit_nopinit            
00000b51  __TI_decompress_lzss                      
00000ea9  __TI_decompress_none                      
ffffffff  __TI_pprof_out_hndl                       
ffffffff  __TI_prof_data_size                       
ffffffff  __TI_prof_data_start                      
00000000  __TI_static_base__                        
00000a2d  __aeabi_memcpy                            
00000a2d  __aeabi_memcpy4                           
00000a2d  __aeabi_memcpy8                           
ffffffff  __binit__                                 
ffffffff  __c_args__                                
UNDEFED   __mpu_init                                
2000fe00  __stack                                   
00000d09  _c_int00_noargs                           
UNDEFED   _system_post_cinit                        
00000ec9  _system_pre_init                          
00000ecd  abort                                     
ffffffff  binit                                     
000000f7  digitalHigh                               
000000e5  digitalLow                                
00000109  digitalRead                               
000002ed  initEPD                                   
00000000  interruptVectors                          
000005dd  main                                      
000004e3  makeSquarePattern                         
00000a2d  memcpy                                    
000001b9  partialUpdateSolid                        
00000199  powerON                                   
000001a3  powerOff                                  
20000004  result                                    
00000f00  spiMasterConfig                           
000003f7  turnBlack                                 
00000385  turnWhite                                 
00000471  turnYellow                                
00000123  writeCMD                                  
0000014f  writeData                                 


GLOBAL SYMBOLS: SORTED BY Symbol Address 

address   name                                      
-------   ----                                      
00000000  __TI_static_base__                        
00000000  interruptVectors                          
000000e5  digitalLow                                
000000f7  digitalHigh                               
00000109  digitalRead                               
00000123  writeCMD                                  
0000014f  writeData                                 
0000017b  SPI_transmit                              
00000199  powerON                                   
000001a3  powerOff                                  
000001b9  partialUpdateSolid                        
00000200  __STACK_SIZE                              
000002ed  initEPD                                   
00000385  turnWhite                                 
000003f7  turnBlack                                 
00000471  turnYellow                                
000004e3  makeSquarePattern                         
000005dd  main                                      
00000649  SystemCoreClockUpdate                     
000008c1  SystemInit                                
0000097d  SPI_initMaster                            
00000a2d  __aeabi_memcpy                            
00000a2d  __aeabi_memcpy4                           
00000a2d  __aeabi_memcpy8                           
00000a2d  memcpy                                    
00000ac9  GPIO_setAsPeripheralModuleFunctionInputPin
00000b51  __TI_decompress_lzss                      
00000bb9  GPIO_setAsInputPin                        
00000c05  __TI_auto_init_nobinit_nopinit            
00000c49  GPIO_setAsOutputPin                       
00000c89  SPI_Init                                  
00000d09  _c_int00_noargs                           
00000d41  GPIO_getInputPinValue                     
00000d71  GPIO_setOutputHighOnPin                   
00000d99  GPIO_setOutputLowOnPin                    
00000dc1  PCM_gotoLPM0                              
00000de9  SPI_transmitData                          
00000e11  WDT_A_holdTimer                           
00000e35  SPI_enableModule                          
00000e51  EUSCI_A_SPI_enable                        
00000e67  EUSCI_A_SPI_transmitData                  
00000e7d  EUSCI_B_SPI_enable                        
00000e93  EUSCI_B_SPI_transmitData                  
00000ea9  __TI_decompress_none                      
00000eb7  Reset_Handler                             
00000ec3  ADC14_IRQHandler                          
00000ec3  AES256_IRQHandler                         
00000ec3  BusFault_Handler                          
00000ec3  COMP_E0_IRQHandler                        
00000ec3  COMP_E1_IRQHandler                        
00000ec3  CS_IRQHandler                             
00000ec3  DMA_ERR_IRQHandler                        
00000ec3  DMA_INT0_IRQHandler                       
00000ec3  DMA_INT1_IRQHandler                       
00000ec3  DMA_INT2_IRQHandler                       
00000ec3  DMA_INT3_IRQHandler                       
00000ec3  DebugMon_Handler                          
00000ec3  Default_Handler                           
00000ec3  EUSCIA0_IRQHandler                        
00000ec3  EUSCIA1_IRQHandler                        
00000ec3  EUSCIA2_IRQHandler                        
00000ec3  EUSCIA3_IRQHandler                        
00000ec3  EUSCIB0_IRQHandler                        
00000ec3  EUSCIB1_IRQHandler                        
00000ec3  EUSCIB2_IRQHandler                        
00000ec3  EUSCIB3_IRQHandler                        
00000ec3  FLCTL_IRQHandler                          
00000ec3  FPU_IRQHandler                            
00000ec3  HardFault_Handler                         
00000ec3  MemManage_Handler                         
00000ec3  NMI_Handler                               
00000ec3  PCM_IRQHandler                            
00000ec3  PORT1_IRQHandler                          
00000ec3  PORT2_IRQHandler                          
00000ec3  PORT3_IRQHandler                          
00000ec3  PORT4_IRQHandler                          
00000ec3  PORT5_IRQHandler                          
00000ec3  PORT6_IRQHandler                          
00000ec3  PSS_IRQHandler                            
00000ec3  PendSV_Handler                            
00000ec3  RTC_C_IRQHandler                          
00000ec3  SVC_Handler                               
00000ec3  SysTick_Handler                           
00000ec3  T32_INT1_IRQHandler                       
00000ec3  T32_INT2_IRQHandler                       
00000ec3  T32_INTC_IRQHandler                       
00000ec3  TA0_0_IRQHandler                          
00000ec3  TA0_N_IRQHandler                          
00000ec3  TA1_0_IRQHandler                          
00000ec3  TA1_N_IRQHandler                          
00000ec3  TA2_0_IRQHandler                          
00000ec3  TA2_N_IRQHandler                          
00000ec3  TA3_0_IRQHandler                          
00000ec3  TA3_N_IRQHandler                          
00000ec3  UsageFault_Handler                        
00000ec3  WDT_A_IRQHandler                          
00000ec5  CPU_wfi                                   
00000ec9  _system_pre_init                          
00000ecd  C$$EXIT                                   
00000ecd  abort                                     
00000f00  spiMasterConfig                           
00000f2c  __TI_Handler_Table_Base                   
00000f34  __TI_CINIT_Base                           
00000f34  __TI_Handler_Table_Limit                  
00000f3c  __TI_CINIT_Limit                          
20000000  SystemCoreClock                           
20000004  result                                    
2000fe00  __stack                                   
20010000  __STACK_END                               
4000480c  WDTCTL_SYM                                
ffffffff  __TI_pprof_out_hndl                       
ffffffff  __TI_prof_data_size                       
ffffffff  __TI_prof_data_start                      
ffffffff  __binit__                                 
ffffffff  __c_args__                                
ffffffff  binit                                     
UNDEFED   __mpu_init                                
UNDEFED   _system_post_cinit                        

[118 symbols]
