******************************************************************************
                  TI ARM Linker Unix v18.1.4                   
******************************************************************************
>> Linked Mon Mar 30 14:37:50 2020

OUTPUT FILE NAME:   <ePaperDriver.out>
ENTRY POINT SYMBOL: "_c_int00_noargs"  address: 00000f71


MEMORY CONFIGURATION

         name            origin    length      used     unused   attr    fill
----------------------  --------  ---------  --------  --------  ----  --------
  MAIN                  00000000   00040000  000019d0  0003e630  R  X
  INFO                  00200000   00004000  00000000  00004000  R  X
  SRAM_CODE             01000000   00010000  00001541  0000eabf  RW X
  SRAM_DATA             20000000   00010000  00001541  0000eabf  RW  


SEGMENT ALLOCATION MAP

run origin  load origin   length   init length attrs members
----------  ----------- ---------- ----------- ----- -------
00000000    00000000    000019d0   000019d0    r-x
  00000000    00000000    000000e4   000000e4    r-- .intvecs
  000000e4    000000e4    000010a8   000010a8    r-x .text
  0000118c    0000118c    00000814   00000814    r-- .const
  000019a0    000019a0    00000030   00000030    r-- .cinit
20000000    20000000    00001341   00000000    rw-
  20000000    20000000    0000133c   00000000    rw- .bss
  2000133c    2000133c    00000005   00000000    rw- .data
2000fe00    2000fe00    00000200   00000000    rw-
  2000fe00    2000fe00    00000200   00000000    rw- .stack


SECTION ALLOCATION MAP

 output                                  attributes/
section   page    origin      length       input sections
--------  ----  ----------  ----------   ----------------
.intvecs   0    00000000    000000e4     
                  00000000    000000e4     startup_msp432p401r_ccs.obj (.intvecs:retain)

.text      0    000000e4    000010a8     
                  000000e4    00000334     system_msp432p401r.obj (.text)
                  00000418    00000330     ePaper.obj (.text)
                  00000748    00000244     graphics.obj (.text)
                  0000098c    00000120     labelEngine.obj (.text)
                  00000aac    000000b0     msp432p4xx_driverlib.lib : spi.o (.text:SPI_initMaster)
                  00000b5c    0000009c     rtsv7M4_T_le_v4SPD16_eabi.lib : memcpy_t2.asm.obj (.text)
                  00000bf8    00000094     SPIinit.obj (.text)
                  00000c8c    00000088     msp432p4xx_driverlib.lib : gpio.o (.text:GPIO_setAsPeripheralModuleFunctionInputPin)
                  00000d14    0000007a     rtsv7M4_T_le_v4SPD16_eabi.lib : memset_t2.asm.obj (.text)
                  00000d8e    00000002     --HOLE-- [fill = 0]
                  00000d90    00000068     GPIOInit.obj (.text)
                  00000df8    00000068     rtsv7M4_T_le_v4SPD16_eabi.lib : copy_decompress_lzss.c.obj (.text:decompress:lzss:__TI_decompress_lzss)
                  00000e60    0000004c     msp432p4xx_driverlib.lib : gpio.o (.text:GPIO_setAsInputPin)
                  00000eac    00000044     rtsv7M4_T_le_v4SPD16_eabi.lib : autoinit.c.obj (.text:__TI_auto_init_nobinit_nopinit:__TI_auto_init_nobinit_nopinit)
                  00000ef0    00000040     msp432p4xx_driverlib.lib : gpio.o (.text:GPIO_setAsOutputPin)
                  00000f30    00000040                              : spi.o (.text:is_A_Module)
                  00000f70    00000038     rtsv7M4_T_le_v4SPD16_eabi.lib : boot_cortex_m.c.obj (.text:_c_int00_noargs:_c_int00_noargs)
                  00000fa8    00000034     main.obj (.text)
                  00000fdc    00000030     msp432p4xx_driverlib.lib : gpio.o (.text:GPIO_getInputPinValue)
                  0000100c    00000028                              : gpio.o (.text:GPIO_setOutputHighOnPin)
                  00001034    00000028                              : gpio.o (.text:GPIO_setOutputLowOnPin)
                  0000105c    00000028                              : pcm.o (.text:PCM_gotoLPM0)
                  00001084    00000026                              : spi.o (.text:SPI_transmitData)
                  000010aa    00000002     --HOLE-- [fill = 0]
                  000010ac    00000024                              : wdt_a.o (.text:WDT_A_holdTimer)
                  000010d0    0000001c                              : spi.o (.text:SPI_enableModule)
                  000010ec    00000016                              : spi.o (.text:EUSCI_A_SPI_enable)
                  00001102    00000016                              : spi.o (.text:EUSCI_A_SPI_transmitData)
                  00001118    00000016                              : spi.o (.text:EUSCI_B_SPI_enable)
                  0000112e    00000016                              : spi.o (.text:EUSCI_B_SPI_transmitData)
                  00001144    00000014     rtsv7M4_T_le_v4SPD16_eabi.lib : strlen.c.obj (.text:strlen)
                  00001158    0000000e                                   : copy_decompress_none.c.obj (.text:decompress:none:__TI_decompress_none)
                  00001166    0000000e     startup_msp432p401r_ccs.obj (.text)
                  00001174    0000000c     rtsv7M4_T_le_v4SPD16_eabi.lib : copy_zero_init.c.obj (.text:decompress:ZI:__TI_zero_init)
                  00001180    00000004     msp432p4xx_driverlib.lib : cpu.o (.text:CPU_wfi)
                  00001184    00000004     rtsv7M4_T_le_v4SPD16_eabi.lib : pre_init.c.obj (.text:_system_pre_init)
                  00001188    00000004                                   : exit.c.obj (.text:abort:abort)

.const     0    0000118c    00000814     
                  0000118c    00000638     resources.obj (.const:.string:ubuntu_bold_16_payload)
                  000017c4    0000017c     resources.obj (.const:FONT_GLYPHS_ubuntu_bold_16)
                  00001940    00000030     msp432p4xx_driverlib.lib : gpio.o (.const:GPIO_PORT_TO_BASE)
                  00001970    0000001c     SPIinit.obj (.const:spiMasterConfig)
                  0000198c    0000000c     resources.obj (.const:FONT_ubuntu_bold_16)
                  00001998    00000008     resources.obj (.const:BITMAP_ubuntu_bold_16)

.cinit     0    000019a0    00000030     
                  000019a0    0000000c     (__TI_handler_table)
                  000019ac    00000009     (.cinit..data.load) [load image, compression = lzss]
                  000019b5    00000003     --HOLE-- [fill = 0]
                  000019b8    00000008     (.cinit..bss.load) [load image, compression = zero_init]
                  000019c0    00000010     (__TI_cinit_table)

.init_array 
*          0    00000000    00000000     UNINITIALIZED

.binit     0    00000000    00000000     

.bss       0    20000000    0000133c     UNINITIALIZED
                  20000000    00001280     (.common:GLOBAL_framebuffer)
                  20001280    000000b5     (.common:resultLabel)
                  20001335    00000001     --HOLE--
                  20001336    00000002     (.common:retVal)
                  20001338    00000004     (.common:labelTemplateHandle)

.data      0    2000133c    00000005     UNINITIALIZED
                  2000133c    00000004     system_msp432p401r.obj (.data)
                  20001340    00000001     GPIOInit.obj (.data)

.stack     0    2000fe00    00000200     UNINITIALIZED
                  2000fe00    00000004     rtsv7M4_T_le_v4SPD16_eabi.lib : boot_cortex_m.c.obj (.stack)
                  2000fe04    000001fc     --HOLE--

MODULE SUMMARY

       Module                        code   ro data   rw data
       ------                        ----   -------   -------
    ./
       system_msp432p401r.obj        820    0         8      
       startup_msp432p401r_ccs.obj   14     228       0      
       main.obj                      52     0         0      
    +--+-----------------------------+------+---------+---------+
       Total:                        886    228       8      
                                                             
    ./Driver/
       ePaper.obj                    816    0         9472   
       SPIinit.obj                   148    28        0      
       GPIOInit.obj                  104    0         2      
    +--+-----------------------------+------+---------+---------+
       Total:                        1068   28        9474   
                                                             
    ./LabelEngine/
       labelEngine.obj               288    0         374    
    +--+-----------------------------+------+---------+---------+
       Total:                        288    0         374    
                                                             
    ./fonts/
       resources.obj                 0      1992      0      
    +--+-----------------------------+------+---------+---------+
       Total:                        0      1992      0      
                                                             
    ./grx/
       graphics.obj                  580    0         0      
    +--+-----------------------------+------+---------+---------+
       Total:                        580    0         0      
                                                             
    /home/andres/ti/ccsv8/tools/compiler/ti-cgt-arm_18.1.4.LTS/lib/rtsv7M4_T_le_v4SPD16_eabi.lib
       memcpy_t2.asm.obj             156    0         0      
       memset_t2.asm.obj             122    0         0      
       copy_decompress_lzss.c.obj    104    0         0      
       autoinit.c.obj                68     0         0      
       boot_cortex_m.c.obj           56     0         0      
       strlen.c.obj                  20     0         0      
       copy_decompress_none.c.obj    14     0         0      
       copy_zero_init.c.obj          12     0         0      
       exit.c.obj                    4      0         0      
       pre_init.c.obj                4      0         0      
    +--+-----------------------------+------+---------+---------+
       Total:                        560    0         0      
                                                             
    /home/andres/ti/simplelink_msp432p4_sdk_3_40_01_02/source/ti/devices/msp432p4xx/driverlib/ccs/msp432p4xx_driverlib.lib
       gpio.o                        404    48        0      
       spi.o                         394    0         0      
       pcm.o                         40     0         0      
       wdt_a.o                       36     0         0      
       cpu.o                         4      0         0      
    +--+-----------------------------+------+---------+---------+
       Total:                        878    48        0      
                                                             
       Stack:                        0      0         1024   
       Linker Generated:             0      45        0      
    +--+-----------------------------+------+---------+---------+
       Grand Total:                  4260   2341      10880  


LINKER GENERATED COPY TABLES

__TI_cinit_table @ 000019c0 records: 2, size/record: 8, table size: 16
	.data: load addr=000019ac, load size=00000009 bytes, run addr=2000133c, run size=00000005 bytes, compression=lzss
	.bss: load addr=000019b8, load size=00000008 bytes, run addr=20000000, run size=0000133c bytes, compression=zero_init


LINKER GENERATED HANDLER TABLE

__TI_handler_table @ 000019a0 records: 3, size/record: 4, table size: 12
	index: 0, handler: __TI_decompress_lzss
	index: 1, handler: __TI_decompress_none
	index: 2, handler: __TI_zero_init


GLOBAL SYMBOLS: SORTED ALPHABETICALLY BY Name 

address   name                                      
-------   ----                                      
00001173  ADC14_IRQHandler                          
00001173  AES256_IRQHandler                         
00001998  BITMAP_ubuntu_bold_16                     
00001173  BusFault_Handler                          
00001189  C$$EXIT                                   
00001173  COMP_E0_IRQHandler                        
00001173  COMP_E1_IRQHandler                        
00001181  CPU_wfi                                   
00001173  CS_IRQHandler                             
00001173  DMA_ERR_IRQHandler                        
00001173  DMA_INT0_IRQHandler                       
00001173  DMA_INT1_IRQHandler                       
00001173  DMA_INT2_IRQHandler                       
00001173  DMA_INT3_IRQHandler                       
00001173  DebugMon_Handler                          
00001173  Default_Handler                           
00001173  EUSCIA0_IRQHandler                        
00001173  EUSCIA1_IRQHandler                        
00001173  EUSCIA2_IRQHandler                        
00001173  EUSCIA3_IRQHandler                        
00001173  EUSCIB0_IRQHandler                        
00001173  EUSCIB1_IRQHandler                        
00001173  EUSCIB2_IRQHandler                        
00001173  EUSCIB3_IRQHandler                        
000010ed  EUSCI_A_SPI_enable                        
00001103  EUSCI_A_SPI_transmitData                  
00001119  EUSCI_B_SPI_enable                        
0000112f  EUSCI_B_SPI_transmitData                  
00001173  FLCTL_IRQHandler                          
0000198c  FONT_ubuntu_bold_16                       
00001173  FPU_IRQHandler                            
20000000  GLOBAL_framebuffer                        
00000d91  GPIO_Init                                 
00000fdd  GPIO_getInputPinValue                     
00000e61  GPIO_setAsInputPin                        
00000ef1  GPIO_setAsOutputPin                       
00000c8d  GPIO_setAsPeripheralModuleFunctionInputPin
0000100d  GPIO_setOutputHighOnPin                   
00001035  GPIO_setOutputLowOnPin                    
00001173  HardFault_Handler                         
UNDEFED   Json_createTemplate                       
00001173  MemManage_Handler                         
00001173  NMI_Handler                               
00001173  PCM_IRQHandler                            
0000105d  PCM_gotoLPM0                              
00001173  PORT1_IRQHandler                          
00001173  PORT2_IRQHandler                          
00001173  PORT3_IRQHandler                          
00001173  PORT4_IRQHandler                          
00001173  PORT5_IRQHandler                          
00001173  PORT6_IRQHandler                          
00001173  PSS_IRQHandler                            
00001173  PendSV_Handler                            
00001173  RTC_C_IRQHandler                          
00001167  Reset_Handler                             
00000bf9  SPI_Init                                  
000010d1  SPI_enableModule                          
00000aad  SPI_initMaster                            
00000c67  SPI_transmit                              
00001085  SPI_transmitData                          
00001173  SVC_Handler                               
00001173  SysTick_Handler                           
2000133c  SystemCoreClock                           
000000e5  SystemCoreClockUpdate                     
0000035d  SystemInit                                
00001173  T32_INT1_IRQHandler                       
00001173  T32_INT2_IRQHandler                       
00001173  T32_INTC_IRQHandler                       
00001173  TA0_0_IRQHandler                          
00001173  TA0_N_IRQHandler                          
00001173  TA1_0_IRQHandler                          
00001173  TA1_N_IRQHandler                          
00001173  TA2_0_IRQHandler                          
00001173  TA2_N_IRQHandler                          
00001173  TA3_0_IRQHandler                          
00001173  TA3_N_IRQHandler                          
00001173  UsageFault_Handler                        
4000480c  WDTCTL_SYM                                
00001173  WDT_A_IRQHandler                          
000010ad  WDT_A_holdTimer                           
20010000  __STACK_END                               
00000200  __STACK_SIZE                              
000019c0  __TI_CINIT_Base                           
000019d0  __TI_CINIT_Limit                          
000019a0  __TI_Handler_Table_Base                   
000019ac  __TI_Handler_Table_Limit                  
00000ead  __TI_auto_init_nobinit_nopinit            
00000df9  __TI_decompress_lzss                      
00001159  __TI_decompress_none                      
ffffffff  __TI_pprof_out_hndl                       
ffffffff  __TI_prof_data_size                       
ffffffff  __TI_prof_data_start                      
00000000  __TI_static_base__                        
00001175  __TI_zero_init                            
00000d15  __aeabi_memclr                            
00000d15  __aeabi_memclr4                           
00000d15  __aeabi_memclr8                           
00000b5d  __aeabi_memcpy                            
00000b5d  __aeabi_memcpy4                           
00000b5d  __aeabi_memcpy8                           
00000d17  __aeabi_memset                            
00000d17  __aeabi_memset4                           
00000d17  __aeabi_memset8                           
ffffffff  __binit__                                 
ffffffff  __c_args__                                
UNDEFED   __mpu_init                                
2000fe00  __stack                                   
00000f71  _c_int00_noargs                           
UNDEFED   _system_post_cinit                        
00001185  _system_pre_init                          
00001189  abort                                     
ffffffff  binit                                     
0000098d  createLabel                               
00000dc9  digitalHigh                               
00000db7  digitalLow                                
00000ddb  digitalRead                               
0000085f  gfxGetGlyph                               
000008c9  gfxGetGlyphHeight                         
000008a7  gfxGetGlyphWidth                          
000008d9  gfxGetTextWidth                           
00000749  gfxInit                                   
0000090f  gfxPlaceBitmap                            
0000075d  gfxWriteText                              
00000439  initEPD                                   
00000000  interruptVectors                          
20001338  labelTemplateHandle                       
00000fa9  main                                      
00000b5d  memcpy                                    
00000d1d  memset                                    
00000419  powerON                                   
00000423  powerOff                                  
000009b7  printLabel                                
20001340  result                                    
20001280  resultLabel                               
20001336  retVal                                    
00001970  spiMasterConfig                           
00001145  strlen                                    
0000065f  turnBlack                                 
000005ed  turnWhite                                 
000006d1  turnYellow                                
00000523  updateEPD                                 
00000c0f  writeCMD                                  
00000c3b  writeData                                 


GLOBAL SYMBOLS: SORTED BY Symbol Address 

address   name                                      
-------   ----                                      
00000000  __TI_static_base__                        
00000000  interruptVectors                          
000000e5  SystemCoreClockUpdate                     
00000200  __STACK_SIZE                              
0000035d  SystemInit                                
00000419  powerON                                   
00000423  powerOff                                  
00000439  initEPD                                   
00000523  updateEPD                                 
000005ed  turnWhite                                 
0000065f  turnBlack                                 
000006d1  turnYellow                                
00000749  gfxInit                                   
0000075d  gfxWriteText                              
0000085f  gfxGetGlyph                               
000008a7  gfxGetGlyphWidth                          
000008c9  gfxGetGlyphHeight                         
000008d9  gfxGetTextWidth                           
0000090f  gfxPlaceBitmap                            
0000098d  createLabel                               
000009b7  printLabel                                
00000aad  SPI_initMaster                            
00000b5d  __aeabi_memcpy                            
00000b5d  __aeabi_memcpy4                           
00000b5d  __aeabi_memcpy8                           
00000b5d  memcpy                                    
00000bf9  SPI_Init                                  
00000c0f  writeCMD                                  
00000c3b  writeData                                 
00000c67  SPI_transmit                              
00000c8d  GPIO_setAsPeripheralModuleFunctionInputPin
00000d15  __aeabi_memclr                            
00000d15  __aeabi_memclr4                           
00000d15  __aeabi_memclr8                           
00000d17  __aeabi_memset                            
00000d17  __aeabi_memset4                           
00000d17  __aeabi_memset8                           
00000d1d  memset                                    
00000d91  GPIO_Init                                 
00000db7  digitalLow                                
00000dc9  digitalHigh                               
00000ddb  digitalRead                               
00000df9  __TI_decompress_lzss                      
00000e61  GPIO_setAsInputPin                        
00000ead  __TI_auto_init_nobinit_nopinit            
00000ef1  GPIO_setAsOutputPin                       
00000f71  _c_int00_noargs                           
00000fa9  main                                      
00000fdd  GPIO_getInputPinValue                     
0000100d  GPIO_setOutputHighOnPin                   
00001035  GPIO_setOutputLowOnPin                    
0000105d  PCM_gotoLPM0                              
00001085  SPI_transmitData                          
000010ad  WDT_A_holdTimer                           
000010d1  SPI_enableModule                          
000010ed  EUSCI_A_SPI_enable                        
00001103  EUSCI_A_SPI_transmitData                  
00001119  EUSCI_B_SPI_enable                        
0000112f  EUSCI_B_SPI_transmitData                  
00001145  strlen                                    
00001159  __TI_decompress_none                      
00001167  Reset_Handler                             
00001173  ADC14_IRQHandler                          
00001173  AES256_IRQHandler                         
00001173  BusFault_Handler                          
00001173  COMP_E0_IRQHandler                        
00001173  COMP_E1_IRQHandler                        
00001173  CS_IRQHandler                             
00001173  DMA_ERR_IRQHandler                        
00001173  DMA_INT0_IRQHandler                       
00001173  DMA_INT1_IRQHandler                       
00001173  DMA_INT2_IRQHandler                       
00001173  DMA_INT3_IRQHandler                       
00001173  DebugMon_Handler                          
00001173  Default_Handler                           
00001173  EUSCIA0_IRQHandler                        
00001173  EUSCIA1_IRQHandler                        
00001173  EUSCIA2_IRQHandler                        
00001173  EUSCIA3_IRQHandler                        
00001173  EUSCIB0_IRQHandler                        
00001173  EUSCIB1_IRQHandler                        
00001173  EUSCIB2_IRQHandler                        
00001173  EUSCIB3_IRQHandler                        
00001173  FLCTL_IRQHandler                          
00001173  FPU_IRQHandler                            
00001173  HardFault_Handler                         
00001173  MemManage_Handler                         
00001173  NMI_Handler                               
00001173  PCM_IRQHandler                            
00001173  PORT1_IRQHandler                          
00001173  PORT2_IRQHandler                          
00001173  PORT3_IRQHandler                          
00001173  PORT4_IRQHandler                          
00001173  PORT5_IRQHandler                          
00001173  PORT6_IRQHandler                          
00001173  PSS_IRQHandler                            
00001173  PendSV_Handler                            
00001173  RTC_C_IRQHandler                          
00001173  SVC_Handler                               
00001173  SysTick_Handler                           
00001173  T32_INT1_IRQHandler                       
00001173  T32_INT2_IRQHandler                       
00001173  T32_INTC_IRQHandler                       
00001173  TA0_0_IRQHandler                          
00001173  TA0_N_IRQHandler                          
00001173  TA1_0_IRQHandler                          
00001173  TA1_N_IRQHandler                          
00001173  TA2_0_IRQHandler                          
00001173  TA2_N_IRQHandler                          
00001173  TA3_0_IRQHandler                          
00001173  TA3_N_IRQHandler                          
00001173  UsageFault_Handler                        
00001173  WDT_A_IRQHandler                          
00001175  __TI_zero_init                            
00001181  CPU_wfi                                   
00001185  _system_pre_init                          
00001189  C$$EXIT                                   
00001189  abort                                     
00001970  spiMasterConfig                           
0000198c  FONT_ubuntu_bold_16                       
00001998  BITMAP_ubuntu_bold_16                     
000019a0  __TI_Handler_Table_Base                   
000019ac  __TI_Handler_Table_Limit                  
000019c0  __TI_CINIT_Base                           
000019d0  __TI_CINIT_Limit                          
20000000  GLOBAL_framebuffer                        
20001280  resultLabel                               
20001336  retVal                                    
20001338  labelTemplateHandle                       
2000133c  SystemCoreClock                           
20001340  result                                    
2000fe00  __stack                                   
20010000  __STACK_END                               
4000480c  WDTCTL_SYM                                
ffffffff  __TI_pprof_out_hndl                       
ffffffff  __TI_prof_data_size                       
ffffffff  __TI_prof_data_start                      
ffffffff  __binit__                                 
ffffffff  __c_args__                                
ffffffff  binit                                     
UNDEFED   Json_createTemplate                       
UNDEFED   __mpu_init                                
UNDEFED   _system_post_cinit                        

[143 symbols]
