******************************************************************************
                  TI ARM Linker Unix v18.1.4                   
******************************************************************************
>> Linked Sat Mar 21 22:34:02 2020

OUTPUT FILE NAME:   <spi_3wire_incrementing_data-master_MSP_EXP432P401R_nortos_ccs.out>
ENTRY POINT SYMBOL: "_c_int00_noargs"  address: 00000641


MEMORY CONFIGURATION

         name            origin    length      used     unused   attr    fill
----------------------  --------  ---------  --------  --------  ----  --------
  MAIN                  00000000   00040000  000008f6  0003f70a  R  X
  INFO                  00200000   00004000  00000000  00004000  R  X
  SRAM_CODE             01000000   00010000  00000202  0000fdfe  RW X
  SRAM_DATA             20000000   00010000  00000202  0000fdfe  RW  


SEGMENT ALLOCATION MAP

run origin  load origin   length   init length attrs members
----------  ----------- ---------- ----------- ----- -------
00000000    00000000    000008f8   000008f8    r-x
  00000000    00000000    000000e4   000000e4    r-- .intvecs
  000000e4    000000e4    00000796   00000796    r-x .text
  0000087c    0000087c    0000004c   0000004c    r-- .const
  000008c8    000008c8    00000030   00000030    r-- .cinit
20000000    20000000    00000002   00000000    rw-
  20000000    20000000    00000001   00000000    rw- .bss
  20000001    20000001    00000001   00000000    rw- .data
2000fe00    2000fe00    00000200   00000000    rw-
  2000fe00    2000fe00    00000200   00000000    rw- .stack


SECTION ALLOCATION MAP

 output                                  attributes/
section   page    origin      length       input sections
--------  ----  ----------  ----------   ----------------
.intvecs   0    00000000    000000e4     
                  00000000    000000e4     startup_msp432p401r_ccs.obj (.intvecs:retain)

.text      0    000000e4    00000796     
                  000000e4    000000b0     msp432p4xx_driverlib.lib : spi.o (.text:SPI_initMaster)
                  00000194    0000009c     rtsv7M4_T_le_v4SPD16_eabi.lib : memcpy_t2.asm.obj (.text)
                  00000230    00000098     spi_3wire_incrementing_data-master.obj (.text:initEPD)
                  000002c8    00000088     msp432p4xx_driverlib.lib : gpio.o (.text:GPIO_setAsPeripheralModuleFunctionInputPin)
                  00000350    00000078     system_msp432p401r.obj (.text:SystemInit)
                  000003c8    00000068     rtsv7M4_T_le_v4SPD16_eabi.lib : copy_decompress_lzss.c.obj (.text:decompress:lzss:__TI_decompress_lzss)
                  00000430    0000004c     msp432p4xx_driverlib.lib : gpio.o (.text:GPIO_setAsInputPin)
                  0000047c    00000048     spi_3wire_incrementing_data-master.obj (.text:initDevices)
                  000004c4    00000044     rtsv7M4_T_le_v4SPD16_eabi.lib : autoinit.c.obj (.text:__TI_auto_init_nobinit_nopinit:__TI_auto_init_nobinit_nopinit)
                  00000508    00000040     msp432p4xx_driverlib.lib : gpio.o (.text:GPIO_setAsOutputPin)
                  00000548    00000040     spi_3wire_incrementing_data-master.obj (.text:digitalRead)
                  00000588    00000040     msp432p4xx_driverlib.lib : spi.o (.text:is_A_Module)
                  000005c8    0000003c     spi_3wire_incrementing_data-master.obj (.text:writeCMD)
                  00000604    0000003c     spi_3wire_incrementing_data-master.obj (.text:writeData)
                  00000640    00000038     rtsv7M4_T_le_v4SPD16_eabi.lib : boot_cortex_m.c.obj (.text:_c_int00_noargs:_c_int00_noargs)
                  00000678    00000030     msp432p4xx_driverlib.lib : gpio.o (.text:GPIO_getInputPinValue)
                  000006a8    00000028                              : gpio.o (.text:GPIO_setOutputHighOnPin)
                  000006d0    00000028                              : gpio.o (.text:GPIO_setOutputLowOnPin)
                  000006f8    00000028                              : spi.o (.text:SPI_getInterruptStatus)
                  00000720    00000028     spi_3wire_incrementing_data-master.obj (.text:digitalWrite)
                  00000748    00000026     msp432p4xx_driverlib.lib : spi.o (.text:SPI_transmitData)
                  0000076e    00000002     startup_msp432p401r_ccs.obj (.text:Default_Handler)
                  00000770    00000024     msp432p4xx_driverlib.lib : wdt_a.o (.text:WDT_A_holdTimer)
                  00000794    0000001c                              : spi.o (.text:SPI_enableModule)
                  000007b0    00000018                              : spi.o (.text:EUSCI_A_SPI_getInterruptStatus)
                  000007c8    00000018                              : spi.o (.text:EUSCI_B_SPI_getInterruptStatus)
                  000007e0    00000016                              : spi.o (.text:EUSCI_A_SPI_enable)
                  000007f6    00000016                              : spi.o (.text:EUSCI_A_SPI_transmitData)
                  0000080c    00000016                              : spi.o (.text:EUSCI_B_SPI_enable)
                  00000822    00000016                              : spi.o (.text:EUSCI_B_SPI_transmitData)
                  00000838    00000012     rtsv7M4_T_le_v4SPD16_eabi.lib : copy_zero_init.c.obj (.text:decompress:ZI:__TI_zero_init_nomemset:__TI_zero_init_nomemset)
                  0000084a    0000000e                                   : copy_decompress_none.c.obj (.text:decompress:none:__TI_decompress_none)
                  00000858    0000000e     spi_3wire_incrementing_data-master.obj (.text:main)
                  00000866    0000000c     startup_msp432p401r_ccs.obj (.text:Reset_Handler)
                  00000872    00000004     rtsv7M4_T_le_v4SPD16_eabi.lib : pre_init.c.obj (.text:_system_pre_init)
                  00000876    00000004                                   : exit.c.obj (.text:abort:abort)

.const     0    0000087c    0000004c     
                  0000087c    00000030     msp432p4xx_driverlib.lib : gpio.o (.const:GPIO_PORT_TO_BASE)
                  000008ac    0000001c     spi_3wire_incrementing_data-master.obj (.const:spiMasterConfig)

.cinit     0    000008c8    00000030     
                  000008c8    0000000c     (__TI_handler_table)
                  000008d4    00000004     --HOLE-- [fill = 0]
                  000008d8    00000008     (.cinit..bss.load) [load image, compression = zero_init]
                  000008e0    00000005     (.cinit..data.load) [load image, compression = lzss]
                  000008e5    00000003     --HOLE-- [fill = 0]
                  000008e8    00000010     (__TI_cinit_table)

.init_array 
*          0    00000000    00000000     UNINITIALIZED

.binit     0    00000000    00000000     

.bss       0    20000000    00000001     UNINITIALIZED
                  20000000    00000001     (.common:j)

.data      0    20000001    00000001     UNINITIALIZED
                  20000001    00000001     spi_3wire_incrementing_data-master.obj (.data)

.stack     0    2000fe00    00000200     UNINITIALIZED
                  2000fe00    00000004     rtsv7M4_T_le_v4SPD16_eabi.lib : boot_cortex_m.c.obj (.stack)
                  2000fe04    000001fc     --HOLE--

MODULE SUMMARY

       Module                                   code   ro data   rw data
       ------                                   ----   -------   -------
    ./
       spi_3wire_incrementing_data-master.obj   462    28        4      
       system_msp432p401r.obj                   120    0         0      
    +--+----------------------------------------+------+---------+---------+
       Total:                                   582    28        4      
                                                                        
    ./ccs/
       startup_msp432p401r_ccs.obj              14     228       0      
    +--+----------------------------------------+------+---------+---------+
       Total:                                   14     228       0      
                                                                        
    /home/andres/ti/ccsv8/tools/compiler/ti-cgt-arm_18.1.4.LTS/lib/rtsv7M4_T_le_v4SPD16_eabi.lib
       memcpy_t2.asm.obj                        156    0         0      
       copy_decompress_lzss.c.obj               104    0         0      
       autoinit.c.obj                           68     0         0      
       boot_cortex_m.c.obj                      56     0         0      
       copy_zero_init.c.obj                     18     0         0      
       copy_decompress_none.c.obj               14     0         0      
       exit.c.obj                               4      0         0      
       pre_init.c.obj                           4      0         0      
    +--+----------------------------------------+------+---------+---------+
       Total:                                   424    0         0      
                                                                        
    /home/andres/ti/simplelink_msp432p4_sdk_3_40_01_02/source/ti/devices/msp432p4xx/driverlib/ccs/msp432p4xx_driverlib.lib
       spi.o                                    482    0         0      
       gpio.o                                   404    48        0      
       wdt_a.o                                  36     0         0      
    +--+----------------------------------------+------+---------+---------+
       Total:                                   922    48        0      
                                                                        
       Stack:                                   0      0         1024   
       Linker Generated:                        0      41        0      
    +--+----------------------------------------+------+---------+---------+
       Grand Total:                             1942   345       1028   


LINKER GENERATED COPY TABLES

__TI_cinit_table @ 000008e8 records: 2, size/record: 8, table size: 16
	.bss: load addr=000008d8, load size=00000008 bytes, run addr=20000000, run size=00000001 bytes, compression=zero_init
	.data: load addr=000008e0, load size=00000005 bytes, run addr=20000001, run size=00000001 bytes, compression=lzss


LINKER GENERATED HANDLER TABLE

__TI_handler_table @ 000008c8 records: 3, size/record: 4, table size: 12
	index: 0, handler: __TI_decompress_lzss
	index: 1, handler: __TI_decompress_none
	index: 2, handler: __TI_zero_init


GLOBAL SYMBOLS: SORTED ALPHABETICALLY BY Name 

address   name                                      
-------   ----                                      
0000076f  ADC14_IRQHandler                          
0000076f  AES256_IRQHandler                         
0000076f  BusFault_Handler                          
00000877  C$$EXIT                                   
0000076f  COMP_E0_IRQHandler                        
0000076f  COMP_E1_IRQHandler                        
0000076f  CS_IRQHandler                             
0000076f  DMA_ERR_IRQHandler                        
0000076f  DMA_INT0_IRQHandler                       
0000076f  DMA_INT1_IRQHandler                       
0000076f  DMA_INT2_IRQHandler                       
0000076f  DMA_INT3_IRQHandler                       
0000076f  DebugMon_Handler                          
0000076f  Default_Handler                           
0000076f  EUSCIA0_IRQHandler                        
0000076f  EUSCIA1_IRQHandler                        
0000076f  EUSCIA2_IRQHandler                        
0000076f  EUSCIA3_IRQHandler                        
0000076f  EUSCIB0_IRQHandler                        
0000076f  EUSCIB1_IRQHandler                        
0000076f  EUSCIB2_IRQHandler                        
0000076f  EUSCIB3_IRQHandler                        
000007e1  EUSCI_A_SPI_enable                        
000007b1  EUSCI_A_SPI_getInterruptStatus            
000007f7  EUSCI_A_SPI_transmitData                  
0000080d  EUSCI_B_SPI_enable                        
000007c9  EUSCI_B_SPI_getInterruptStatus            
00000823  EUSCI_B_SPI_transmitData                  
0000076f  FLCTL_IRQHandler                          
0000076f  FPU_IRQHandler                            
00000679  GPIO_getInputPinValue                     
00000431  GPIO_setAsInputPin                        
00000509  GPIO_setAsOutputPin                       
000002c9  GPIO_setAsPeripheralModuleFunctionInputPin
000006a9  GPIO_setOutputHighOnPin                   
000006d1  GPIO_setOutputLowOnPin                    
0000076f  HardFault_Handler                         
0000076f  MemManage_Handler                         
0000076f  NMI_Handler                               
0000076f  PCM_IRQHandler                            
0000076f  PORT1_IRQHandler                          
0000076f  PORT2_IRQHandler                          
0000076f  PORT3_IRQHandler                          
0000076f  PORT4_IRQHandler                          
0000076f  PORT5_IRQHandler                          
0000076f  PORT6_IRQHandler                          
0000076f  PSS_IRQHandler                            
0000076f  PendSV_Handler                            
0000076f  RTC_C_IRQHandler                          
00000867  Reset_Handler                             
00000795  SPI_enableModule                          
000006f9  SPI_getInterruptStatus                    
000000e5  SPI_initMaster                            
00000749  SPI_transmitData                          
0000076f  SVC_Handler                               
0000076f  SysTick_Handler                           
00000351  SystemInit                                
0000076f  T32_INT1_IRQHandler                       
0000076f  T32_INT2_IRQHandler                       
0000076f  T32_INTC_IRQHandler                       
0000076f  TA0_0_IRQHandler                          
0000076f  TA0_N_IRQHandler                          
0000076f  TA1_0_IRQHandler                          
0000076f  TA1_N_IRQHandler                          
0000076f  TA2_0_IRQHandler                          
0000076f  TA2_N_IRQHandler                          
0000076f  TA3_0_IRQHandler                          
0000076f  TA3_N_IRQHandler                          
0000076f  UsageFault_Handler                        
4000480c  WDTCTL_SYM                                
0000076f  WDT_A_IRQHandler                          
00000771  WDT_A_holdTimer                           
20010000  __STACK_END                               
00000200  __STACK_SIZE                              
000008e8  __TI_CINIT_Base                           
000008f8  __TI_CINIT_Limit                          
000008c8  __TI_Handler_Table_Base                   
000008d4  __TI_Handler_Table_Limit                  
000004c5  __TI_auto_init_nobinit_nopinit            
000003c9  __TI_decompress_lzss                      
0000084b  __TI_decompress_none                      
ffffffff  __TI_pprof_out_hndl                       
ffffffff  __TI_prof_data_size                       
ffffffff  __TI_prof_data_start                      
00000000  __TI_static_base__                        
00000839  __TI_zero_init_nomemset                   
00000195  __aeabi_memcpy                            
00000195  __aeabi_memcpy4                           
00000195  __aeabi_memcpy8                           
ffffffff  __binit__                                 
ffffffff  __c_args__                                
UNDEFED   __mpu_init                                
2000fe00  __stack                                   
00000641  _c_int00_noargs                           
UNDEFED   _system_post_cinit                        
00000873  _system_pre_init                          
00000877  abort                                     
ffffffff  binit                                     
00000549  digitalRead                               
00000721  digitalWrite                              
0000047d  initDevices                               
00000231  initEPD                                   
00000000  interruptVectors                          
20000000  j                                         
00000859  main                                      
00000195  memcpy                                    
20000001  result                                    
000008ac  spiMasterConfig                           
000005c9  writeCMD                                  
00000605  writeData                                 


GLOBAL SYMBOLS: SORTED BY Symbol Address 

address   name                                      
-------   ----                                      
00000000  __TI_static_base__                        
00000000  interruptVectors                          
000000e5  SPI_initMaster                            
00000195  __aeabi_memcpy                            
00000195  __aeabi_memcpy4                           
00000195  __aeabi_memcpy8                           
00000195  memcpy                                    
00000200  __STACK_SIZE                              
00000231  initEPD                                   
000002c9  GPIO_setAsPeripheralModuleFunctionInputPin
00000351  SystemInit                                
000003c9  __TI_decompress_lzss                      
00000431  GPIO_setAsInputPin                        
0000047d  initDevices                               
000004c5  __TI_auto_init_nobinit_nopinit            
00000509  GPIO_setAsOutputPin                       
00000549  digitalRead                               
000005c9  writeCMD                                  
00000605  writeData                                 
00000641  _c_int00_noargs                           
00000679  GPIO_getInputPinValue                     
000006a9  GPIO_setOutputHighOnPin                   
000006d1  GPIO_setOutputLowOnPin                    
000006f9  SPI_getInterruptStatus                    
00000721  digitalWrite                              
00000749  SPI_transmitData                          
0000076f  ADC14_IRQHandler                          
0000076f  AES256_IRQHandler                         
0000076f  BusFault_Handler                          
0000076f  COMP_E0_IRQHandler                        
0000076f  COMP_E1_IRQHandler                        
0000076f  CS_IRQHandler                             
0000076f  DMA_ERR_IRQHandler                        
0000076f  DMA_INT0_IRQHandler                       
0000076f  DMA_INT1_IRQHandler                       
0000076f  DMA_INT2_IRQHandler                       
0000076f  DMA_INT3_IRQHandler                       
0000076f  DebugMon_Handler                          
0000076f  Default_Handler                           
0000076f  EUSCIA0_IRQHandler                        
0000076f  EUSCIA1_IRQHandler                        
0000076f  EUSCIA2_IRQHandler                        
0000076f  EUSCIA3_IRQHandler                        
0000076f  EUSCIB0_IRQHandler                        
0000076f  EUSCIB1_IRQHandler                        
0000076f  EUSCIB2_IRQHandler                        
0000076f  EUSCIB3_IRQHandler                        
0000076f  FLCTL_IRQHandler                          
0000076f  FPU_IRQHandler                            
0000076f  HardFault_Handler                         
0000076f  MemManage_Handler                         
0000076f  NMI_Handler                               
0000076f  PCM_IRQHandler                            
0000076f  PORT1_IRQHandler                          
0000076f  PORT2_IRQHandler                          
0000076f  PORT3_IRQHandler                          
0000076f  PORT4_IRQHandler                          
0000076f  PORT5_IRQHandler                          
0000076f  PORT6_IRQHandler                          
0000076f  PSS_IRQHandler                            
0000076f  PendSV_Handler                            
0000076f  RTC_C_IRQHandler                          
0000076f  SVC_Handler                               
0000076f  SysTick_Handler                           
0000076f  T32_INT1_IRQHandler                       
0000076f  T32_INT2_IRQHandler                       
0000076f  T32_INTC_IRQHandler                       
0000076f  TA0_0_IRQHandler                          
0000076f  TA0_N_IRQHandler                          
0000076f  TA1_0_IRQHandler                          
0000076f  TA1_N_IRQHandler                          
0000076f  TA2_0_IRQHandler                          
0000076f  TA2_N_IRQHandler                          
0000076f  TA3_0_IRQHandler                          
0000076f  TA3_N_IRQHandler                          
0000076f  UsageFault_Handler                        
0000076f  WDT_A_IRQHandler                          
00000771  WDT_A_holdTimer                           
00000795  SPI_enableModule                          
000007b1  EUSCI_A_SPI_getInterruptStatus            
000007c9  EUSCI_B_SPI_getInterruptStatus            
000007e1  EUSCI_A_SPI_enable                        
000007f7  EUSCI_A_SPI_transmitData                  
0000080d  EUSCI_B_SPI_enable                        
00000823  EUSCI_B_SPI_transmitData                  
00000839  __TI_zero_init_nomemset                   
0000084b  __TI_decompress_none                      
00000859  main                                      
00000867  Reset_Handler                             
00000873  _system_pre_init                          
00000877  C$$EXIT                                   
00000877  abort                                     
000008ac  spiMasterConfig                           
000008c8  __TI_Handler_Table_Base                   
000008d4  __TI_Handler_Table_Limit                  
000008e8  __TI_CINIT_Base                           
000008f8  __TI_CINIT_Limit                          
20000000  j                                         
20000001  result                                    
2000fe00  __stack                                   
20010000  __STACK_END                               
4000480c  WDTCTL_SYM                                
ffffffff  __TI_pprof_out_hndl                       
ffffffff  __TI_prof_data_size                       
ffffffff  __TI_prof_data_start                      
ffffffff  __binit__                                 
ffffffff  __c_args__                                
ffffffff  binit                                     
UNDEFED   __mpu_init                                
UNDEFED   _system_post_cinit                        

[110 symbols]
