******************************************************************************
                  TI ARM Linker Unix v18.1.4                   
******************************************************************************
>> Linked Fri Mar 27 20:49:10 2020

OUTPUT FILE NAME:   <spi_3wire_incrementing_data-master_MSP_EXP432P401R_nortos_ccs.out>
ENTRY POINT SYMBOL: "_c_int00_noargs"  address: 00000645


MEMORY CONFIGURATION

         name            origin    length      used     unused   attr    fill
----------------------  --------  ---------  --------  --------  ----  --------
  MAIN                  00000000   00040000  00000970  0003f690  R  X
  INFO                  00200000   00004000  00000000  00004000  R  X
  SRAM_CODE             01000000   00010000  00000202  0000fdfe  RW X
  SRAM_DATA             20000000   00010000  00000202  0000fdfe  RW  


SEGMENT ALLOCATION MAP

run origin  load origin   length   init length attrs members
----------  ----------- ---------- ----------- ----- -------
00000000    00000000    00000970   00000970    r-x
  00000000    00000000    000000e4   000000e4    r-- .intvecs
  000000e4    000000e4    00000810   00000810    r-x .text
  000008f4    000008f4    0000004c   0000004c    r-- .const
  00000940    00000940    00000030   00000030    r-- .cinit
20000000    20000000    00000002   00000000    rw-
  20000000    20000000    00000001   00000000    rw- .bss
  20000001    20000001    00000001   00000000    rw- .data
2000fe00    2000fe00    00000200   00000000    rw-
  2000fe00    2000fe00    00000200   00000000    rw- .stack


SECTION ALLOCATION MAP

 output                                  attributes/
section   page    origin      length       input sections
--------  ----  ----------  ----------   ----------------
.intvecs   0    00000000    000000e4     
                  00000000    000000e4     startup_msp432p401r_ccs.obj (.intvecs:retain)

.text      0    000000e4    00000810     
                  000000e4    000000b0     msp432p4xx_driverlib.lib : spi.o (.text:SPI_initMaster)
                  00000194    0000009c     rtsv7M4_T_le_v4SPD16_eabi.lib : memcpy_t2.asm.obj (.text)
                  00000230    00000098     spi_3wire_incrementing_data-master.obj (.text:initEPD)
                  000002c8    00000090     spi_3wire_incrementing_data-master.obj (.text:initDevices)
                  00000358    00000088     msp432p4xx_driverlib.lib : gpio.o (.text:GPIO_setAsPeripheralModuleFunctionInputPin)
                  000003e0    00000078     system_msp432p401r.obj (.text:SystemInit)
                  00000458    00000072     spi_3wire_incrementing_data-master.obj (.text:turnBlack)
                  000004ca    00000068     rtsv7M4_T_le_v4SPD16_eabi.lib : copy_decompress_lzss.c.obj (.text:decompress:lzss:__TI_decompress_lzss)
                  00000532    00000002     startup_msp432p401r_ccs.obj (.text:Default_Handler)
                  00000534    0000004c     msp432p4xx_driverlib.lib : gpio.o (.text:GPIO_setAsInputPin)
                  00000580    00000044     rtsv7M4_T_le_v4SPD16_eabi.lib : autoinit.c.obj (.text:__TI_auto_init_nobinit_nopinit:__TI_auto_init_nobinit_nopinit)
                  000005c4    00000040     msp432p4xx_driverlib.lib : gpio.o (.text:GPIO_setAsOutputPin)
                  00000604    00000040                              : spi.o (.text:is_A_Module)
                  00000644    00000038     rtsv7M4_T_le_v4SPD16_eabi.lib : boot_cortex_m.c.obj (.text:_c_int00_noargs:_c_int00_noargs)
                  0000067c    00000030     msp432p4xx_driverlib.lib : gpio.o (.text:GPIO_getInputPinValue)
                  000006ac    00000030     spi_3wire_incrementing_data-master.obj (.text:writeCMD)
                  000006dc    00000030     spi_3wire_incrementing_data-master.obj (.text:writeData)
                  0000070c    00000028     msp432p4xx_driverlib.lib : gpio.o (.text:GPIO_setOutputHighOnPin)
                  00000734    00000028                              : gpio.o (.text:GPIO_setOutputLowOnPin)
                  0000075c    00000028                              : pcm.o (.text:PCM_gotoLPM0)
                  00000784    00000026                              : spi.o (.text:SPI_transmitData)
                  000007aa    00000002     --HOLE-- [fill = 0]
                  000007ac    00000024                              : wdt_a.o (.text:WDT_A_holdTimer)
                  000007d0    00000020     spi_3wire_incrementing_data-master.obj (.text:digitalRead)
                  000007f0    0000001c     msp432p4xx_driverlib.lib : spi.o (.text:SPI_enableModule)
                  0000080c    00000016                              : spi.o (.text:EUSCI_A_SPI_enable)
                  00000822    00000016                              : spi.o (.text:EUSCI_A_SPI_transmitData)
                  00000838    00000016                              : spi.o (.text:EUSCI_B_SPI_enable)
                  0000084e    00000016                              : spi.o (.text:EUSCI_B_SPI_transmitData)
                  00000864    00000016     spi_3wire_incrementing_data-master.obj (.text:powerOff)
                  0000087a    00000014     spi_3wire_incrementing_data-master.obj (.text:main)
                  0000088e    00000012     rtsv7M4_T_le_v4SPD16_eabi.lib : copy_zero_init.c.obj (.text:decompress:ZI:__TI_zero_init_nomemset:__TI_zero_init_nomemset)
                  000008a0    00000012     spi_3wire_incrementing_data-master.obj (.text:digitalHigh)
                  000008b2    00000012     spi_3wire_incrementing_data-master.obj (.text:digitalLow)
                  000008c4    0000000e     rtsv7M4_T_le_v4SPD16_eabi.lib : copy_decompress_none.c.obj (.text:decompress:none:__TI_decompress_none)
                  000008d2    0000000c     startup_msp432p401r_ccs.obj (.text:Reset_Handler)
                  000008de    0000000a     spi_3wire_incrementing_data-master.obj (.text:powerON)
                  000008e8    00000004     msp432p4xx_driverlib.lib : cpu.o (.text:CPU_wfi)
                  000008ec    00000004     rtsv7M4_T_le_v4SPD16_eabi.lib : pre_init.c.obj (.text:_system_pre_init)
                  000008f0    00000004                                   : exit.c.obj (.text:abort:abort)

.const     0    000008f4    0000004c     
                  000008f4    00000030     msp432p4xx_driverlib.lib : gpio.o (.const:GPIO_PORT_TO_BASE)
                  00000924    0000001c     spi_3wire_incrementing_data-master.obj (.const:spiMasterConfig)

.cinit     0    00000940    00000030     
                  00000940    0000000c     (__TI_handler_table)
                  0000094c    00000004     --HOLE-- [fill = 0]
                  00000950    00000008     (.cinit..bss.load) [load image, compression = zero_init]
                  00000958    00000005     (.cinit..data.load) [load image, compression = lzss]
                  0000095d    00000003     --HOLE-- [fill = 0]
                  00000960    00000010     (__TI_cinit_table)

.init_array 
*          0    00000000    00000000     UNINITIALIZED

.binit     0    00000000    00000000     

.bss       0    20000000    00000001     UNINITIALIZED
                  20000000    00000001     (.common:j)

.data      0    20000001    00000001     UNINITIALIZED
                  20000001    00000001     spi_3wire_incrementing_data-master.obj (.data)

.stack     0    2000fe00    00000200     UNINITIALIZED
                  2000fe00    00000004     rtsv7M4_T_le_v4SPD16_eabi.lib : boot_cortex_m.c.obj (.stack)
                  2000fe04    000001fc     --HOLE--

MODULE SUMMARY

       Module                                   code   ro data   rw data
       ------                                   ----   -------   -------
    ./
       spi_3wire_incrementing_data-master.obj   626    28        4      
       system_msp432p401r.obj                   120    0         0      
    +--+----------------------------------------+------+---------+---------+
       Total:                                   746    28        4      
                                                                        
    ./ccs/
       startup_msp432p401r_ccs.obj              14     228       0      
    +--+----------------------------------------+------+---------+---------+
       Total:                                   14     228       0      
                                                                        
    /home/andres/ti/ccsv8/tools/compiler/ti-cgt-arm_18.1.4.LTS/lib/rtsv7M4_T_le_v4SPD16_eabi.lib
       memcpy_t2.asm.obj                        156    0         0      
       copy_decompress_lzss.c.obj               104    0         0      
       autoinit.c.obj                           68     0         0      
       boot_cortex_m.c.obj                      56     0         0      
       copy_zero_init.c.obj                     18     0         0      
       copy_decompress_none.c.obj               14     0         0      
       exit.c.obj                               4      0         0      
       pre_init.c.obj                           4      0         0      
    +--+----------------------------------------+------+---------+---------+
       Total:                                   424    0         0      
                                                                        
    /home/andres/ti/simplelink_msp432p4_sdk_3_40_01_02/source/ti/devices/msp432p4xx/driverlib/ccs/msp432p4xx_driverlib.lib
       gpio.o                                   404    48        0      
       spi.o                                    394    0         0      
       pcm.o                                    40     0         0      
       wdt_a.o                                  36     0         0      
       cpu.o                                    4      0         0      
    +--+----------------------------------------+------+---------+---------+
       Total:                                   878    48        0      
                                                                        
       Stack:                                   0      0         1024   
       Linker Generated:                        0      41        0      
    +--+----------------------------------------+------+---------+---------+
       Grand Total:                             2062   345       1028   


LINKER GENERATED COPY TABLES

__TI_cinit_table @ 00000960 records: 2, size/record: 8, table size: 16
	.bss: load addr=00000950, load size=00000008 bytes, run addr=20000000, run size=00000001 bytes, compression=zero_init
	.data: load addr=00000958, load size=00000005 bytes, run addr=20000001, run size=00000001 bytes, compression=lzss


LINKER GENERATED HANDLER TABLE

__TI_handler_table @ 00000940 records: 3, size/record: 4, table size: 12
	index: 0, handler: __TI_decompress_lzss
	index: 1, handler: __TI_decompress_none
	index: 2, handler: __TI_zero_init


GLOBAL SYMBOLS: SORTED ALPHABETICALLY BY Name 

address   name                                      
-------   ----                                      
00000533  ADC14_IRQHandler                          
00000533  AES256_IRQHandler                         
00000533  BusFault_Handler                          
000008f1  C$$EXIT                                   
00000533  COMP_E0_IRQHandler                        
00000533  COMP_E1_IRQHandler                        
000008e9  CPU_wfi                                   
00000533  CS_IRQHandler                             
00000533  DMA_ERR_IRQHandler                        
00000533  DMA_INT0_IRQHandler                       
00000533  DMA_INT1_IRQHandler                       
00000533  DMA_INT2_IRQHandler                       
00000533  DMA_INT3_IRQHandler                       
00000533  DebugMon_Handler                          
00000533  Default_Handler                           
00000533  EUSCIA0_IRQHandler                        
00000533  EUSCIA1_IRQHandler                        
00000533  EUSCIA2_IRQHandler                        
00000533  EUSCIA3_IRQHandler                        
00000533  EUSCIB0_IRQHandler                        
00000533  EUSCIB1_IRQHandler                        
00000533  EUSCIB2_IRQHandler                        
00000533  EUSCIB3_IRQHandler                        
0000080d  EUSCI_A_SPI_enable                        
00000823  EUSCI_A_SPI_transmitData                  
00000839  EUSCI_B_SPI_enable                        
0000084f  EUSCI_B_SPI_transmitData                  
00000533  FLCTL_IRQHandler                          
00000533  FPU_IRQHandler                            
0000067d  GPIO_getInputPinValue                     
00000535  GPIO_setAsInputPin                        
000005c5  GPIO_setAsOutputPin                       
00000359  GPIO_setAsPeripheralModuleFunctionInputPin
0000070d  GPIO_setOutputHighOnPin                   
00000735  GPIO_setOutputLowOnPin                    
00000533  HardFault_Handler                         
00000533  MemManage_Handler                         
00000533  NMI_Handler                               
00000533  PCM_IRQHandler                            
0000075d  PCM_gotoLPM0                              
00000533  PORT1_IRQHandler                          
00000533  PORT2_IRQHandler                          
00000533  PORT3_IRQHandler                          
00000533  PORT4_IRQHandler                          
00000533  PORT5_IRQHandler                          
00000533  PORT6_IRQHandler                          
00000533  PSS_IRQHandler                            
00000533  PendSV_Handler                            
00000533  RTC_C_IRQHandler                          
000008d3  Reset_Handler                             
000007f1  SPI_enableModule                          
000000e5  SPI_initMaster                            
00000785  SPI_transmitData                          
00000533  SVC_Handler                               
00000533  SysTick_Handler                           
000003e1  SystemInit                                
00000533  T32_INT1_IRQHandler                       
00000533  T32_INT2_IRQHandler                       
00000533  T32_INTC_IRQHandler                       
00000533  TA0_0_IRQHandler                          
00000533  TA0_N_IRQHandler                          
00000533  TA1_0_IRQHandler                          
00000533  TA1_N_IRQHandler                          
00000533  TA2_0_IRQHandler                          
00000533  TA2_N_IRQHandler                          
00000533  TA3_0_IRQHandler                          
00000533  TA3_N_IRQHandler                          
00000533  UsageFault_Handler                        
4000480c  WDTCTL_SYM                                
00000533  WDT_A_IRQHandler                          
000007ad  WDT_A_holdTimer                           
20010000  __STACK_END                               
00000200  __STACK_SIZE                              
00000960  __TI_CINIT_Base                           
00000970  __TI_CINIT_Limit                          
00000940  __TI_Handler_Table_Base                   
0000094c  __TI_Handler_Table_Limit                  
00000581  __TI_auto_init_nobinit_nopinit            
000004cb  __TI_decompress_lzss                      
000008c5  __TI_decompress_none                      
ffffffff  __TI_pprof_out_hndl                       
ffffffff  __TI_prof_data_size                       
ffffffff  __TI_prof_data_start                      
00000000  __TI_static_base__                        
0000088f  __TI_zero_init_nomemset                   
00000195  __aeabi_memcpy                            
00000195  __aeabi_memcpy4                           
00000195  __aeabi_memcpy8                           
ffffffff  __binit__                                 
ffffffff  __c_args__                                
UNDEFED   __mpu_init                                
2000fe00  __stack                                   
00000645  _c_int00_noargs                           
UNDEFED   _system_post_cinit                        
000008ed  _system_pre_init                          
000008f1  abort                                     
ffffffff  binit                                     
000008a1  digitalHigh                               
000008b3  digitalLow                                
000007d1  digitalRead                               
000002c9  initDevices                               
00000231  initEPD                                   
00000000  interruptVectors                          
20000000  j                                         
0000087b  main                                      
00000195  memcpy                                    
000008df  powerON                                   
00000865  powerOff                                  
20000001  result                                    
00000924  spiMasterConfig                           
00000459  turnBlack                                 
000006ad  writeCMD                                  
000006dd  writeData                                 


GLOBAL SYMBOLS: SORTED BY Symbol Address 

address   name                                      
-------   ----                                      
00000000  __TI_static_base__                        
00000000  interruptVectors                          
000000e5  SPI_initMaster                            
00000195  __aeabi_memcpy                            
00000195  __aeabi_memcpy4                           
00000195  __aeabi_memcpy8                           
00000195  memcpy                                    
00000200  __STACK_SIZE                              
00000231  initEPD                                   
000002c9  initDevices                               
00000359  GPIO_setAsPeripheralModuleFunctionInputPin
000003e1  SystemInit                                
00000459  turnBlack                                 
000004cb  __TI_decompress_lzss                      
00000533  ADC14_IRQHandler                          
00000533  AES256_IRQHandler                         
00000533  BusFault_Handler                          
00000533  COMP_E0_IRQHandler                        
00000533  COMP_E1_IRQHandler                        
00000533  CS_IRQHandler                             
00000533  DMA_ERR_IRQHandler                        
00000533  DMA_INT0_IRQHandler                       
00000533  DMA_INT1_IRQHandler                       
00000533  DMA_INT2_IRQHandler                       
00000533  DMA_INT3_IRQHandler                       
00000533  DebugMon_Handler                          
00000533  Default_Handler                           
00000533  EUSCIA0_IRQHandler                        
00000533  EUSCIA1_IRQHandler                        
00000533  EUSCIA2_IRQHandler                        
00000533  EUSCIA3_IRQHandler                        
00000533  EUSCIB0_IRQHandler                        
00000533  EUSCIB1_IRQHandler                        
00000533  EUSCIB2_IRQHandler                        
00000533  EUSCIB3_IRQHandler                        
00000533  FLCTL_IRQHandler                          
00000533  FPU_IRQHandler                            
00000533  HardFault_Handler                         
00000533  MemManage_Handler                         
00000533  NMI_Handler                               
00000533  PCM_IRQHandler                            
00000533  PORT1_IRQHandler                          
00000533  PORT2_IRQHandler                          
00000533  PORT3_IRQHandler                          
00000533  PORT4_IRQHandler                          
00000533  PORT5_IRQHandler                          
00000533  PORT6_IRQHandler                          
00000533  PSS_IRQHandler                            
00000533  PendSV_Handler                            
00000533  RTC_C_IRQHandler                          
00000533  SVC_Handler                               
00000533  SysTick_Handler                           
00000533  T32_INT1_IRQHandler                       
00000533  T32_INT2_IRQHandler                       
00000533  T32_INTC_IRQHandler                       
00000533  TA0_0_IRQHandler                          
00000533  TA0_N_IRQHandler                          
00000533  TA1_0_IRQHandler                          
00000533  TA1_N_IRQHandler                          
00000533  TA2_0_IRQHandler                          
00000533  TA2_N_IRQHandler                          
00000533  TA3_0_IRQHandler                          
00000533  TA3_N_IRQHandler                          
00000533  UsageFault_Handler                        
00000533  WDT_A_IRQHandler                          
00000535  GPIO_setAsInputPin                        
00000581  __TI_auto_init_nobinit_nopinit            
000005c5  GPIO_setAsOutputPin                       
00000645  _c_int00_noargs                           
0000067d  GPIO_getInputPinValue                     
000006ad  writeCMD                                  
000006dd  writeData                                 
0000070d  GPIO_setOutputHighOnPin                   
00000735  GPIO_setOutputLowOnPin                    
0000075d  PCM_gotoLPM0                              
00000785  SPI_transmitData                          
000007ad  WDT_A_holdTimer                           
000007d1  digitalRead                               
000007f1  SPI_enableModule                          
0000080d  EUSCI_A_SPI_enable                        
00000823  EUSCI_A_SPI_transmitData                  
00000839  EUSCI_B_SPI_enable                        
0000084f  EUSCI_B_SPI_transmitData                  
00000865  powerOff                                  
0000087b  main                                      
0000088f  __TI_zero_init_nomemset                   
000008a1  digitalHigh                               
000008b3  digitalLow                                
000008c5  __TI_decompress_none                      
000008d3  Reset_Handler                             
000008df  powerON                                   
000008e9  CPU_wfi                                   
000008ed  _system_pre_init                          
000008f1  C$$EXIT                                   
000008f1  abort                                     
00000924  spiMasterConfig                           
00000940  __TI_Handler_Table_Base                   
0000094c  __TI_Handler_Table_Limit                  
00000960  __TI_CINIT_Base                           
00000970  __TI_CINIT_Limit                          
20000000  j                                         
20000001  result                                    
2000fe00  __stack                                   
20010000  __STACK_END                               
4000480c  WDTCTL_SYM                                
ffffffff  __TI_pprof_out_hndl                       
ffffffff  __TI_prof_data_size                       
ffffffff  __TI_prof_data_start                      
ffffffff  __binit__                                 
ffffffff  __c_args__                                
ffffffff  binit                                     
UNDEFED   __mpu_init                                
UNDEFED   _system_post_cinit                        

[113 symbols]
